Archive member included to satisfy reference by file (symbol)

d:/arm-none-eabi-gcc/10 2021.10/bin/../lib/gcc/arm-none-eabi/10.3.1/../../../../arm-none-eabi/lib/thumb/v7-m/nofp\libg_nano.a(lib_a-exit.o)
                              d:/arm-none-eabi-gcc/10 2021.10/bin/../lib/gcc/arm-none-eabi/10.3.1/../../../../arm-none-eabi/lib/thumb/v7-m/nofp/crt0.o (exit)
d:/arm-none-eabi-gcc/10 2021.10/bin/../lib/gcc/arm-none-eabi/10.3.1/../../../../arm-none-eabi/lib/thumb/v7-m/nofp\libg_nano.a(lib_a-impure.o)
                              d:/arm-none-eabi-gcc/10 2021.10/bin/../lib/gcc/arm-none-eabi/10.3.1/../../../../arm-none-eabi/lib/thumb/v7-m/nofp\libg_nano.a(lib_a-exit.o) (_global_impure_ptr)
d:/arm-none-eabi-gcc/10 2021.10/bin/../lib/gcc/arm-none-eabi/10.3.1/../../../../arm-none-eabi/lib/thumb/v7-m/nofp\libg_nano.a(lib_a-init.o)
                              d:/arm-none-eabi-gcc/10 2021.10/bin/../lib/gcc/arm-none-eabi/10.3.1/../../../../arm-none-eabi/lib/thumb/v7-m/nofp/crt0.o (__libc_init_array)
d:/arm-none-eabi-gcc/10 2021.10/bin/../lib/gcc/arm-none-eabi/10.3.1/../../../../arm-none-eabi/lib/thumb/v7-m/nofp\libg_nano.a(lib_a-memcpy-stub.o)
                              CMakeFiles/CLionSTM32Demo.elf.dir/FreeRTOS/queue.c.obj (memcpy)
d:/arm-none-eabi-gcc/10 2021.10/bin/../lib/gcc/arm-none-eabi/10.3.1/../../../../arm-none-eabi/lib/thumb/v7-m/nofp\libg_nano.a(lib_a-memset.o)
                              d:/arm-none-eabi-gcc/10 2021.10/bin/../lib/gcc/arm-none-eabi/10.3.1/../../../../arm-none-eabi/lib/thumb/v7-m/nofp/crt0.o (memset)
d:/arm-none-eabi-gcc/10 2021.10/bin/../lib/gcc/arm-none-eabi/10.3.1/../../../../arm-none-eabi/lib/thumb/v7-m/nofp\libg_nano.a(lib_a-nano-vfprintf_float.o)
                              (_printf_float)
d:/arm-none-eabi-gcc/10 2021.10/bin/../lib/gcc/arm-none-eabi/10.3.1/../../../../arm-none-eabi/lib/thumb/v7-m/nofp\libg_nano.a(lib_a-nano-vfprintf_i.o)
                              d:/arm-none-eabi-gcc/10 2021.10/bin/../lib/gcc/arm-none-eabi/10.3.1/../../../../arm-none-eabi/lib/thumb/v7-m/nofp\libg_nano.a(lib_a-nano-vfprintf_float.o) (_printf_common)
d:/arm-none-eabi-gcc/10 2021.10/bin/../lib/gcc/arm-none-eabi/10.3.1/../../../../arm-none-eabi/lib/thumb/v7-m/nofp\libg_nano.a(lib_a-strlen.o)
                              d:/arm-none-eabi-gcc/10 2021.10/bin/../lib/gcc/arm-none-eabi/10.3.1/../../../../arm-none-eabi/lib/thumb/v7-m/nofp\libg_nano.a(lib_a-nano-vfprintf_float.o) (strlen)
d:/arm-none-eabi-gcc/10 2021.10/bin/../lib/gcc/arm-none-eabi/10.3.1/../../../../arm-none-eabi/lib/thumb/v7-m/nofp\libg_nano.a(lib_a-dtoa.o)
                              d:/arm-none-eabi-gcc/10 2021.10/bin/../lib/gcc/arm-none-eabi/10.3.1/../../../../arm-none-eabi/lib/thumb/v7-m/nofp\libg_nano.a(lib_a-nano-vfprintf_float.o) (_dtoa_r)
d:/arm-none-eabi-gcc/10 2021.10/bin/../lib/gcc/arm-none-eabi/10.3.1/../../../../arm-none-eabi/lib/thumb/v7-m/nofp\libg_nano.a(lib_a-localeconv.o)
                              d:/arm-none-eabi-gcc/10 2021.10/bin/../lib/gcc/arm-none-eabi/10.3.1/../../../../arm-none-eabi/lib/thumb/v7-m/nofp\libg_nano.a(lib_a-nano-vfprintf_float.o) (_localeconv_r)
d:/arm-none-eabi-gcc/10 2021.10/bin/../lib/gcc/arm-none-eabi/10.3.1/../../../../arm-none-eabi/lib/thumb/v7-m/nofp\libg_nano.a(lib_a-malloc.o)
                              d:/arm-none-eabi-gcc/10 2021.10/bin/../lib/gcc/arm-none-eabi/10.3.1/../../../../arm-none-eabi/lib/thumb/v7-m/nofp\libg_nano.a(lib_a-dtoa.o) (malloc)
d:/arm-none-eabi-gcc/10 2021.10/bin/../lib/gcc/arm-none-eabi/10.3.1/../../../../arm-none-eabi/lib/thumb/v7-m/nofp\libg_nano.a(lib_a-memchr-stub.o)
                              d:/arm-none-eabi-gcc/10 2021.10/bin/../lib/gcc/arm-none-eabi/10.3.1/../../../../arm-none-eabi/lib/thumb/v7-m/nofp\libg_nano.a(lib_a-nano-vfprintf_i.o) (memchr)
d:/arm-none-eabi-gcc/10 2021.10/bin/../lib/gcc/arm-none-eabi/10.3.1/../../../../arm-none-eabi/lib/thumb/v7-m/nofp\libg_nano.a(lib_a-mprec.o)
                              d:/arm-none-eabi-gcc/10 2021.10/bin/../lib/gcc/arm-none-eabi/10.3.1/../../../../arm-none-eabi/lib/thumb/v7-m/nofp\libg_nano.a(lib_a-dtoa.o) (_Balloc)
d:/arm-none-eabi-gcc/10 2021.10/bin/../lib/gcc/arm-none-eabi/10.3.1/../../../../arm-none-eabi/lib/thumb/v7-m/nofp\libg_nano.a(lib_a-nano-callocr.o)
                              d:/arm-none-eabi-gcc/10 2021.10/bin/../lib/gcc/arm-none-eabi/10.3.1/../../../../arm-none-eabi/lib/thumb/v7-m/nofp\libg_nano.a(lib_a-mprec.o) (_calloc_r)
d:/arm-none-eabi-gcc/10 2021.10/bin/../lib/gcc/arm-none-eabi/10.3.1/../../../../arm-none-eabi/lib/thumb/v7-m/nofp\libg_nano.a(lib_a-nano-freer.o)
                              d:/arm-none-eabi-gcc/10 2021.10/bin/../lib/gcc/arm-none-eabi/10.3.1/../../../../arm-none-eabi/lib/thumb/v7-m/nofp\libg_nano.a(lib_a-malloc.o) (_free_r)
d:/arm-none-eabi-gcc/10 2021.10/bin/../lib/gcc/arm-none-eabi/10.3.1/../../../../arm-none-eabi/lib/thumb/v7-m/nofp\libg_nano.a(lib_a-nano-mallocr.o)
[...]
Memory Configuration

Name             Origin             Length             Attributes
RAM              0x20000000         0x00005000         xrw
FLASH            0x08000000         0x00010000         xr
*default*        0x00000000         0xffffffff

Linker script and memory map

LOAD d:/arm-none-eabi-gcc/10 2021.10/bin/../lib/gcc/arm-none-eabi/10.3.1/thumb/v7-m/nofp/crti.o
LOAD d:/arm-none-eabi-gcc/10 2021.10/bin/../lib/gcc/arm-none-eabi/10.3.1/thumb/v7-m/nofp/crtbegin.o
LOAD d:/arm-none-eabi-gcc/10 2021.10/bin/../lib/gcc/arm-none-eabi/10.3.1/../../../../arm-none-eabi/lib/thumb/v7-m/nofp/crt0.o
LOAD C:\Users\Liu\AppData\Local\Temp\ccmCGEiE.o
LOAD CMakeFiles/CLionSTM32Demo.elf.dir/FreeRTOS/croutine.c.obj
LOAD CMakeFiles/CLionSTM32Demo.elf.dir/FreeRTOS/event_groups.c.obj
LOAD CMakeFiles/CLionSTM32Demo.elf.dir/FreeRTOS/list.c.obj
LOAD CMakeFiles/CLionSTM32Demo.elf.dir/FreeRTOS/portable/Common/mpu_wrappers.c.obj
LOAD CMakeFiles/CLionSTM32Demo.elf.dir/FreeRTOS/portable/Common/mpu_wrappers_v2.c.obj
LOAD CMakeFiles/CLionSTM32Demo.elf.dir/FreeRTOS/portable/GCC/ARM_CM3/port.c.obj
LOAD CMakeFiles/CLionSTM32Demo.elf.dir/FreeRTOS/portable/MemMang/heap_4.c.obj
LOAD CMakeFiles/CLionSTM32Demo.elf.dir/FreeRTOS/queue.c.obj
LOAD CMakeFiles/CLionSTM32Demo.elf.dir/FreeRTOS/stream_buffer.c.obj
LOAD CMakeFiles/CLionSTM32Demo.elf.dir/FreeRTOS/tasks.c.obj
LOAD CMakeFiles/CLionSTM32Demo.elf.dir/FreeRTOS/timers.c.obj
LOAD CMakeFiles/CLionSTM32Demo.elf.dir/STM32F10x_FWLib/src/misc.c.obj
LOAD CMakeFiles/CLionSTM32Demo.elf.dir/STM32F10x_FWLib/src/stm32f10x_adc.c.obj
LOAD CMakeFiles/CLionSTM32Demo.elf.dir/STM32F10x_FWLib/src/stm32f10x_bkp.c.obj
LOAD CMakeFiles/CLionSTM32Demo.elf.dir/STM32F10x_FWLib/src/stm32f10x_can.c.obj
LOAD CMakeFiles/CLionSTM32Demo.elf.dir/STM32F10x_FWLib/src/stm32f10x_cec.c.obj
LOAD CMakeFiles/CLionSTM32Demo.elf.dir/STM32F10x_FWLib/src/stm32f10x_crc.c.obj
LOAD CMakeFiles/CLionSTM32Demo.elf.dir/STM32F10x_FWLib/src/stm32f10x_dac.c.obj
LOAD CMakeFiles/CLionSTM32Demo.elf.dir/STM32F10x_FWLib/src/stm32f10x_dbgmcu.c.obj
LOAD CMakeFiles/CLionSTM32Demo.elf.dir/STM32F10x_FWLib/src/stm32f10x_dma.c.obj
LOAD CMakeFiles/CLionSTM32Demo.elf.dir/STM32F10x_FWLib/src/stm32f10x_exti.c.obj
LOAD CMakeFiles/CLionSTM32Demo.elf.dir/STM32F10x_FWLib/src/stm32f10x_flash.c.obj
LOAD CMakeFiles/CLionSTM32Demo.elf.dir/STM32F10x_FWLib/src/stm32f10x_fsmc.c.obj
LOAD CMakeFiles/CLionSTM32Demo.elf.dir/STM32F10x_FWLib/src/stm32f10x_gpio.c.obj
LOAD CMakeFiles/CLionSTM32Demo.elf.dir/STM32F10x_FWLib/src/stm32f10x_i2c.c.obj
LOAD CMakeFiles/CLionSTM32Demo.elf.dir/STM32F10x_FWLib/src/stm32f10x_iwdg.c.obj
LOAD CMakeFiles/CLionSTM32Demo.elf.dir/STM32F10x_FWLib/src/stm32f10x_pwr.c.obj
LOAD CMakeFiles/CLionSTM32Demo.elf.dir/STM32F10x_FWLib/src/stm32f10x_rcc.c.obj
LOAD CMakeFiles/CLionSTM32Demo.elf.dir/STM32F10x_FWLib/src/stm32f10x_rtc.c.obj
LOAD CMakeFiles/CLionSTM32Demo.elf.dir/STM32F10x_FWLib/src/stm32f10x_sdio.c.obj
LOAD CMakeFiles/CLionSTM32Demo.elf.dir/STM32F10x_FWLib/src/stm32f10x_spi.c.obj
LOAD CMakeFiles/CLionSTM32Demo.elf.dir/STM32F10x_FWLib/src/stm32f10x_tim.c.obj
LOAD CMakeFiles/CLionSTM32Demo.elf.dir/STM32F10x_FWLib/src/stm32f10x_usart.c.obj
LOAD CMakeFiles/CLionSTM32Demo.elf.dir/STM32F10x_FWLib/src/stm32f10x_wwdg.c.obj
LOAD CMakeFiles/CLionSTM32Demo.elf.dir/startup/core_cm3.c.obj
LOAD CMakeFiles/CLionSTM32Demo.elf.dir/startup/startup_stm32f103xb.s.obj
LOAD CMakeFiles/CLionSTM32Demo.elf.dir/user/motor_control/motor_control.cpp.obj
LOAD CMakeFiles/CLionSTM32Demo.elf.dir/user/src/delay.c.obj
LOAD CMakeFiles/CLionSTM32Demo.elf.dir/user/src/main.c.obj
LOAD CMakeFiles/CLionSTM32Demo.elf.dir/user/src/stm32f10x_it.c.obj
LOAD CMakeFiles/CLionSTM32Demo.elf.dir/user/src/system_stm32f10x.c.obj
LOAD d:/arm-none-eabi-gcc/10 2021.10/bin/../lib/gcc/arm-none-eabi/10.3.1/../../../../arm-none-eabi/lib/thumb/v7-m/nofp\libstdc++_nano.a
LOAD d:/arm-none-eabi-gcc/10 2021.10/bin/../lib/gcc/arm-none-eabi/10.3.1/../../../../arm-none-eabi/lib/thumb/v7-m/nofp\libm.a
START GROUP
LOAD d:/arm-none-eabi-gcc/10 2021.10/bin/../lib/gcc/arm-none-eabi/10.3.1/thumb/v7-m/nofp\libgcc.a
LOAD d:/arm-none-eabi-gcc/10 2021.10/bin/../lib/gcc/arm-none-eabi/10.3.1/../../../../arm-none-eabi/lib/thumb/v7-m/nofp\libg_nano.a
LOAD d:/arm-none-eabi-gcc/10 2021.10/bin/../lib/gcc/arm-none-eabi/10.3.1/../../../../arm-none-eabi/lib/thumb/v7-m/nofp\libc_nano.a
END GROUP
START GROUP
LOAD d:/arm-none-eabi-gcc/10 2021.10/bin/../lib/gcc/arm-none-eabi/10.3.1/thumb/v7-m/nofp\libgcc.a
LOAD d:/arm-none-eabi-gcc/10 2021.10/bin/../lib/gcc/arm-none-eabi/10.3.1/../../../../arm-none-eabi/lib/thumb/v7-m/nofp\libc_nano.a
LOAD d:/arm-none-eabi-gcc/10 2021.10/bin/../lib/gcc/arm-none-eabi/10.3.1/../../../../arm-none-eabi/lib/thumb/v7-m/nofp\libnosys.a
END GROUP
START GROUP
LOAD d:/arm-none-eabi-gcc/10 2021.10/bin/../lib/gcc/arm-none-eabi/10.3.1/thumb/v7-m/nofp\libgcc.a
LOAD d:/arm-none-eabi-gcc/10 2021.10/bin/../lib/gcc/arm-none-eabi/10.3.1/../../../../arm-none-eabi/lib/thumb/v7-m/nofp\libc_nano.a
LOAD d:/arm-none-eabi-gcc/10 2021.10/bin/../lib/gcc/arm-none-eabi/10.3.1/../../../../arm-none-eabi/lib/thumb/v7-m/nofp\libnosys.a
END GROUP
LOAD d:/arm-none-eabi-gcc/10 2021.10/bin/../lib/gcc/arm-none-eabi/10.3.1/thumb/v7-m/nofp/crtend.o
LOAD d:/arm-none-eabi-gcc/10 2021.10/bin/../lib/gcc/arm-none-eabi/10.3.1/thumb/v7-m/nofp/crtn.o
                0x20005000                _estack = 0x20005000
                0x00000200                _Min_Heap_Size = 0x200
                0x00000400                _Min_Stack_Size = 0x400

.isr_vector     0x08000000      0x10c
                0x08000000                . = ALIGN (0x4)
 *(.isr_vector)
 .isr_vector    0x08000000      0x10c CMakeFiles/CLionSTM32Demo.elf.dir/startup/startup_stm32f103xb.s.obj
                0x08000000                g_pfnVectors
                0x0800010c                . = ALIGN (0x4)

.text           0x08000110     0x5794
                0x08000110                . = ALIGN (0x4)
 *(.text)
 .text          0x08000110       0x40 d:/arm-none-eabi-gcc/10 2021.10/bin/../lib/gcc/arm-none-eabi/10.3.1/thumb/v7-m/nofp/crtbegin.o
 .text          0x08000150       0x10 d:/arm-none-eabi-gcc/10 2021.10/bin/../lib/gcc/arm-none-eabi/10.3.1/../../../../arm-none-eabi/lib/thumb/v7-m/nofp\libg_nano.a(lib_a-strlen.o)
                0x08000150                strlen
 .text          0x08000160      0x378 d:/arm-none-eabi-gcc/10 2021.10/bin/../lib/gcc/arm-none-eabi/10.3.1/thumb/v7-m/nofp\libgcc.a(_arm_addsubdf3.o)
                0x08000160                __aeabi_drsub
                0x08000168                __aeabi_dsub
                0x08000168                __subdf3
                0x0800016c                __aeabi_dadd
                0x0800016c                __adddf3
                0x080003e4                __floatunsidf
                0x080003e4                __aeabi_ui2d
                0x08000404                __floatsidf
                0x08000404                __aeabi_i2d
                0x08000428                __aeabi_f2d
                0x08000428                __extendsfdf2
                0x0800046c                __floatundidf
                0x0800046c                __aeabi_ul2d
                0x0800047c                __floatdidf
                0x0800047c                __aeabi_l2d
 .text          0x080004d8      0x424 d:/arm-none-eabi-gcc/10 2021.10/bin/../lib/gcc/arm-none-eabi/10.3.1/thumb/v7-m/nofp\libgcc.a(_arm_muldivdf3.o)
                0x080004d8                __aeabi_dmul
                0x080004d8                __muldf3
                0x0800072c                __divdf3
                0x0800072c                __aeabi_ddiv
 .text          0x080008fc      0x110 d:/arm-none-eabi-gcc/10 2021.10/bin/../lib/gcc/arm-none-eabi/10.3.1/thumb/v7-m/nofp\libgcc.a(_arm_cmpdf2.o)
                0x080008fc                __gtdf2
                0x080008fc                __gedf2
                0x08000904                __ltdf2
                0x08000904                __ledf2
                0x0800090c                __nedf2
                0x0800090c                __eqdf2
                0x0800090c                __cmpdf2
                0x08000988                __aeabi_cdrcmple
                0x08000998                __aeabi_cdcmpeq
                0x08000998                __aeabi_cdcmple
                0x080009a8                __aeabi_dcmpeq
                0x080009bc                __aeabi_dcmplt
                0x080009d0                __aeabi_dcmple
                0x080009e4                __aeabi_dcmpge
                0x080009f8                __aeabi_dcmpgt
 .text          0x08000a0c       0x2c d:/arm-none-eabi-gcc/10 2021.10/bin/../lib/gcc/arm-none-eabi/10.3.1/thumb/v7-m/nofp\libgcc.a(_arm_unorddf2.o)
                0x08000a0c                __unorddf2
                0x08000a0c                __aeabi_dcmpun
 .text          0x08000a38       0x50 d:/arm-none-eabi-gcc/10 2021.10/bin/../lib/gcc/arm-none-eabi/10.3.1/thumb/v7-m/nofp\libgcc.a(_arm_fixdfsi.o)
                0x08000a38                __aeabi_d2iz
                0x08000a38                __fixdfsi
 *(.text*)
 .text.vListInitialise
                0x08000a88       0x16 CMakeFiles/CLionSTM32Demo.elf.dir/FreeRTOS/list.c.obj
                0x08000a88                vListInitialise
 .text.vListInitialiseItem
                0x08000a9e        0x6 CMakeFiles/CLionSTM32Demo.elf.dir/FreeRTOS/list.c.obj
                0x08000a9e                vListInitialiseItem
 .text.vListInsert
                0x08000aa4       0x32 CMakeFiles/CLionSTM32Demo.elf.dir/FreeRTOS/list.c.obj
                0x08000aa4                vListInsert
 .text.uxListRemove
                0x08000ad6       0x24 CMakeFiles/CLionSTM32Demo.elf.dir/FreeRTOS/list.c.obj
                0x08000ad6                uxListRemove
 *fill*         0x08000afa        0x2 
 .text.prvTaskExitError
                0x08000afc       0x40 CMakeFiles/CLionSTM32Demo.elf.dir/FreeRTOS/portable/GCC/ARM_CM3/port.c.obj
 .text.SVC_Handler
                0x08000b3c       0x24 CMakeFiles/CLionSTM32Demo.elf.dir/FreeRTOS/portable/GCC/ARM_CM3/port.c.obj
                0x08000b3c                SVC_Handler
 .text.prvPortStartFirstTask
                0x08000b60       0x20 CMakeFiles/CLionSTM32Demo.elf.dir/FreeRTOS/portable/GCC/ARM_CM3/port.c.obj
 .text.PendSV_Handler
                0x08000b80       0x44 CMakeFiles/CLionSTM32Demo.elf.dir/FreeRTOS/portable/GCC/ARM_CM3/port.c.obj
                0x08000b80                PendSV_Handler
 .text.pxPortInitialiseStack
                0x08000bc4       0x24 CMakeFiles/CLionSTM32Demo.elf.dir/FreeRTOS/portable/GCC/ARM_CM3/port.c.obj
                0x08000bc4                pxPortInitialiseStack
 .text.vPortEnterCritical
                0x08000be8       0x44 CMakeFiles/CLionSTM32Demo.elf.dir/FreeRTOS/portable/GCC/ARM_CM3/port.c.obj
                0x08000be8                vPortEnterCritical
 .text.vPortExitCritical
                0x08000c2c       0x2c CMakeFiles/CLionSTM32Demo.elf.dir/FreeRTOS/portable/GCC/ARM_CM3/port.c.obj
                0x08000c2c                vPortExitCritical
 .text.xPortSysTickHandler
                0x08000c58       0x2c CMakeFiles/CLionSTM32Demo.elf.dir/FreeRTOS/portable/GCC/ARM_CM3/port.c.obj
                0x08000c58                xPortSysTickHandler
 .text.vPortSetupTimerInterrupt
                0x08000c84       0x28 CMakeFiles/CLionSTM32Demo.elf.dir/FreeRTOS/portable/GCC/ARM_CM3/port.c.obj
                0x08000c84                vPortSetupTimerInterrupt
 .text.xPortStartScheduler
                0x08000cac      0x140 CMakeFiles/CLionSTM32Demo.elf.dir/FreeRTOS/portable/GCC/ARM_CM3/port.c.obj
                0x08000cac                xPortStartScheduler
 .text.prvHeapInit
                0x08000dec       0x58 CMakeFiles/CLionSTM32Demo.elf.dir/FreeRTOS/portable/MemMang/heap_4.c.obj
 .text.prvInsertBlockIntoFreeList
                0x08000e44       0x8c CMakeFiles/CLionSTM32Demo.elf.dir/FreeRTOS/portable/MemMang/heap_4.c.obj
 .text.pvPortMalloc
                0x08000ed0      0x184 CMakeFiles/CLionSTM32Demo.elf.dir/FreeRTOS/portable/MemMang/heap_4.c.obj
                0x08000ed0                pvPortMalloc
 .text.vPortFree
                0x08001054       0xa0 CMakeFiles/CLionSTM32Demo.elf.dir/FreeRTOS/portable/MemMang/heap_4.c.obj
                0x08001054                vPortFree
 .text.prvGetHighestPriorityOfWaitToReceiveList
                0x080010f4       0x10 CMakeFiles/CLionSTM32Demo.elf.dir/FreeRTOS/queue.c.obj
 .text.prvIsQueueFull
                0x08001104       0x1e CMakeFiles/CLionSTM32Demo.elf.dir/FreeRTOS/queue.c.obj
 .text.prvIsQueueEmpty
                0x08001122       0x1a CMakeFiles/CLionSTM32Demo.elf.dir/FreeRTOS/queue.c.obj
 .text.prvCopyDataToQueue
                0x0800113c       0x76 CMakeFiles/CLionSTM32Demo.elf.dir/FreeRTOS/queue.c.obj
 .text.prvCopyDataFromQueue
                0x080011b2       0x24 CMakeFiles/CLionSTM32Demo.elf.dir/FreeRTOS/queue.c.obj
 .text.prvUnlockQueue
                0x080011d6       0x6e CMakeFiles/CLionSTM32Demo.elf.dir/FreeRTOS/queue.c.obj
 .text.xQueueGenericReset
                0x08001244       0xaa CMakeFiles/CLionSTM32Demo.elf.dir/FreeRTOS/queue.c.obj
                0x08001244                xQueueGenericReset
 .text.prvInitialiseNewQueue
                0x080012ee       0x22 CMakeFiles/CLionSTM32Demo.elf.dir/FreeRTOS/queue.c.obj
 .text.xQueueGenericCreate
                0x08001310       0x56 CMakeFiles/CLionSTM32Demo.elf.dir/FreeRTOS/queue.c.obj
                0x08001310                xQueueGenericCreate
 .text.xQueueGenericSend
                0x08001366      0x188 CMakeFiles/CLionSTM32Demo.elf.dir/FreeRTOS/queue.c.obj
                0x08001366                xQueueGenericSend
 .text.xQueueReceive
                0x080014ee      0x15e CMakeFiles/CLionSTM32Demo.elf.dir/FreeRTOS/queue.c.obj
                0x080014ee                xQueueReceive
 .text.xQueueSemaphoreTake
                0x0800164c      0x192 CMakeFiles/CLionSTM32Demo.elf.dir/FreeRTOS/queue.c.obj
                0x0800164c                xQueueSemaphoreTake
 *fill*         0x080017de        0x2 
 .text.vQueueAddToRegistry
                0x080017e0       0x60 CMakeFiles/CLionSTM32Demo.elf.dir/FreeRTOS/queue.c.obj
                0x080017e0                vQueueAddToRegistry
 .text.vQueueWaitForMessageRestricted
                0x08001840       0x52 CMakeFiles/CLionSTM32Demo.elf.dir/FreeRTOS/queue.c.obj
                0x08001840                vQueueWaitForMessageRestricted
 *fill*         0x08001892        0x2 
 .text.prvResetNextTaskUnblockTime
                0x08001894       0x28 CMakeFiles/CLionSTM32Demo.elf.dir/FreeRTOS/tasks.c.obj
 .text.prvDeleteTCB
                0x080018bc       0x12 CMakeFiles/CLionSTM32Demo.elf.dir/FreeRTOS/tasks.c.obj
 .text.prvInitialiseNewTask
                0x080018ce       0x90 CMakeFiles/CLionSTM32Demo.elf.dir/FreeRTOS/tasks.c.obj
 .text.prvCreateTask
                0x0800195e       0x5e CMakeFiles/CLionSTM32Demo.elf.dir/FreeRTOS/tasks.c.obj
 .text.prvInitialiseTaskLists
                0x080019bc       0x68 CMakeFiles/CLionSTM32Demo.elf.dir/FreeRTOS/tasks.c.obj
 .text.prvAddNewTaskToReadyList
                0x08001a24       0xcc CMakeFiles/CLionSTM32Demo.elf.dir/FreeRTOS/tasks.c.obj
 .text.prvCheckTasksWaitingTermination
                0x08001af0       0x4c CMakeFiles/CLionSTM32Demo.elf.dir/FreeRTOS/tasks.c.obj
 .text.prvIdleTask
                0x08001b3c       0x28 CMakeFiles/CLionSTM32Demo.elf.dir/FreeRTOS/tasks.c.obj
 .text.prvAddCurrentTaskToDelayedList
                0x08001b64       0xbc CMakeFiles/CLionSTM32Demo.elf.dir/FreeRTOS/tasks.c.obj
 .text.xTaskCreate
                0x08001c20       0x2c CMakeFiles/CLionSTM32Demo.elf.dir/FreeRTOS/tasks.c.obj
                0x08001c20                xTaskCreate
 .text.prvCreateIdleTasks
                0x08001c4c       0x64 CMakeFiles/CLionSTM32Demo.elf.dir/FreeRTOS/tasks.c.obj
 .text.vTaskStartScheduler
                0x08001cb0       0x6c CMakeFiles/CLionSTM32Demo.elf.dir/FreeRTOS/tasks.c.obj
                0x08001cb0                vTaskStartScheduler
 .text.vTaskSuspendAll
                0x08001d1c       0x10 CMakeFiles/CLionSTM32Demo.elf.dir/FreeRTOS/tasks.c.obj
                0x08001d1c                vTaskSuspendAll
 .text.xTaskGetTickCount
                0x08001d2c        0xc CMakeFiles/CLionSTM32Demo.elf.dir/FreeRTOS/tasks.c.obj
                0x08001d2c                xTaskGetTickCount
 .text.xTaskIncrementTick
                0x08001d38      0x178 CMakeFiles/CLionSTM32Demo.elf.dir/FreeRTOS/tasks.c.obj
                0x08001d38                xTaskIncrementTick
 .text.xTaskResumeAll
                0x08001eb0      0x158 CMakeFiles/CLionSTM32Demo.elf.dir/FreeRTOS/tasks.c.obj
                0x08001eb0                xTaskResumeAll
 .text.vTaskDelay
                0x08002008       0x50 CMakeFiles/CLionSTM32Demo.elf.dir/FreeRTOS/tasks.c.obj
                0x08002008                vTaskDelay
 .text.vTaskSwitchContext
                0x08002058       0x98 CMakeFiles/CLionSTM32Demo.elf.dir/FreeRTOS/tasks.c.obj
                0x08002058                vTaskSwitchContext
 .text.vTaskPlaceOnEventList
                0x080020f0       0x30 CMakeFiles/CLionSTM32Demo.elf.dir/FreeRTOS/tasks.c.obj
                0x080020f0                vTaskPlaceOnEventList
 .text.vTaskPlaceOnEventListRestricted
                0x08002120       0x54 CMakeFiles/CLionSTM32Demo.elf.dir/FreeRTOS/tasks.c.obj
                0x08002120                vTaskPlaceOnEventListRestricted
 .text.xTaskRemoveFromEventList
                0x08002174       0xf8 CMakeFiles/CLionSTM32Demo.elf.dir/FreeRTOS/tasks.c.obj
                0x08002174                xTaskRemoveFromEventList
 .text.vTaskInternalSetTimeOutState
                0x0800226c       0x18 CMakeFiles/CLionSTM32Demo.elf.dir/FreeRTOS/tasks.c.obj
                0x0800226c                vTaskInternalSetTimeOutState
 .text.xTaskCheckForTimeOut
                0x08002284       0x88 CMakeFiles/CLionSTM32Demo.elf.dir/FreeRTOS/tasks.c.obj
                0x08002284                xTaskCheckForTimeOut
 .text.vTaskMissedYield
                0x0800230c        0xc CMakeFiles/CLionSTM32Demo.elf.dir/FreeRTOS/tasks.c.obj
                0x0800230c                vTaskMissedYield
 .text.xTaskGetSchedulerState
                0x08002318       0x20 CMakeFiles/CLionSTM32Demo.elf.dir/FreeRTOS/tasks.c.obj
                0x08002318                xTaskGetSchedulerState
 .text.xTaskPriorityInherit
                0x08002338       0xcc CMakeFiles/CLionSTM32Demo.elf.dir/FreeRTOS/tasks.c.obj
                0x08002338                xTaskPriorityInherit
 .text.xTaskPriorityDisinherit
                0x08002404       0xc4 CMakeFiles/CLionSTM32Demo.elf.dir/FreeRTOS/tasks.c.obj
                0x08002404                xTaskPriorityDisinherit
 .text.vTaskPriorityDisinheritAfterTimeout
                0x080024c8       0xd4 CMakeFiles/CLionSTM32Demo.elf.dir/FreeRTOS/tasks.c.obj
                0x080024c8                vTaskPriorityDisinheritAfterTimeout
 .text.pvTaskIncrementMutexHeldCount
                0x0800259c       0x14 CMakeFiles/CLionSTM32Demo.elf.dir/FreeRTOS/tasks.c.obj
                0x0800259c                pvTaskIncrementMutexHeldCount
 .text.prvGetNextExpireTime
                0x080025b0       0x20 CMakeFiles/CLionSTM32Demo.elf.dir/FreeRTOS/timers.c.obj
 .text.prvInsertTimerInActiveList
                0x080025d0       0x48 CMakeFiles/CLionSTM32Demo.elf.dir/FreeRTOS/timers.c.obj
 .text.prvReloadTimer
                0x08002618       0x28 CMakeFiles/CLionSTM32Demo.elf.dir/FreeRTOS/timers.c.obj
 .text.prvProcessExpiredTimer
                0x08002640       0x40 CMakeFiles/CLionSTM32Demo.elf.dir/FreeRTOS/timers.c.obj
 .text.prvSwitchTimerLists
                0x08002680       0x30 CMakeFiles/CLionSTM32Demo.elf.dir/FreeRTOS/timers.c.obj
 .text.prvSampleTimeNow
                0x080026b0       0x2c CMakeFiles/CLionSTM32Demo.elf.dir/FreeRTOS/timers.c.obj
 .text.prvProcessTimerOrBlockTask
                0x080026dc       0x74 CMakeFiles/CLionSTM32Demo.elf.dir/FreeRTOS/timers.c.obj
 .text.prvProcessReceivedCommands
                0x08002750      0x118 CMakeFiles/CLionSTM32Demo.elf.dir/FreeRTOS/timers.c.obj
 .text.prvTimerTask
                0x08002868       0x16 CMakeFiles/CLionSTM32Demo.elf.dir/FreeRTOS/timers.c.obj
 *fill*         0x0800287e        0x2 
 .text.prvCheckForValidListAndQueue
                0x08002880       0x5c CMakeFiles/CLionSTM32Demo.elf.dir/FreeRTOS/timers.c.obj
 .text.xTimerCreateTimerTask
                0x080028dc       0x50 CMakeFiles/CLionSTM32Demo.elf.dir/FreeRTOS/timers.c.obj
                0x080028dc                xTimerCreateTimerTask
 .text.NVIC_PriorityGroupConfig
                0x0800292c       0x14 CMakeFiles/CLionSTM32Demo.elf.dir/STM32F10x_FWLib/src/misc.c.obj
                0x0800292c                NVIC_PriorityGroupConfig
 .text.GPIO_Init
                0x08002940       0xb2 CMakeFiles/CLionSTM32Demo.elf.dir/STM32F10x_FWLib/src/stm32f10x_gpio.c.obj
                0x08002940                GPIO_Init
 .text.GPIO_SetBits
                0x080029f2        0x4 CMakeFiles/CLionSTM32Demo.elf.dir/STM32F10x_FWLib/src/stm32f10x_gpio.c.obj
                0x080029f2                GPIO_SetBits
 .text.GPIO_ResetBits
                0x080029f6        0x4 CMakeFiles/CLionSTM32Demo.elf.dir/STM32F10x_FWLib/src/stm32f10x_gpio.c.obj
                0x080029f6                GPIO_ResetBits
 *fill*         0x080029fa        0x2 
 .text.RCC_APB2PeriphClockCmd
                0x080029fc       0x1c CMakeFiles/CLionSTM32Demo.elf.dir/STM32F10x_FWLib/src/stm32f10x_rcc.c.obj
                0x080029fc                RCC_APB2PeriphClockCmd
 .text.Reset_Handler
                0x08002a18       0x48 CMakeFiles/CLionSTM32Demo.elf.dir/startup/startup_stm32f103xb.s.obj
                0x08002a18                Reset_Handler
 .text.Default_Handler
                0x08002a60        0x2 CMakeFiles/CLionSTM32Demo.elf.dir/startup/startup_stm32f103xb.s.obj
                0x08002a60                RTC_Alarm_IRQHandler
                0x08002a60                EXTI2_IRQHandler
                0x08002a60                TIM1_CC_IRQHandler
                0x08002a60                PVD_IRQHandler
                0x08002a60                EXTI3_IRQHandler
                0x08002a60                EXTI0_IRQHandler
                0x08002a60                I2C2_EV_IRQHandler
                0x08002a60                ADC1_2_IRQHandler
                0x08002a60                SPI1_IRQHandler
                0x08002a60                TAMPER_IRQHandler
                0x08002a60                DMA1_Channel4_IRQHandler
                0x08002a60                USART3_IRQHandler
                0x08002a60                RTC_IRQHandler
                0x08002a60                DMA1_Channel7_IRQHandler
                0x08002a60                CAN1_RX1_IRQHandler
                0x08002a60                TIM4_IRQHandler
                0x08002a60                I2C1_EV_IRQHandler
                0x08002a60                DMA1_Channel6_IRQHandler
                0x08002a60                TIM3_IRQHandler
                0x08002a60                RCC_IRQHandler
                0x08002a60                TIM1_TRG_COM_IRQHandler
                0x08002a60                DMA1_Channel1_IRQHandler
                0x08002a60                Default_Handler
                0x08002a60                EXTI15_10_IRQHandler
                0x08002a60                EXTI9_5_IRQHandler
                0x08002a60                SPI2_IRQHandler
                0x08002a60                DMA1_Channel5_IRQHandler
                0x08002a60                EXTI4_IRQHandler
                0x08002a60                USB_LP_CAN1_RX0_IRQHandler
                0x08002a60                USB_HP_CAN1_TX_IRQHandler
                0x08002a60                DMA1_Channel3_IRQHandler
                0x08002a60                TIM1_UP_IRQHandler
                0x08002a60                WWDG_IRQHandler
                0x08002a60                TIM2_IRQHandler
                0x08002a60                TIM1_BRK_IRQHandler
                0x08002a60                EXTI1_IRQHandler
                0x08002a60                USART2_IRQHandler
                0x08002a60                I2C2_ER_IRQHandler
                0x08002a60                DMA1_Channel2_IRQHandler
                0x08002a60                CAN1_SCE_IRQHandler
                0x08002a60                FLASH_IRQHandler
                0x08002a60                USART1_IRQHandler
                0x08002a60                I2C1_ER_IRQHandler
                0x08002a60                USBWakeUp_IRQHandler
 *fill*         0x08002a62        0x2 
 .text.vTask_led1
                0x08002a64       0x74 CMakeFiles/CLionSTM32Demo.elf.dir/user/src/main.c.obj
                0x08002a64                vTask_led1
 .text.vTask_led2
                0x08002ad8       0x74 CMakeFiles/CLionSTM32Demo.elf.dir/user/src/main.c.obj
                0x08002ad8                vTask_led2
 .text.main     0x08002b4c       0xec CMakeFiles/CLionSTM32Demo.elf.dir/user/src/main.c.obj
                0x08002b4c                main
 .text.NMI_Handler
                0x08002c38        0x2 CMakeFiles/CLionSTM32Demo.elf.dir/user/src/stm32f10x_it.c.obj
                0x08002c38                NMI_Handler
 .text.HardFault_Handler
                0x08002c3a        0x2 CMakeFiles/CLionSTM32Demo.elf.dir/user/src/stm32f10x_it.c.obj
                0x08002c3a                HardFault_Handler
 .text.MemManage_Handler
                0x08002c3c        0x2 CMakeFiles/CLionSTM32Demo.elf.dir/user/src/stm32f10x_it.c.obj
                0x08002c3c                MemManage_Handler
 .text.BusFault_Handler
                0x08002c3e        0x2 CMakeFiles/CLionSTM32Demo.elf.dir/user/src/stm32f10x_it.c.obj
                0x08002c3e                BusFault_Handler
 .text.UsageFault_Handler
                0x08002c40        0x2 CMakeFiles/CLionSTM32Demo.elf.dir/user/src/stm32f10x_it.c.obj
                0x08002c40                UsageFault_Handler
 .text.DebugMon_Handler
                0x08002c42        0x2 CMakeFiles/CLionSTM32Demo.elf.dir/user/src/stm32f10x_it.c.obj
                0x08002c42                DebugMon_Handler
 .text.SysTick_Handler
                0x08002c44       0x18 CMakeFiles/CLionSTM32Demo.elf.dir/user/src/stm32f10x_it.c.obj
                0x08002c44                SysTick_Handler
 .text.SetSysClockTo72
                0x08002c5c       0xc4 CMakeFiles/CLionSTM32Demo.elf.dir/user/src/system_stm32f10x.c.obj
 .text.SetSysClock
                0x08002d20        0x8 CMakeFiles/CLionSTM32Demo.elf.dir/user/src/system_stm32f10x.c.obj
 .text.SystemInit
                0x08002d28       0x50 CMakeFiles/CLionSTM32Demo.elf.dir/user/src/system_stm32f10x.c.obj
                0x08002d28                SystemInit
 .text.__libc_init_array
                0x08002d78       0x48 d:/arm-none-eabi-gcc/10 2021.10/bin/../lib/gcc/arm-none-eabi/10.3.1/../../../../arm-none-eabi/lib/thumb/v7-m/nofp\libg_nano.a(lib_a-init.o)
                0x08002d78                __libc_init_array
 .text.memcpy   0x08002dc0       0x1c d:/arm-none-eabi-gcc/10 2021.10/bin/../lib/gcc/arm-none-eabi/10.3.1/../../../../arm-none-eabi/lib/thumb/v7-m/nofp\libg_nano.a(lib_a-memcpy-stub.o)
                0x08002dc0                memcpy
 .text.memset   0x08002ddc       0x10 d:/arm-none-eabi-gcc/10 2021.10/bin/../lib/gcc/arm-none-eabi/10.3.1/../../../../arm-none-eabi/lib/thumb/v7-m/nofp\libg_nano.a(lib_a-memset.o)
                0x08002ddc                memset
 .text.__cvt    0x08002dec       0xbe d:/arm-none-eabi-gcc/10 2021.10/bin/../lib/gcc/arm-none-eabi/10.3.1/../../../../arm-none-eabi/lib/thumb/v7-m/nofp\libg_nano.a(lib_a-nano-vfprintf_float.o)
                0x08002dec                __cvt
 .text.__exponent
                0x08002eaa       0x7c d:/arm-none-eabi-gcc/10 2021.10/bin/../lib/gcc/arm-none-eabi/10.3.1/../../../../arm-none-eabi/lib/thumb/v7-m/nofp\libg_nano.a(lib_a-nano-vfprintf_float.o)
                0x08002eaa                __exponent
 *fill*         0x08002f26        0x2 
 .text._printf_float
                0x08002f28      0x458 d:/arm-none-eabi-gcc/10 2021.10/bin/../lib/gcc/arm-none-eabi/10.3.1/../../../../arm-none-eabi/lib/thumb/v7-m/nofp\libg_nano.a(lib_a-nano-vfprintf_float.o)
                0x08002f28                _printf_float
 .text._printf_common
                0x08003380       0xde d:/arm-none-eabi-gcc/10 2021.10/bin/../lib/gcc/arm-none-eabi/10.3.1/../../../../arm-none-eabi/lib/thumb/v7-m/nofp\libg_nano.a(lib_a-nano-vfprintf_i.o)
                0x08003380                _printf_common
 *fill*         0x0800345e        0x2 
 .text._printf_i
                0x08003460      0x24c d:/arm-none-eabi-gcc/10 2021.10/bin/../lib/gcc/arm-none-eabi/10.3.1/../../../../arm-none-eabi/lib/thumb/v7-m/nofp\libg_nano.a(lib_a-nano-vfprintf_i.o)
                0x08003460                _printf_i
 .text.quorem   0x080036ac      0x118 d:/arm-none-eabi-gcc/10 2021.10/bin/../lib/gcc/arm-none-eabi/10.3.1/../../../../arm-none-eabi/lib/thumb/v7-m/nofp\libg_nano.a(lib_a-dtoa.o)
 *fill*         0x080037c4        0x4 
 .text._dtoa_r  0x080037c8      0xbdc d:/arm-none-eabi-gcc/10 2021.10/bin/../lib/gcc/arm-none-eabi/10.3.1/../../../../arm-none-eabi/lib/thumb/v7-m/nofp\libg_nano.a(lib_a-dtoa.o)
                0x080037c8                _dtoa_r
 .text._localeconv_r
                0x080043a4        0x8 d:/arm-none-eabi-gcc/10 2021.10/bin/../lib/gcc/arm-none-eabi/10.3.1/../../../../arm-none-eabi/lib/thumb/v7-m/nofp\libg_nano.a(lib_a-localeconv.o)
                0x080043a4                _localeconv_r
 .text.malloc   0x080043ac       0x10 d:/arm-none-eabi-gcc/10 2021.10/bin/../lib/gcc/arm-none-eabi/10.3.1/../../../../arm-none-eabi/lib/thumb/v7-m/nofp\libg_nano.a(lib_a-malloc.o)
                0x080043ac                malloc
 .text.memchr   0x080043bc       0x1c d:/arm-none-eabi-gcc/10 2021.10/bin/../lib/gcc/arm-none-eabi/10.3.1/../../../../arm-none-eabi/lib/thumb/v7-m/nofp\libg_nano.a(lib_a-memchr-stub.o)
                0x080043bc                memchr
 .text._Balloc  0x080043d8       0x80 d:/arm-none-eabi-gcc/10 2021.10/bin/../lib/gcc/arm-none-eabi/10.3.1/../../../../arm-none-eabi/lib/thumb/v7-m/nofp\libg_nano.a(lib_a-mprec.o)
                0x080043d8                _Balloc
 .text._Bfree   0x08004458       0x44 d:/arm-none-eabi-gcc/10 2021.10/bin/../lib/gcc/arm-none-eabi/10.3.1/../../../../arm-none-eabi/lib/thumb/v7-m/nofp\libg_nano.a(lib_a-mprec.o)
                0x08004458                _Bfree
 .text.__multadd
                0x0800449c       0x8c d:/arm-none-eabi-gcc/10 2021.10/bin/../lib/gcc/arm-none-eabi/10.3.1/../../../../arm-none-eabi/lib/thumb/v7-m/nofp\libg_nano.a(lib_a-mprec.o)
                0x0800449c                __multadd
 .text.__hi0bits
                0x08004528       0x40 d:/arm-none-eabi-gcc/10 2021.10/bin/../lib/gcc/arm-none-eabi/10.3.1/../../../../arm-none-eabi/lib/thumb/v7-m/nofp\libg_nano.a(lib_a-mprec.o)
                0x08004528                __hi0bits
 .text.__lo0bits
                0x08004568       0x5a d:/arm-none-eabi-gcc/10 2021.10/bin/../lib/gcc/arm-none-eabi/10.3.1/../../../../arm-none-eabi/lib/thumb/v7-m/nofp\libg_nano.a(lib_a-mprec.o)
                0x08004568                __lo0bits
 *fill*         0x080045c2        0x2 
 .text.__i2b    0x080045c4       0x2c d:/arm-none-eabi-gcc/10 2021.10/bin/../lib/gcc/arm-none-eabi/10.3.1/../../../../arm-none-eabi/lib/thumb/v7-m/nofp\libg_nano.a(lib_a-mprec.o)
                0x080045c4                __i2b
 .text.__multiply
                0x080045f0      0x150 d:/arm-none-eabi-gcc/10 2021.10/bin/../lib/gcc/arm-none-eabi/10.3.1/../../../../arm-none-eabi/lib/thumb/v7-m/nofp\libg_nano.a(lib_a-mprec.o)
                0x080045f0                __multiply
 .text.__pow5mult
                0x08004740       0xb4 d:/arm-none-eabi-gcc/10 2021.10/bin/../lib/gcc/arm-none-eabi/10.3.1/../../../../arm-none-eabi/lib/thumb/v7-m/nofp\libg_nano.a(lib_a-mprec.o)
                0x08004740                __pow5mult
 .text.__lshift
                0x080047f4       0xe0 d:/arm-none-eabi-gcc/10 2021.10/bin/../lib/gcc/arm-none-eabi/10.3.1/../../../../arm-none-eabi/lib/thumb/v7-m/nofp\libg_nano.a(lib_a-mprec.o)
                0x080047f4                __lshift
 .text.__mcmp   0x080048d4       0x36 d:/arm-none-eabi-gcc/10 2021.10/bin/../lib/gcc/arm-none-eabi/10.3.1/../../../../arm-none-eabi/lib/thumb/v7-m/nofp\libg_nano.a(lib_a-mprec.o)
                0x080048d4                __mcmp
 *fill*         0x0800490a        0x2 
 .text.__mdiff  0x0800490c      0x118 d:/arm-none-eabi-gcc/10 2021.10/bin/../lib/gcc/arm-none-eabi/10.3.1/../../../../arm-none-eabi/lib/thumb/v7-m/nofp\libg_nano.a(lib_a-mprec.o)
                0x0800490c                __mdiff
 .text.__d2b    0x08004a24       0xb8 d:/arm-none-eabi-gcc/10 2021.10/bin/../lib/gcc/arm-none-eabi/10.3.1/../../../../arm-none-eabi/lib/thumb/v7-m/nofp\libg_nano.a(lib_a-mprec.o)
                0x08004a24                __d2b
 .text._calloc_r
                0x08004adc       0x28 d:/arm-none-eabi-gcc/10 2021.10/bin/../lib/gcc/arm-none-eabi/10.3.1/../../../../arm-none-eabi/lib/thumb/v7-m/nofp\libg_nano.a(lib_a-nano-callocr.o)
                0x08004adc                _calloc_r
 .text._free_r  0x08004b04       0x90 d:/arm-none-eabi-gcc/10 2021.10/bin/../lib/gcc/arm-none-eabi/10.3.1/../../../../arm-none-eabi/lib/thumb/v7-m/nofp\libg_nano.a(lib_a-nano-freer.o)
                0x08004b04                _free_r
 .text.sbrk_aligned
                0x08004b94       0x40 d:/arm-none-eabi-gcc/10 2021.10/bin/../lib/gcc/arm-none-eabi/10.3.1/../../../../arm-none-eabi/lib/thumb/v7-m/nofp\libg_nano.a(lib_a-nano-mallocr.o)
 .text._malloc_r
                0x08004bd4       0xe8 d:/arm-none-eabi-gcc/10 2021.10/bin/../lib/gcc/arm-none-eabi/10.3.1/../../../../arm-none-eabi/lib/thumb/v7-m/nofp\libg_nano.a(lib_a-nano-mallocr.o)
                0x08004bd4                _malloc_r
 .text._sbrk_r  0x08004cbc       0x20 d:/arm-none-eabi-gcc/10 2021.10/bin/../lib/gcc/arm-none-eabi/10.3.1/../../../../arm-none-eabi/lib/thumb/v7-m/nofp\libg_nano.a(lib_a-sbrkr.o)
                0x08004cbc                _sbrk_r
 .text.__assert_func
                0x08004cdc       0x3c d:/arm-none-eabi-gcc/10 2021.10/bin/../lib/gcc/arm-none-eabi/10.3.1/../../../../arm-none-eabi/lib/thumb/v7-m/nofp\libg_nano.a(lib_a-assert.o)
                0x08004cdc                __assert_func
 .text.fprintf  0x08004d18       0x24 d:/arm-none-eabi-gcc/10 2021.10/bin/../lib/gcc/arm-none-eabi/10.3.1/../../../../arm-none-eabi/lib/thumb/v7-m/nofp\libg_nano.a(lib_a-fprintf.o)
                0x08004d18                fiprintf
                0x08004d18                fprintf
 .text.__ascii_mbtowc
                0x08004d3c       0x24 d:/arm-none-eabi-gcc/10 2021.10/bin/../lib/gcc/arm-none-eabi/10.3.1/../../../../arm-none-eabi/lib/thumb/v7-m/nofp\libg_nano.a(lib_a-mbtowc_r.o)
                0x08004d3c                __ascii_mbtowc
 .text.__malloc_lock
                0x08004d60        0xc d:/arm-none-eabi-gcc/10 2021.10/bin/../lib/gcc/arm-none-eabi/10.3.1/../../../../arm-none-eabi/lib/thumb/v7-m/nofp\libg_nano.a(lib_a-mlock.o)
                0x08004d60                __malloc_lock
 .text.__malloc_unlock
                0x08004d6c        0xc d:/arm-none-eabi-gcc/10 2021.10/bin/../lib/gcc/arm-none-eabi/10.3.1/../../../../arm-none-eabi/lib/thumb/v7-m/nofp\libg_nano.a(lib_a-mlock.o)
                0x08004d6c                __malloc_unlock
 .text.__sfputc_r
                0x08004d78       0x2a d:/arm-none-eabi-gcc/10 2021.10/bin/../lib/gcc/arm-none-eabi/10.3.1/../../../../arm-none-eabi/lib/thumb/v7-m/nofp\libg_nano.a(lib_a-nano-vfprintf.o)
 .text.__sfputs_r
                0x08004da2       0x24 d:/arm-none-eabi-gcc/10 2021.10/bin/../lib/gcc/arm-none-eabi/10.3.1/../../../../arm-none-eabi/lib/thumb/v7-m/nofp\libg_nano.a(lib_a-nano-vfprintf.o)
                0x08004da2                __sfputs_r
 *fill*         0x08004dc6        0x2 
 .text._vfprintf_r
                0x08004dc8      0x260 d:/arm-none-eabi-gcc/10 2021.10/bin/../lib/gcc/arm-none-eabi/10.3.1/../../../../arm-none-eabi/lib/thumb/v7-m/nofp\libg_nano.a(lib_a-nano-vfprintf.o)
                0x08004dc8                _vfprintf_r
                0x08004dc8                _vfiprintf_r
 .text.__swbuf_r
                0x08005028       0xa4 d:/arm-none-eabi-gcc/10 2021.10/bin/../lib/gcc/arm-none-eabi/10.3.1/../../../../arm-none-eabi/lib/thumb/v7-m/nofp\libg_nano.a(lib_a-wbuf.o)
                0x08005028                __swbuf_r
 .text.__ascii_wctomb
                0x080050cc       0x1a d:/arm-none-eabi-gcc/10 2021.10/bin/../lib/gcc/arm-none-eabi/10.3.1/../../../../arm-none-eabi/lib/thumb/v7-m/nofp\libg_nano.a(lib_a-wctomb_r.o)
                0x080050cc                __ascii_wctomb
 *fill*         0x080050e6        0x2 
 .text.__swsetup_r
                0x080050e8       0xdc d:/arm-none-eabi-gcc/10 2021.10/bin/../lib/gcc/arm-none-eabi/10.3.1/../../../../arm-none-eabi/lib/thumb/v7-m/nofp\libg_nano.a(lib_a-wsetup.o)
                0x080050e8                __swsetup_r
 .text.abort    0x080051c4        0xe d:/arm-none-eabi-gcc/10 2021.10/bin/../lib/gcc/arm-none-eabi/10.3.1/../../../../arm-none-eabi/lib/thumb/v7-m/nofp\libg_nano.a(lib_a-abort.o)
                0x080051c4                abort
 *fill*         0x080051d2        0x2 
 .text.__sflush_r
                0x080051d4      0x104 d:/arm-none-eabi-gcc/10 2021.10/bin/../lib/gcc/arm-none-eabi/10.3.1/../../../../arm-none-eabi/lib/thumb/v7-m/nofp\libg_nano.a(lib_a-fflush.o)
                0x080051d4                __sflush_r
 .text._fflush_r
                0x080052d8       0x78 d:/arm-none-eabi-gcc/10 2021.10/bin/../lib/gcc/arm-none-eabi/10.3.1/../../../../arm-none-eabi/lib/thumb/v7-m/nofp\libg_nano.a(lib_a-fflush.o)
                0x080052d8                _fflush_r
 .text.std      0x08005350       0x48 d:/arm-none-eabi-gcc/10 2021.10/bin/../lib/gcc/arm-none-eabi/10.3.1/../../../../arm-none-eabi/lib/thumb/v7-m/nofp\libg_nano.a(lib_a-findfp.o)
 .text._cleanup_r
                0x08005398        0xc d:/arm-none-eabi-gcc/10 2021.10/bin/../lib/gcc/arm-none-eabi/10.3.1/../../../../arm-none-eabi/lib/thumb/v7-m/nofp\libg_nano.a(lib_a-findfp.o)
                0x08005398                _cleanup_r
 .text.__sfmoreglue
                0x080053a4       0x2c d:/arm-none-eabi-gcc/10 2021.10/bin/../lib/gcc/arm-none-eabi/10.3.1/../../../../arm-none-eabi/lib/thumb/v7-m/nofp\libg_nano.a(lib_a-findfp.o)
                0x080053a4                __sfmoreglue
 .text.__sfp_lock_acquire
                0x080053d0        0xc d:/arm-none-eabi-gcc/10 2021.10/bin/../lib/gcc/arm-none-eabi/10.3.1/../../../../arm-none-eabi/lib/thumb/v7-m/nofp\libg_nano.a(lib_a-findfp.o)
                0x080053d0                __sfp_lock_acquire
 .text.__sfp_lock_release
                0x080053dc        0xc d:/arm-none-eabi-gcc/10 2021.10/bin/../lib/gcc/arm-none-eabi/10.3.1/../../../../arm-none-eabi/lib/thumb/v7-m/nofp\libg_nano.a(lib_a-findfp.o)
                0x080053dc                __sfp_lock_release
 .text.__sinit_lock_acquire
                0x080053e8        0xc d:/arm-none-eabi-gcc/10 2021.10/bin/../lib/gcc/arm-none-eabi/10.3.1/../../../../arm-none-eabi/lib/thumb/v7-m/nofp\libg_nano.a(lib_a-findfp.o)
                0x080053e8                __sinit_lock_acquire
 .text.__sinit_lock_release
                0x080053f4        0xc d:/arm-none-eabi-gcc/10 2021.10/bin/../lib/gcc/arm-none-eabi/10.3.1/../../../../arm-none-eabi/lib/thumb/v7-m/nofp\libg_nano.a(lib_a-findfp.o)
                0x080053f4                __sinit_lock_release
 .text.__sinit  0x08005400       0x70 d:/arm-none-eabi-gcc/10 2021.10/bin/../lib/gcc/arm-none-eabi/10.3.1/../../../../arm-none-eabi/lib/thumb/v7-m/nofp\libg_nano.a(lib_a-findfp.o)
                0x08005400                __sinit
 .text.__sfp    0x08005470       0x8c d:/arm-none-eabi-gcc/10 2021.10/bin/../lib/gcc/arm-none-eabi/10.3.1/../../../../arm-none-eabi/lib/thumb/v7-m/nofp\libg_nano.a(lib_a-findfp.o)
                0x08005470                __sfp
 .text._fwalk_reent
                0x080054fc       0x3e d:/arm-none-eabi-gcc/10 2021.10/bin/../lib/gcc/arm-none-eabi/10.3.1/../../../../arm-none-eabi/lib/thumb/v7-m/nofp\libg_nano.a(lib_a-fwalk.o)
                0x080054fc                _fwalk_reent
 .text.__retarget_lock_init_recursive
                0x0800553a        0x2 d:/arm-none-eabi-gcc/10 2021.10/bin/../lib/gcc/arm-none-eabi/10.3.1/../../../../arm-none-eabi/lib/thumb/v7-m/nofp\libg_nano.a(lib_a-lock.o)
                0x0800553a                __retarget_lock_init_recursive
 .text.__retarget_lock_acquire_recursive
                0x0800553c        0x2 d:/arm-none-eabi-gcc/10 2021.10/bin/../lib/gcc/arm-none-eabi/10.3.1/../../../../arm-none-eabi/lib/thumb/v7-m/nofp\libg_nano.a(lib_a-lock.o)
                0x0800553c                __retarget_lock_acquire_recursive
 .text.__retarget_lock_release_recursive
                0x0800553e        0x2 d:/arm-none-eabi-gcc/10 2021.10/bin/../lib/gcc/arm-none-eabi/10.3.1/../../../../arm-none-eabi/lib/thumb/v7-m/nofp\libg_nano.a(lib_a-lock.o)
                0x0800553e                __retarget_lock_release_recursive
 .text.__swhatbuf_r
                0x08005540       0x4a d:/arm-none-eabi-gcc/10 2021.10/bin/../lib/gcc/arm-none-eabi/10.3.1/../../../../arm-none-eabi/lib/thumb/v7-m/nofp\libg_nano.a(lib_a-makebuf.o)
                0x08005540                __swhatbuf_r
 *fill*         0x0800558a        0x2 
 .text.__smakebuf_r
                0x0800558c       0x80 d:/arm-none-eabi-gcc/10 2021.10/bin/../lib/gcc/arm-none-eabi/10.3.1/../../../../arm-none-eabi/lib/thumb/v7-m/nofp\libg_nano.a(lib_a-makebuf.o)
                0x0800558c                __smakebuf_r
 .text._raise_r
                0x0800560c       0x50 d:/arm-none-eabi-gcc/10 2021.10/bin/../lib/gcc/arm-none-eabi/10.3.1/../../../../arm-none-eabi/lib/thumb/v7-m/nofp\libg_nano.a(lib_a-signal.o)
                0x0800560c                _raise_r
 .text.raise    0x0800565c       0x10 d:/arm-none-eabi-gcc/10 2021.10/bin/../lib/gcc/arm-none-eabi/10.3.1/../../../../arm-none-eabi/lib/thumb/v7-m/nofp\libg_nano.a(lib_a-signal.o)
                0x0800565c                raise
 .text._kill_r  0x0800566c       0x24 d:/arm-none-eabi-gcc/10 2021.10/bin/../lib/gcc/arm-none-eabi/10.3.1/../../../../arm-none-eabi/lib/thumb/v7-m/nofp\libg_nano.a(lib_a-signalr.o)
                0x0800566c                _kill_r
 .text._getpid_r
                0x08005690        0x4 d:/arm-none-eabi-gcc/10 2021.10/bin/../lib/gcc/arm-none-eabi/10.3.1/../../../../arm-none-eabi/lib/thumb/v7-m/nofp\libg_nano.a(lib_a-signalr.o)
                0x08005690                _getpid_r
 .text.__sread  0x08005694       0x22 d:/arm-none-eabi-gcc/10 2021.10/bin/../lib/gcc/arm-none-eabi/10.3.1/../../../../arm-none-eabi/lib/thumb/v7-m/nofp\libg_nano.a(lib_a-stdio.o)
                0x08005694                __sread
 .text.__swrite
                0x080056b6       0x38 d:/arm-none-eabi-gcc/10 2021.10/bin/../lib/gcc/arm-none-eabi/10.3.1/../../../../arm-none-eabi/lib/thumb/v7-m/nofp\libg_nano.a(lib_a-stdio.o)
                0x080056b6                __swrite
 .text.__sseek  0x080056ee       0x24 d:/arm-none-eabi-gcc/10 2021.10/bin/../lib/gcc/arm-none-eabi/10.3.1/../../../../arm-none-eabi/lib/thumb/v7-m/nofp\libg_nano.a(lib_a-stdio.o)
                0x080056ee                __sseek
 .text.__sclose
                0x08005712        0x8 d:/arm-none-eabi-gcc/10 2021.10/bin/../lib/gcc/arm-none-eabi/10.3.1/../../../../arm-none-eabi/lib/thumb/v7-m/nofp\libg_nano.a(lib_a-stdio.o)
                0x08005712                __sclose
 *fill*         0x0800571a        0x2 
 .text._write_r
                0x0800571c       0x24 d:/arm-none-eabi-gcc/10 2021.10/bin/../lib/gcc/arm-none-eabi/10.3.1/../../../../arm-none-eabi/lib/thumb/v7-m/nofp\libg_nano.a(lib_a-writer.o)
                0x0800571c                _write_r
 .text._close_r
                0x08005740       0x20 d:/arm-none-eabi-gcc/10 2021.10/bin/../lib/gcc/arm-none-eabi/10.3.1/../../../../arm-none-eabi/lib/thumb/v7-m/nofp\libg_nano.a(lib_a-closer.o)
                0x08005740                _close_r
 .text._fstat_r
                0x08005760       0x24 d:/arm-none-eabi-gcc/10 2021.10/bin/../lib/gcc/arm-none-eabi/10.3.1/../../../../arm-none-eabi/lib/thumb/v7-m/nofp\libg_nano.a(lib_a-fstatr.o)
                0x08005760                _fstat_r
 .text._isatty_r
                0x08005784       0x20 d:/arm-none-eabi-gcc/10 2021.10/bin/../lib/gcc/arm-none-eabi/10.3.1/../../../../arm-none-eabi/lib/thumb/v7-m/nofp\libg_nano.a(lib_a-isattyr.o)
                0x08005784                _isatty_r
 .text._lseek_r
                0x080057a4       0x24 d:/arm-none-eabi-gcc/10 2021.10/bin/../lib/gcc/arm-none-eabi/10.3.1/../../../../arm-none-eabi/lib/thumb/v7-m/nofp\libg_nano.a(lib_a-lseekr.o)
                0x080057a4                _lseek_r
 .text._read_r  0x080057c8       0x24 d:/arm-none-eabi-gcc/10 2021.10/bin/../lib/gcc/arm-none-eabi/10.3.1/../../../../arm-none-eabi/lib/thumb/v7-m/nofp\libg_nano.a(lib_a-readr.o)
                0x080057c8                _read_r
 .text._close   0x080057ec       0x10 d:/arm-none-eabi-gcc/10 2021.10/bin/../lib/gcc/arm-none-eabi/10.3.1/../../../../arm-none-eabi/lib/thumb/v7-m/nofp\libnosys.a(close.o)
                0x080057ec                _close
 .text._fstat   0x080057fc       0x10 d:/arm-none-eabi-gcc/10 2021.10/bin/../lib/gcc/arm-none-eabi/10.3.1/../../../../arm-none-eabi/lib/thumb/v7-m/nofp\libnosys.a(fstat.o)
                0x080057fc                _fstat
 .text._getpid  0x0800580c       0x10 d:/arm-none-eabi-gcc/10 2021.10/bin/../lib/gcc/arm-none-eabi/10.3.1/../../../../arm-none-eabi/lib/thumb/v7-m/nofp\libnosys.a(getpid.o)
                0x0800580c                _getpid
 .text._isatty  0x0800581c       0x10 d:/arm-none-eabi-gcc/10 2021.10/bin/../lib/gcc/arm-none-eabi/10.3.1/../../../../arm-none-eabi/lib/thumb/v7-m/nofp\libnosys.a(isatty.o)
                0x0800581c                _isatty
 .text._kill    0x0800582c       0x10 d:/arm-none-eabi-gcc/10 2021.10/bin/../lib/gcc/arm-none-eabi/10.3.1/../../../../arm-none-eabi/lib/thumb/v7-m/nofp\libnosys.a(kill.o)
                0x0800582c                _kill
 .text._lseek   0x0800583c       0x10 d:/arm-none-eabi-gcc/10 2021.10/bin/../lib/gcc/arm-none-eabi/10.3.1/../../../../arm-none-eabi/lib/thumb/v7-m/nofp\libnosys.a(lseek.o)
                0x0800583c                _lseek
 .text._read    0x0800584c       0x10 d:/arm-none-eabi-gcc/10 2021.10/bin/../lib/gcc/arm-none-eabi/10.3.1/../../../../arm-none-eabi/lib/thumb/v7-m/nofp\libnosys.a(read.o)
                0x0800584c                _read
 .text._sbrk    0x0800585c       0x1c d:/arm-none-eabi-gcc/10 2021.10/bin/../lib/gcc/arm-none-eabi/10.3.1/../../../../arm-none-eabi/lib/thumb/v7-m/nofp\libnosys.a(sbrk.o)
                0x0800585c                _sbrk
 .text._write   0x08005878       0x10 d:/arm-none-eabi-gcc/10 2021.10/bin/../lib/gcc/arm-none-eabi/10.3.1/../../../../arm-none-eabi/lib/thumb/v7-m/nofp\libnosys.a(write.o)
                0x08005878                _write
 .text._exit    0x08005888        0x4 d:/arm-none-eabi-gcc/10 2021.10/bin/../lib/gcc/arm-none-eabi/10.3.1/../../../../arm-none-eabi/lib/thumb/v7-m/nofp\libnosys.a(_exit.o)
                0x08005888                _exit
 *(.glue_7)
 .glue_7        0x0800588c        0x0 linker stubs
 *(.glue_7t)
 .glue_7t       0x0800588c        0x0 linker stubs
 *(.eh_frame)
 .eh_frame      0x0800588c        0x0 d:/arm-none-eabi-gcc/10 2021.10/bin/../lib/gcc/arm-none-eabi/10.3.1/thumb/v7-m/nofp/crtbegin.o
 *(.init)
 .init          0x0800588c        0x4 d:/arm-none-eabi-gcc/10 2021.10/bin/../lib/gcc/arm-none-eabi/10.3.1/thumb/v7-m/nofp/crti.o
                0x0800588c                _init
 .init          0x08005890        0x8 d:/arm-none-eabi-gcc/10 2021.10/bin/../lib/gcc/arm-none-eabi/10.3.1/thumb/v7-m/nofp/crtn.o
 *(.fini)
 .fini          0x08005898        0x4 d:/arm-none-eabi-gcc/10 2021.10/bin/../lib/gcc/arm-none-eabi/10.3.1/thumb/v7-m/nofp/crti.o
                0x08005898                _fini
 .fini          0x0800589c        0x8 d:/arm-none-eabi-gcc/10 2021.10/bin/../lib/gcc/arm-none-eabi/10.3.1/thumb/v7-m/nofp/crtn.o
                0x080058a4                . = ALIGN (0x4)
                0x080058a4                _etext = .

.vfp11_veneer   0x080058a4        0x0
 .vfp11_veneer  0x080058a4        0x0 linker stubs

.v4_bx          0x080058a4        0x0
 .v4_bx         0x080058a4        0x0 linker stubs

.iplt           0x080058a4        0x0
 .iplt          0x080058a4        0x0 d:/arm-none-eabi-gcc/10 2021.10/bin/../lib/gcc/arm-none-eabi/10.3.1/thumb/v7-m/nofp/crtbegin.o

.rodata         0x080058a8      0x464
                0x080058a8                . = ALIGN (0x4)
 *(.rodata)
 .rodata        0x080058a8       0x10 CMakeFiles/CLionSTM32Demo.elf.dir/user/src/main.c.obj
 *(.rodata*)
 .rodata.prvCreateIdleTasks.str1.4
                0x080058b8        0x5 CMakeFiles/CLionSTM32Demo.elf.dir/FreeRTOS/tasks.c.obj
 *fill*         0x080058bd        0x3 
 .rodata.prvCheckForValidListAndQueue.str1.4
                0x080058c0        0x5 CMakeFiles/CLionSTM32Demo.elf.dir/FreeRTOS/timers.c.obj
 *fill*         0x080058c5        0x3 
 .rodata.xTimerCreateTimerTask.str1.4
                0x080058c8        0x8 CMakeFiles/CLionSTM32Demo.elf.dir/FreeRTOS/timers.c.obj
 .rodata.main.str1.4
                0x080058d0       0x16 CMakeFiles/CLionSTM32Demo.elf.dir/user/src/main.c.obj
 *fill*         0x080058e6        0x2 
 .rodata._global_impure_ptr
                0x080058e8        0x4 d:/arm-none-eabi-gcc/10 2021.10/bin/../lib/gcc/arm-none-eabi/10.3.1/../../../../arm-none-eabi/lib/thumb/v7-m/nofp\libg_nano.a(lib_a-impure.o)
                0x080058e8                _global_impure_ptr
 .rodata._printf_float.str1.1
                0x080058ec       0x12 d:/arm-none-eabi-gcc/10 2021.10/bin/../lib/gcc/arm-none-eabi/10.3.1/../../../../arm-none-eabi/lib/thumb/v7-m/nofp\libg_nano.a(lib_a-nano-vfprintf_float.o)
 .rodata._printf_i.str1.1
                0x080058fe       0x22 d:/arm-none-eabi-gcc/10 2021.10/bin/../lib/gcc/arm-none-eabi/10.3.1/../../../../arm-none-eabi/lib/thumb/v7-m/nofp\libg_nano.a(lib_a-nano-vfprintf_i.o)
 .rodata._dtoa_r.str1.1
                0x08005920       0xb3 d:/arm-none-eabi-gcc/10 2021.10/bin/../lib/gcc/arm-none-eabi/10.3.1/../../../../arm-none-eabi/lib/thumb/v7-m/nofp\libg_nano.a(lib_a-dtoa.o)
                                 0xb5 (size before relaxing)
 .rodata._Balloc.str1.1
                0x080059d3       0x7f d:/arm-none-eabi-gcc/10 2021.10/bin/../lib/gcc/arm-none-eabi/10.3.1/../../../../arm-none-eabi/lib/thumb/v7-m/nofp\libg_nano.a(lib_a-mprec.o)
                                 0x96 (size before relaxing)
 .rodata.__multadd.str1.1
                0x08005a52       0x11 d:/arm-none-eabi-gcc/10 2021.10/bin/../lib/gcc/arm-none-eabi/10.3.1/../../../../arm-none-eabi/lib/thumb/v7-m/nofp\libg_nano.a(lib_a-mprec.o)
 *fill*         0x08005a52        0x6 
 .rodata.__mprec_bigtens
                0x08005a58       0x28 d:/arm-none-eabi-gcc/10 2021.10/bin/../lib/gcc/arm-none-eabi/10.3.1/../../../../arm-none-eabi/lib/thumb/v7-m/nofp\libg_nano.a(lib_a-mprec.o)
                0x08005a58                __mprec_bigtens
 .rodata.__mprec_tens
                0x08005a80       0xc8 d:/arm-none-eabi-gcc/10 2021.10/bin/../lib/gcc/arm-none-eabi/10.3.1/../../../../arm-none-eabi/lib/thumb/v7-m/nofp\libg_nano.a(lib_a-mprec.o)
                0x08005a80                __mprec_tens
 .rodata.p05.0  0x08005b48        0xc d:/arm-none-eabi-gcc/10 2021.10/bin/../lib/gcc/arm-none-eabi/10.3.1/../../../../arm-none-eabi/lib/thumb/v7-m/nofp\libg_nano.a(lib_a-mprec.o)
 .rodata.__assert_func.str1.1
                0x08005b54       0x3c d:/arm-none-eabi-gcc/10 2021.10/bin/../lib/gcc/arm-none-eabi/10.3.1/../../../../arm-none-eabi/lib/thumb/v7-m/nofp\libg_nano.a(lib_a-assert.o)
                                 0x3d (size before relaxing)
 .rodata._setlocale_r.str1.1
                0x08005b90        0x8 d:/arm-none-eabi-gcc/10 2021.10/bin/../lib/gcc/arm-none-eabi/10.3.1/../../../../arm-none-eabi/lib/thumb/v7-m/nofp\libg_nano.a(lib_a-locale.o)
                                  0x9 (size before relaxing)
 .rodata.str1.1
                0x08005b98        0x2 d:/arm-none-eabi-gcc/10 2021.10/bin/../lib/gcc/arm-none-eabi/10.3.1/../../../../arm-none-eabi/lib/thumb/v7-m/nofp\libg_nano.a(lib_a-locale.o)
 .rodata._vfprintf_r.str1.1
                0x08005b9a       0x11 d:/arm-none-eabi-gcc/10 2021.10/bin/../lib/gcc/arm-none-eabi/10.3.1/../../../../arm-none-eabi/lib/thumb/v7-m/nofp\libg_nano.a(lib_a-nano-vfprintf.o)
 .rodata._ctype_
                0x08005bab      0x101 d:/arm-none-eabi-gcc/10 2021.10/bin/../lib/gcc/arm-none-eabi/10.3.1/../../../../arm-none-eabi/lib/thumb/v7-m/nofp\libg_nano.a(lib_a-ctype_.o)
                0x08005bab                _ctype_
 .rodata.__sf_fake_stderr
                0x08005cac       0x20 d:/arm-none-eabi-gcc/10 2021.10/bin/../lib/gcc/arm-none-eabi/10.3.1/../../../../arm-none-eabi/lib/thumb/v7-m/nofp\libg_nano.a(lib_a-findfp.o)
                0x08005cac                __sf_fake_stderr
 .rodata.__sf_fake_stdin
                0x08005ccc       0x20 d:/arm-none-eabi-gcc/10 2021.10/bin/../lib/gcc/arm-none-eabi/10.3.1/../../../../arm-none-eabi/lib/thumb/v7-m/nofp\libg_nano.a(lib_a-findfp.o)
                0x08005ccc                __sf_fake_stdin
 .rodata.__sf_fake_stdout
                0x08005cec       0x20 d:/arm-none-eabi-gcc/10 2021.10/bin/../lib/gcc/arm-none-eabi/10.3.1/../../../../arm-none-eabi/lib/thumb/v7-m/nofp\libg_nano.a(lib_a-findfp.o)
                0x08005cec                __sf_fake_stdout
                0x08005d0c                . = ALIGN (0x4)

.rel.dyn        0x08005d0c        0x0
 .rel.iplt      0x08005d0c        0x0 d:/arm-none-eabi-gcc/10 2021.10/bin/../lib/gcc/arm-none-eabi/10.3.1/thumb/v7-m/nofp/crtbegin.o

.ARM.extab
 *(.ARM.extab* .gnu.linkonce.armextab.*)

.ARM            0x08005d0c        0x0
                0x08005d0c                __exidx_start = .
 *(.ARM.exidx*)
                0x08005d0c                __exidx_end = .

.preinit_array  0x08005d0c        0x0
                0x08005d0c                PROVIDE (__preinit_array_start = .)
 *(.preinit_array*)
                0x08005d0c                PROVIDE (__preinit_array_end = .)

.init_array     0x08005d0c        0x4
                0x08005d0c                PROVIDE (__init_array_start = .)
 *(SORT_BY_NAME(.init_array.*))
 *(.init_array*)
 .init_array    0x08005d0c        0x4 d:/arm-none-eabi-gcc/10 2021.10/bin/../lib/gcc/arm-none-eabi/10.3.1/thumb/v7-m/nofp/crtbegin.o
                0x08005d10                PROVIDE (__init_array_end = .)

.fini_array     0x08005d10        0x4
                [!provide]                PROVIDE (__fini_array_start = .)
 *(SORT_BY_NAME(.fini_array.*))
 *(.fini_array*)
 .fini_array    0x08005d10        0x4 d:/arm-none-eabi-gcc/10 2021.10/bin/../lib/gcc/arm-none-eabi/10.3.1/thumb/v7-m/nofp/crtbegin.o
                [!provide]                PROVIDE (__fini_array_end = .)
                0x08005d14                _sidata = LOADADDR (.data)

.data           0x20000000      0x1dc load address 0x08005d14
                0x20000000                . = ALIGN (0x4)
                0x20000000                _sdata = .
 *(.data)
 *(.data*)
 .data.uxCriticalNesting
                0x20000000        0x4 CMakeFiles/CLionSTM32Demo.elf.dir/FreeRTOS/portable/GCC/ARM_CM3/port.c.obj
 .data.uxTopUsedPriority
                0x20000004        0x4 CMakeFiles/CLionSTM32Demo.elf.dir/FreeRTOS/tasks.c.obj
 .data.SystemCoreClock
                0x20000008        0x4 CMakeFiles/CLionSTM32Demo.elf.dir/user/src/system_stm32f10x.c.obj
                0x20000008                SystemCoreClock
 .data._impure_ptr
                0x2000000c        0x4 d:/arm-none-eabi-gcc/10 2021.10/bin/../lib/gcc/arm-none-eabi/10.3.1/../../../../arm-none-eabi/lib/thumb/v7-m/nofp\libg_nano.a(lib_a-impure.o)
                0x2000000c                _impure_ptr
 .data.impure_data
                0x20000010       0x60 d:/arm-none-eabi-gcc/10 2021.10/bin/../lib/gcc/arm-none-eabi/10.3.1/../../../../arm-none-eabi/lib/thumb/v7-m/nofp\libg_nano.a(lib_a-impure.o)
 .data.__global_locale
                0x20000070      0x16c d:/arm-none-eabi-gcc/10 2021.10/bin/../lib/gcc/arm-none-eabi/10.3.1/../../../../arm-none-eabi/lib/thumb/v7-m/nofp\libg_nano.a(lib_a-locale.o)
                0x20000070                __global_locale
                0x200001dc                . = ALIGN (0x4)
                0x200001dc                _edata = .

.igot.plt       0x200001dc        0x0 load address 0x08005ef0
 .igot.plt      0x200001dc        0x0 d:/arm-none-eabi-gcc/10 2021.10/bin/../lib/gcc/arm-none-eabi/10.3.1/thumb/v7-m/nofp/crtbegin.o
                0x200001dc                . = ALIGN (0x4)

.bss            0x200001dc     0x29dc load address 0x08005ef0
                0x200001dc                _sbss = .
                0x200001dc                __bss_start__ = _sbss
 *(.bss)
 .bss           0x200001dc       0x1c d:/arm-none-eabi-gcc/10 2021.10/bin/../lib/gcc/arm-none-eabi/10.3.1/thumb/v7-m/nofp/crtbegin.o
 *(.bss*)
 .bss.ucMaxSysCallPriority
                0x200001f8        0x1 CMakeFiles/CLionSTM32Demo.elf.dir/FreeRTOS/portable/GCC/ARM_CM3/port.c.obj
 *fill*         0x200001f9        0x3 
 .bss.ulMaxPRIGROUPValue
                0x200001fc        0x4 CMakeFiles/CLionSTM32Demo.elf.dir/FreeRTOS/portable/GCC/ARM_CM3/port.c.obj
 .bss.pxEnd     0x20000200        0x4 CMakeFiles/CLionSTM32Demo.elf.dir/FreeRTOS/portable/MemMang/heap_4.c.obj
 .bss.ucHeap    0x20000204     0x2800 CMakeFiles/CLionSTM32Demo.elf.dir/FreeRTOS/portable/MemMang/heap_4.c.obj
 .bss.xFreeBytesRemaining
                0x20002a04        0x4 CMakeFiles/CLionSTM32Demo.elf.dir/FreeRTOS/portable/MemMang/heap_4.c.obj
 .bss.xMinimumEverFreeBytesRemaining
                0x20002a08        0x4 CMakeFiles/CLionSTM32Demo.elf.dir/FreeRTOS/portable/MemMang/heap_4.c.obj
 .bss.xNumberOfSuccessfulAllocations
                0x20002a0c        0x4 CMakeFiles/CLionSTM32Demo.elf.dir/FreeRTOS/portable/MemMang/heap_4.c.obj
 .bss.xNumberOfSuccessfulFrees
                0x20002a10        0x4 CMakeFiles/CLionSTM32Demo.elf.dir/FreeRTOS/portable/MemMang/heap_4.c.obj
 .bss.xStart    0x20002a14        0x8 CMakeFiles/CLionSTM32Demo.elf.dir/FreeRTOS/portable/MemMang/heap_4.c.obj
 .bss.xQueueRegistry
                0x20002a1c       0x40 CMakeFiles/CLionSTM32Demo.elf.dir/FreeRTOS/queue.c.obj
                0x20002a1c                xQueueRegistry
 .bss.pxCurrentTCB
                0x20002a5c        0x4 CMakeFiles/CLionSTM32Demo.elf.dir/FreeRTOS/tasks.c.obj
                0x20002a5c                pxCurrentTCB
 .bss.pxDelayedTaskList
                0x20002a60        0x4 CMakeFiles/CLionSTM32Demo.elf.dir/FreeRTOS/tasks.c.obj
 .bss.pxOverflowDelayedTaskList
                0x20002a64        0x4 CMakeFiles/CLionSTM32Demo.elf.dir/FreeRTOS/tasks.c.obj
 .bss.pxReadyTasksLists
                0x20002a68       0x64 CMakeFiles/CLionSTM32Demo.elf.dir/FreeRTOS/tasks.c.obj
 .bss.uxCurrentNumberOfTasks
                0x20002acc        0x4 CMakeFiles/CLionSTM32Demo.elf.dir/FreeRTOS/tasks.c.obj
 .bss.uxDeletedTasksWaitingCleanUp
                0x20002ad0        0x4 CMakeFiles/CLionSTM32Demo.elf.dir/FreeRTOS/tasks.c.obj
 .bss.uxSchedulerSuspended
                0x20002ad4        0x4 CMakeFiles/CLionSTM32Demo.elf.dir/FreeRTOS/tasks.c.obj
 .bss.uxTaskNumber
                0x20002ad8        0x4 CMakeFiles/CLionSTM32Demo.elf.dir/FreeRTOS/tasks.c.obj
 .bss.uxTopReadyPriority
                0x20002adc        0x4 CMakeFiles/CLionSTM32Demo.elf.dir/FreeRTOS/tasks.c.obj
 .bss.xDelayedTaskList1
                0x20002ae0       0x14 CMakeFiles/CLionSTM32Demo.elf.dir/FreeRTOS/tasks.c.obj
 .bss.xDelayedTaskList2
                0x20002af4       0x14 CMakeFiles/CLionSTM32Demo.elf.dir/FreeRTOS/tasks.c.obj
 .bss.xIdleTaskHandles
                0x20002b08        0x4 CMakeFiles/CLionSTM32Demo.elf.dir/FreeRTOS/tasks.c.obj
 .bss.xNextTaskUnblockTime
                0x20002b0c        0x4 CMakeFiles/CLionSTM32Demo.elf.dir/FreeRTOS/tasks.c.obj
 .bss.xNumOfOverflows
                0x20002b10        0x4 CMakeFiles/CLionSTM32Demo.elf.dir/FreeRTOS/tasks.c.obj
 .bss.xPendedTicks
                0x20002b14        0x4 CMakeFiles/CLionSTM32Demo.elf.dir/FreeRTOS/tasks.c.obj
 .bss.xPendingReadyList
                0x20002b18       0x14 CMakeFiles/CLionSTM32Demo.elf.dir/FreeRTOS/tasks.c.obj
 .bss.xSchedulerRunning
                0x20002b2c        0x4 CMakeFiles/CLionSTM32Demo.elf.dir/FreeRTOS/tasks.c.obj
                0x20002b2c                xSchedulerRunning
 .bss.xSuspendedTaskList
                0x20002b30       0x14 CMakeFiles/CLionSTM32Demo.elf.dir/FreeRTOS/tasks.c.obj
 .bss.xTasksWaitingTermination
                0x20002b44       0x14 CMakeFiles/CLionSTM32Demo.elf.dir/FreeRTOS/tasks.c.obj
 .bss.xTickCount
                0x20002b58        0x4 CMakeFiles/CLionSTM32Demo.elf.dir/FreeRTOS/tasks.c.obj
 .bss.xYieldPendings
                0x20002b5c        0x4 CMakeFiles/CLionSTM32Demo.elf.dir/FreeRTOS/tasks.c.obj
 .bss.pxCurrentTimerList
                0x20002b60        0x4 CMakeFiles/CLionSTM32Demo.elf.dir/FreeRTOS/timers.c.obj
 .bss.pxOverflowTimerList
                0x20002b64        0x4 CMakeFiles/CLionSTM32Demo.elf.dir/FreeRTOS/timers.c.obj
 .bss.xActiveTimerList1
                0x20002b68       0x14 CMakeFiles/CLionSTM32Demo.elf.dir/FreeRTOS/timers.c.obj
 .bss.xActiveTimerList2
                0x20002b7c       0x14 CMakeFiles/CLionSTM32Demo.elf.dir/FreeRTOS/timers.c.obj
 .bss.xLastTime.0
                0x20002b90        0x4 CMakeFiles/CLionSTM32Demo.elf.dir/FreeRTOS/timers.c.obj
 .bss.xTimerQueue
                0x20002b94        0x4 CMakeFiles/CLionSTM32Demo.elf.dir/FreeRTOS/timers.c.obj
 .bss.xTimerTaskHandle
                0x20002b98        0x4 CMakeFiles/CLionSTM32Demo.elf.dir/FreeRTOS/timers.c.obj
 .bss.xSemTask1
                0x20002b9c        0x4 CMakeFiles/CLionSTM32Demo.elf.dir/user/src/main.c.obj
 .bss.xSemTask2
                0x20002ba0        0x4 CMakeFiles/CLionSTM32Demo.elf.dir/user/src/main.c.obj
 .bss.__malloc_free_list
                0x20002ba4        0x4 d:/arm-none-eabi-gcc/10 2021.10/bin/../lib/gcc/arm-none-eabi/10.3.1/../../../../arm-none-eabi/lib/thumb/v7-m/nofp\libg_nano.a(lib_a-nano-mallocr.o)
                0x20002ba4                __malloc_free_list
 .bss.__malloc_sbrk_start
                0x20002ba8        0x4 d:/arm-none-eabi-gcc/10 2021.10/bin/../lib/gcc/arm-none-eabi/10.3.1/../../../../arm-none-eabi/lib/thumb/v7-m/nofp\libg_nano.a(lib_a-nano-mallocr.o)
                0x20002ba8                __malloc_sbrk_start
 .bss.errno     0x20002bac        0x4 d:/arm-none-eabi-gcc/10 2021.10/bin/../lib/gcc/arm-none-eabi/10.3.1/../../../../arm-none-eabi/lib/thumb/v7-m/nofp\libg_nano.a(lib_a-reent.o)
                0x20002bac                errno
 .bss.__lock___malloc_recursive_mutex
                0x20002bb0        0x1 d:/arm-none-eabi-gcc/10 2021.10/bin/../lib/gcc/arm-none-eabi/10.3.1/../../../../arm-none-eabi/lib/thumb/v7-m/nofp\libg_nano.a(lib_a-lock.o)
                0x20002bb0                __lock___malloc_recursive_mutex
 .bss.__lock___sfp_recursive_mutex
                0x20002bb1        0x1 d:/arm-none-eabi-gcc/10 2021.10/bin/../lib/gcc/arm-none-eabi/10.3.1/../../../../arm-none-eabi/lib/thumb/v7-m/nofp\libg_nano.a(lib_a-lock.o)
                0x20002bb1                __lock___sfp_recursive_mutex
 .bss.__lock___sinit_recursive_mutex
                0x20002bb2        0x1 d:/arm-none-eabi-gcc/10 2021.10/bin/../lib/gcc/arm-none-eabi/10.3.1/../../../../arm-none-eabi/lib/thumb/v7-m/nofp\libg_nano.a(lib_a-lock.o)
                0x20002bb2                __lock___sinit_recursive_mutex
 *fill*         0x20002bb3        0x1 
 .bss.heap_end.0
                0x20002bb4        0x4 d:/arm-none-eabi-gcc/10 2021.10/bin/../lib/gcc/arm-none-eabi/10.3.1/../../../../arm-none-eabi/lib/thumb/v7-m/nofp\libnosys.a(sbrk.o)
 *(COMMON)
                0x20002bb8                . = ALIGN (0x4)
                0x20002bb8                _ebss = .
                0x20002bb8                __bss_end__ = _ebss

.my_array_section
                0x20002bb8        0x0 load address 0x08005ef0
                0x20002bb8                . = ALIGN (0x4)
                0x20002bb8                __my_array_start = .
 *(.my_array_section)
                0x20002bb8                __my_array_end = .
                0x20002bb8                . = ALIGN (0x4)

._user_heap_stack
                0x20002bb8      0x600 load address 0x08005ef0
                0x20002bb8                . = ALIGN (0x8)
                0x20002bb8                PROVIDE (end = .)
                [!provide]                PROVIDE (_end = .)
                0x20002db8                . = (. + _Min_Heap_Size)
 *fill*         0x20002bb8      0x200 
                0x200031b8                . = (. + _Min_Stack_Size)
 *fill*         0x20002db8      0x400 
                0x200031b8                . = ALIGN (0x8)

/DISCARD/
 libc.a(*)
 libm.a(*)
 libgcc.a(*)

.ARM.attributes
                0x00000000       0x29
 *(.ARM.attributes)
 .ARM.attributes
                0x00000000       0x1d d:/arm-none-eabi-gcc/10 2021.10/bin/../lib/gcc/arm-none-eabi/10.3.1/thumb/v7-m/nofp/crti.o
 .ARM.attributes
                0x0000001d       0x2d d:/arm-none-eabi-gcc/10 2021.10/bin/../lib/gcc/arm-none-eabi/10.3.1/thumb/v7-m/nofp/crtbegin.o
 .ARM.attributes
                0x0000004a       0x2d CMakeFiles/CLionSTM32Demo.elf.dir/FreeRTOS/list.c.obj
 .ARM.attributes
                0x00000077       0x2d CMakeFiles/CLionSTM32Demo.elf.dir/FreeRTOS/portable/GCC/ARM_CM3/port.c.obj
 .ARM.attributes
                0x000000a4       0x2d CMakeFiles/CLionSTM32Demo.elf.dir/FreeRTOS/portable/MemMang/heap_4.c.obj
 .ARM.attributes
                0x000000d1       0x2d CMakeFiles/CLionSTM32Demo.elf.dir/FreeRTOS/queue.c.obj
 .ARM.attributes
                0x000000fe       0x2d CMakeFiles/CLionSTM32Demo.elf.dir/FreeRTOS/tasks.c.obj
 .ARM.attributes
                0x0000012b       0x2d CMakeFiles/CLionSTM32Demo.elf.dir/FreeRTOS/timers.c.obj
 .ARM.attributes
                0x00000158       0x2d CMakeFiles/CLionSTM32Demo.elf.dir/STM32F10x_FWLib/src/misc.c.obj
 .ARM.attributes
                0x00000185       0x2d CMakeFiles/CLionSTM32Demo.elf.dir/STM32F10x_FWLib/src/stm32f10x_gpio.c.obj
 .ARM.attributes
                0x000001b2       0x2d CMakeFiles/CLionSTM32Demo.elf.dir/STM32F10x_FWLib/src/stm32f10x_rcc.c.obj
 .ARM.attributes
                0x000001df       0x21 CMakeFiles/CLionSTM32Demo.elf.dir/startup/startup_stm32f103xb.s.obj
 .ARM.attributes
                0x00000200       0x2d CMakeFiles/CLionSTM32Demo.elf.dir/user/src/main.c.obj
 .ARM.attributes
                0x0000022d       0x2d CMakeFiles/CLionSTM32Demo.elf.dir/user/src/stm32f10x_it.c.obj
 .ARM.attributes
                0x0000025a       0x2d CMakeFiles/CLionSTM32Demo.elf.dir/user/src/system_stm32f10x.c.obj
 .ARM.attributes
                0x00000287       0x2d d:/arm-none-eabi-gcc/10 2021.10/bin/../lib/gcc/arm-none-eabi/10.3.1/../../../../arm-none-eabi/lib/thumb/v7-m/nofp\libg_nano.a(lib_a-impure.o)
 .ARM.attributes
                0x000002b4       0x2d d:/arm-none-eabi-gcc/10 2021.10/bin/../lib/gcc/arm-none-eabi/10.3.1/../../../../arm-none-eabi/lib/thumb/v7-m/nofp\libg_nano.a(lib_a-init.o)
 .ARM.attributes
                0x000002e1       0x2d d:/arm-none-eabi-gcc/10 2021.10/bin/../lib/gcc/arm-none-eabi/10.3.1/../../../../arm-none-eabi/lib/thumb/v7-m/nofp\libg_nano.a(lib_a-memcpy-stub.o)
 .ARM.attributes
                0x0000030e       0x2d d:/arm-none-eabi-gcc/10 2021.10/bin/../lib/gcc/arm-none-eabi/10.3.1/../../../../arm-none-eabi/lib/thumb/v7-m/nofp\libg_nano.a(lib_a-memset.o)
 .ARM.attributes
                0x0000033b       0x2d d:/arm-none-eabi-gcc/10 2021.10/bin/../lib/gcc/arm-none-eabi/10.3.1/../../../../arm-none-eabi/lib/thumb/v7-m/nofp\libg_nano.a(lib_a-nano-vfprintf_float.o)
 .ARM.attributes
                0x00000368       0x2d d:/arm-none-eabi-gcc/10 2021.10/bin/../lib/gcc/arm-none-eabi/10.3.1/../../../../arm-none-eabi/lib/thumb/v7-m/nofp\libg_nano.a(lib_a-nano-vfprintf_i.o)
 .ARM.attributes
                0x00000395       0x17 d:/arm-none-eabi-gcc/10 2021.10/bin/../lib/gcc/arm-none-eabi/10.3.1/../../../../arm-none-eabi/lib/thumb/v7-m/nofp\libg_nano.a(lib_a-strlen.o)
 .ARM.attributes
                0x000003ac       0x2d d:/arm-none-eabi-gcc/10 2021.10/bin/../lib/gcc/arm-none-eabi/10.3.1/../../../../arm-none-eabi/lib/thumb/v7-m/nofp\libg_nano.a(lib_a-dtoa.o)
 .ARM.attributes
                0x000003d9       0x2d d:/arm-none-eabi-gcc/10 2021.10/bin/../lib/gcc/arm-none-eabi/10.3.1/../../../../arm-none-eabi/lib/thumb/v7-m/nofp\libg_nano.a(lib_a-localeconv.o)
 .ARM.attributes
                0x00000406       0x2d d:/arm-none-eabi-gcc/10 2021.10/bin/../lib/gcc/arm-none-eabi/10.3.1/../../../../arm-none-eabi/lib/thumb/v7-m/nofp\libg_nano.a(lib_a-malloc.o)
 .ARM.attributes
                0x00000433       0x2d d:/arm-none-eabi-gcc/10 2021.10/bin/../lib/gcc/arm-none-eabi/10.3.1/../../../../arm-none-eabi/lib/thumb/v7-m/nofp\libg_nano.a(lib_a-memchr-stub.o)
 .ARM.attributes
                0x00000460       0x2d d:/arm-none-eabi-gcc/10 2021.10/bin/../lib/gcc/arm-none-eabi/10.3.1/../../../../arm-none-eabi/lib/thumb/v7-m/nofp\libg_nano.a(lib_a-mprec.o)
 .ARM.attributes
                0x0000048d       0x2d d:/arm-none-eabi-gcc/10 2021.10/bin/../lib/gcc/arm-none-eabi/10.3.1/../../../../arm-none-eabi/lib/thumb/v7-m/nofp\libg_nano.a(lib_a-nano-callocr.o)
 .ARM.attributes
                0x000004ba       0x2d d:/arm-none-eabi-gcc/10 2021.10/bin/../lib/gcc/arm-none-eabi/10.3.1/../../../../arm-none-eabi/lib/thumb/v7-m/nofp\libg_nano.a(lib_a-nano-freer.o)
 .ARM.attributes
                0x000004e7       0x2d d:/arm-none-eabi-gcc/10 2021.10/bin/../lib/gcc/arm-none-eabi/10.3.1/../../../../arm-none-eabi/lib/thumb/v7-m/nofp\libg_nano.a(lib_a-nano-mallocr.o)
 .ARM.attributes
                0x00000514       0x2d d:/arm-none-eabi-gcc/10 2021.10/bin/../lib/gcc/arm-none-eabi/10.3.1/../../../../arm-none-eabi/lib/thumb/v7-m/nofp\libg_nano.a(lib_a-sbrkr.o)
 .ARM.attributes
                0x00000541       0x2d d:/arm-none-eabi-gcc/10 2021.10/bin/../lib/gcc/arm-none-eabi/10.3.1/../../../../arm-none-eabi/lib/thumb/v7-m/nofp\libg_nano.a(lib_a-assert.o)
 .ARM.attributes
                0x0000056e       0x2d d:/arm-none-eabi-gcc/10 2021.10/bin/../lib/gcc/arm-none-eabi/10.3.1/../../../../arm-none-eabi/lib/thumb/v7-m/nofp\libg_nano.a(lib_a-fprintf.o)
 .ARM.attributes
                0x0000059b       0x2d d:/arm-none-eabi-gcc/10 2021.10/bin/../lib/gcc/arm-none-eabi/10.3.1/../../../../arm-none-eabi/lib/thumb/v7-m/nofp\libg_nano.a(lib_a-locale.o)
 .ARM.attributes
                0x000005c8       0x2d d:/arm-none-eabi-gcc/10 2021.10/bin/../lib/gcc/arm-none-eabi/10.3.1/../../../../arm-none-eabi/lib/thumb/v7-m/nofp\libg_nano.a(lib_a-mbtowc_r.o)
 .ARM.attributes
                0x000005f5       0x2d d:/arm-none-eabi-gcc/10 2021.10/bin/../lib/gcc/arm-none-eabi/10.3.1/../../../../arm-none-eabi/lib/thumb/v7-m/nofp\libg_nano.a(lib_a-mlock.o)
 .ARM.attributes
                0x00000622       0x2d d:/arm-none-eabi-gcc/10 2021.10/bin/../lib/gcc/arm-none-eabi/10.3.1/../../../../arm-none-eabi/lib/thumb/v7-m/nofp\libg_nano.a(lib_a-nano-vfprintf.o)
 .ARM.attributes
                0x0000064f       0x2d d:/arm-none-eabi-gcc/10 2021.10/bin/../lib/gcc/arm-none-eabi/10.3.1/../../../../arm-none-eabi/lib/thumb/v7-m/nofp\libg_nano.a(lib_a-reent.o)
 .ARM.attributes
                0x0000067c       0x2d d:/arm-none-eabi-gcc/10 2021.10/bin/../lib/gcc/arm-none-eabi/10.3.1/../../../../arm-none-eabi/lib/thumb/v7-m/nofp\libg_nano.a(lib_a-wbuf.o)
 .ARM.attributes
                0x000006a9       0x2d d:/arm-none-eabi-gcc/10 2021.10/bin/../lib/gcc/arm-none-eabi/10.3.1/../../../../arm-none-eabi/lib/thumb/v7-m/nofp\libg_nano.a(lib_a-wctomb_r.o)
 .ARM.attributes
                0x000006d6       0x2d d:/arm-none-eabi-gcc/10 2021.10/bin/../lib/gcc/arm-none-eabi/10.3.1/../../../../arm-none-eabi/lib/thumb/v7-m/nofp\libg_nano.a(lib_a-wsetup.o)
 .ARM.attributes
                0x00000703       0x2d d:/arm-none-eabi-gcc/10 2021.10/bin/../lib/gcc/arm-none-eabi/10.3.1/../../../../arm-none-eabi/lib/thumb/v7-m/nofp\libg_nano.a(lib_a-abort.o)
 .ARM.attributes
                0x00000730       0x2d d:/arm-none-eabi-gcc/10 2021.10/bin/../lib/gcc/arm-none-eabi/10.3.1/../../../../arm-none-eabi/lib/thumb/v7-m/nofp\libg_nano.a(lib_a-ctype_.o)
 .ARM.attributes
                0x0000075d       0x2d d:/arm-none-eabi-gcc/10 2021.10/bin/../lib/gcc/arm-none-eabi/10.3.1/../../../../arm-none-eabi/lib/thumb/v7-m/nofp\libg_nano.a(lib_a-fflush.o)
 .ARM.attributes
                0x0000078a       0x2d d:/arm-none-eabi-gcc/10 2021.10/bin/../lib/gcc/arm-none-eabi/10.3.1/../../../../arm-none-eabi/lib/thumb/v7-m/nofp\libg_nano.a(lib_a-findfp.o)
 .ARM.attributes
                0x000007b7       0x2d d:/arm-none-eabi-gcc/10 2021.10/bin/../lib/gcc/arm-none-eabi/10.3.1/../../../../arm-none-eabi/lib/thumb/v7-m/nofp\libg_nano.a(lib_a-fwalk.o)
 .ARM.attributes
                0x000007e4       0x2d d:/arm-none-eabi-gcc/10 2021.10/bin/../lib/gcc/arm-none-eabi/10.3.1/../../../../arm-none-eabi/lib/thumb/v7-m/nofp\libg_nano.a(lib_a-lock.o)
 .ARM.attributes
                0x00000811       0x2d d:/arm-none-eabi-gcc/10 2021.10/bin/../lib/gcc/arm-none-eabi/10.3.1/../../../../arm-none-eabi/lib/thumb/v7-m/nofp\libg_nano.a(lib_a-makebuf.o)
 .ARM.attributes
                0x0000083e       0x2d d:/arm-none-eabi-gcc/10 2021.10/bin/../lib/gcc/arm-none-eabi/10.3.1/../../../../arm-none-eabi/lib/thumb/v7-m/nofp\libg_nano.a(lib_a-signal.o)
 .ARM.attributes
                0x0000086b       0x2d d:/arm-none-eabi-gcc/10 2021.10/bin/../lib/gcc/arm-none-eabi/10.3.1/../../../../arm-none-eabi/lib/thumb/v7-m/nofp\libg_nano.a(lib_a-signalr.o)
 .ARM.attributes
                0x00000898       0x2d d:/arm-none-eabi-gcc/10 2021.10/bin/../lib/gcc/arm-none-eabi/10.3.1/../../../../arm-none-eabi/lib/thumb/v7-m/nofp\libg_nano.a(lib_a-stdio.o)
 .ARM.attributes
                0x000008c5       0x2d d:/arm-none-eabi-gcc/10 2021.10/bin/../lib/gcc/arm-none-eabi/10.3.1/../../../../arm-none-eabi/lib/thumb/v7-m/nofp\libg_nano.a(lib_a-writer.o)
 .ARM.attributes
                0x000008f2       0x2d d:/arm-none-eabi-gcc/10 2021.10/bin/../lib/gcc/arm-none-eabi/10.3.1/../../../../arm-none-eabi/lib/thumb/v7-m/nofp\libg_nano.a(lib_a-closer.o)
 .ARM.attributes
                0x0000091f       0x2d d:/arm-none-eabi-gcc/10 2021.10/bin/../lib/gcc/arm-none-eabi/10.3.1/../../../../arm-none-eabi/lib/thumb/v7-m/nofp\libg_nano.a(lib_a-fstatr.o)
 .ARM.attributes
                0x0000094c       0x2d d:/arm-none-eabi-gcc/10 2021.10/bin/../lib/gcc/arm-none-eabi/10.3.1/../../../../arm-none-eabi/lib/thumb/v7-m/nofp\libg_nano.a(lib_a-isattyr.o)
 .ARM.attributes
                0x00000979       0x2d d:/arm-none-eabi-gcc/10 2021.10/bin/../lib/gcc/arm-none-eabi/10.3.1/../../../../arm-none-eabi/lib/thumb/v7-m/nofp\libg_nano.a(lib_a-lseekr.o)
 .ARM.attributes
                0x000009a6       0x2d d:/arm-none-eabi-gcc/10 2021.10/bin/../lib/gcc/arm-none-eabi/10.3.1/../../../../arm-none-eabi/lib/thumb/v7-m/nofp\libg_nano.a(lib_a-readr.o)
 .ARM.attributes
                0x000009d3       0x1d d:/arm-none-eabi-gcc/10 2021.10/bin/../lib/gcc/arm-none-eabi/10.3.1/thumb/v7-m/nofp\libgcc.a(_arm_addsubdf3.o)
 .ARM.attributes
                0x000009f0       0x1d d:/arm-none-eabi-gcc/10 2021.10/bin/../lib/gcc/arm-none-eabi/10.3.1/thumb/v7-m/nofp\libgcc.a(_arm_muldivdf3.o)
 .ARM.attributes
                0x00000a0d       0x1d d:/arm-none-eabi-gcc/10 2021.10/bin/../lib/gcc/arm-none-eabi/10.3.1/thumb/v7-m/nofp\libgcc.a(_arm_cmpdf2.o)
 .ARM.attributes
                0x00000a2a       0x1d d:/arm-none-eabi-gcc/10 2021.10/bin/../lib/gcc/arm-none-eabi/10.3.1/thumb/v7-m/nofp\libgcc.a(_arm_unorddf2.o)
 .ARM.attributes
                0x00000a47       0x1d d:/arm-none-eabi-gcc/10 2021.10/bin/../lib/gcc/arm-none-eabi/10.3.1/thumb/v7-m/nofp\libgcc.a(_arm_fixdfsi.o)
 .ARM.attributes
                0x00000a64       0x2d d:/arm-none-eabi-gcc/10 2021.10/bin/../lib/gcc/arm-none-eabi/10.3.1/../../../../arm-none-eabi/lib/thumb/v7-m/nofp\libnosys.a(close.o)
 .ARM.attributes
                0x00000a91       0x2d d:/arm-none-eabi-gcc/10 2021.10/bin/../lib/gcc/arm-none-eabi/10.3.1/../../../../arm-none-eabi/lib/thumb/v7-m/nofp\libnosys.a(fstat.o)
 .ARM.attributes
                0x00000abe       0x2d d:/arm-none-eabi-gcc/10 2021.10/bin/../lib/gcc/arm-none-eabi/10.3.1/../../../../arm-none-eabi/lib/thumb/v7-m/nofp\libnosys.a(getpid.o)
 .ARM.attributes
                0x00000aeb       0x2d d:/arm-none-eabi-gcc/10 2021.10/bin/../lib/gcc/arm-none-eabi/10.3.1/../../../../arm-none-eabi/lib/thumb/v7-m/nofp\libnosys.a(isatty.o)
 .ARM.attributes
                0x00000b18       0x2d d:/arm-none-eabi-gcc/10 2021.10/bin/../lib/gcc/arm-none-eabi/10.3.1/../../../../arm-none-eabi/lib/thumb/v7-m/nofp\libnosys.a(kill.o)
 .ARM.attributes
                0x00000b45       0x2d d:/arm-none-eabi-gcc/10 2021.10/bin/../lib/gcc/arm-none-eabi/10.3.1/../../../../arm-none-eabi/lib/thumb/v7-m/nofp\libnosys.a(lseek.o)
 .ARM.attributes
                0x00000b72       0x2d d:/arm-none-eabi-gcc/10 2021.10/bin/../lib/gcc/arm-none-eabi/10.3.1/../../../../arm-none-eabi/lib/thumb/v7-m/nofp\libnosys.a(read.o)
 .ARM.attributes
                0x00000b9f       0x2d d:/arm-none-eabi-gcc/10 2021.10/bin/../lib/gcc/arm-none-eabi/10.3.1/../../../../arm-none-eabi/lib/thumb/v7-m/nofp\libnosys.a(sbrk.o)
 .ARM.attributes
                0x00000bcc       0x2d d:/arm-none-eabi-gcc/10 2021.10/bin/../lib/gcc/arm-none-eabi/10.3.1/../../../../arm-none-eabi/lib/thumb/v7-m/nofp\libnosys.a(write.o)
 .ARM.attributes
                0x00000bf9       0x2d d:/arm-none-eabi-gcc/10 2021.10/bin/../lib/gcc/arm-none-eabi/10.3.1/../../../../arm-none-eabi/lib/thumb/v7-m/nofp\libnosys.a(_exit.o)
 .ARM.attributes
                0x00000c26       0x1d d:/arm-none-eabi-gcc/10 2021.10/bin/../lib/gcc/arm-none-eabi/10.3.1/thumb/v7-m/nofp/crtn.o
OUTPUT(CLionSTM32Demo.elf elf32-littlearm)
LOAD linker stubs
LOAD d:/arm-none-eabi-gcc/10 2021.10/bin/../lib/gcc/arm-none-eabi/10.3.1/../../../../arm-none-eabi/lib/thumb/v7-m/nofp\libc.a
LOAD d:/arm-none-eabi-gcc/10 2021.10/bin/../lib/gcc/arm-none-eabi/10.3.1/../../../../arm-none-eabi/lib/thumb/v7-m/nofp\libm.a
LOAD d:/arm-none-eabi-gcc/10 2021.10/bin/../lib/gcc/arm-none-eabi/10.3.1/thumb/v7-m/nofp\libgcc.a

.debug_info     0x00000000     0xa5d1
 .debug_info    0x00000000      0x2db CMakeFiles/CLionSTM32Demo.elf.dir/FreeRTOS/list.c.obj
 .debug_info    0x000002db      0x5fa CMakeFiles/CLionSTM32Demo.elf.dir/FreeRTOS/portable/GCC/ARM_CM3/port.c.obj
 .debug_info    0x000008d5      0x741 CMakeFiles/CLionSTM32Demo.elf.dir/FreeRTOS/portable/MemMang/heap_4.c.obj
 .debug_info    0x00001016     0x2455 CMakeFiles/CLionSTM32Demo.elf.dir/FreeRTOS/queue.c.obj
 .debug_info    0x0000346b     0x3832 CMakeFiles/CLionSTM32Demo.elf.dir/FreeRTOS/tasks.c.obj
 .debug_info    0x00006c9d     0x13ca CMakeFiles/CLionSTM32Demo.elf.dir/FreeRTOS/timers.c.obj
 .debug_info    0x00008067      0x52c CMakeFiles/CLionSTM32Demo.elf.dir/STM32F10x_FWLib/src/misc.c.obj
 .debug_info    0x00008593      0x91e CMakeFiles/CLionSTM32Demo.elf.dir/STM32F10x_FWLib/src/stm32f10x_gpio.c.obj
 .debug_info    0x00008eb1      0x97f CMakeFiles/CLionSTM32Demo.elf.dir/STM32F10x_FWLib/src/stm32f10x_rcc.c.obj
 .debug_info    0x00009830       0x22 CMakeFiles/CLionSTM32Demo.elf.dir/startup/startup_stm32f103xb.s.obj
 .debug_info    0x00009852      0x7b9 CMakeFiles/CLionSTM32Demo.elf.dir/user/src/main.c.obj
 .debug_info    0x0000a00b      0x12a CMakeFiles/CLionSTM32Demo.elf.dir/user/src/stm32f10x_it.c.obj
 .debug_info    0x0000a135      0x49c CMakeFiles/CLionSTM32Demo.elf.dir/user/src/system_stm32f10x.c.obj

.debug_abbrev   0x00000000     0x1906
 .debug_abbrev  0x00000000       0xff CMakeFiles/CLionSTM32Demo.elf.dir/FreeRTOS/list.c.obj
 .debug_abbrev  0x000000ff      0x28e CMakeFiles/CLionSTM32Demo.elf.dir/FreeRTOS/portable/GCC/ARM_CM3/port.c.obj
 .debug_abbrev  0x0000038d      0x29b CMakeFiles/CLionSTM32Demo.elf.dir/FreeRTOS/portable/MemMang/heap_4.c.obj
 .debug_abbrev  0x00000628      0x2d7 CMakeFiles/CLionSTM32Demo.elf.dir/FreeRTOS/queue.c.obj
 .debug_abbrev  0x000008ff      0x345 CMakeFiles/CLionSTM32Demo.elf.dir/FreeRTOS/tasks.c.obj
 .debug_abbrev  0x00000c44      0x288 CMakeFiles/CLionSTM32Demo.elf.dir/FreeRTOS/timers.c.obj
 .debug_abbrev  0x00000ecc      0x198 CMakeFiles/CLionSTM32Demo.elf.dir/STM32F10x_FWLib/src/misc.c.obj
 .debug_abbrev  0x00001064      0x220 CMakeFiles/CLionSTM32Demo.elf.dir/STM32F10x_FWLib/src/stm32f10x_gpio.c.obj
 .debug_abbrev  0x00001284      0x204 CMakeFiles/CLionSTM32Demo.elf.dir/STM32F10x_FWLib/src/stm32f10x_rcc.c.obj
 .debug_abbrev  0x00001488       0x12 CMakeFiles/CLionSTM32Demo.elf.dir/startup/startup_stm32f103xb.s.obj
 .debug_abbrev  0x0000149a      0x214 CMakeFiles/CLionSTM32Demo.elf.dir/user/src/main.c.obj
 .debug_abbrev  0x000016ae       0xa0 CMakeFiles/CLionSTM32Demo.elf.dir/user/src/stm32f10x_it.c.obj
 .debug_abbrev  0x0000174e      0x1b8 CMakeFiles/CLionSTM32Demo.elf.dir/user/src/system_stm32f10x.c.obj

.debug_loc      0x00000000     0x6fac
 .debug_loc     0x00000000       0xad CMakeFiles/CLionSTM32Demo.elf.dir/FreeRTOS/list.c.obj
 .debug_loc     0x000000ad      0x12e CMakeFiles/CLionSTM32Demo.elf.dir/FreeRTOS/portable/GCC/ARM_CM3/port.c.obj
 .debug_loc     0x000001db      0x589 CMakeFiles/CLionSTM32Demo.elf.dir/FreeRTOS/portable/MemMang/heap_4.c.obj
 .debug_loc     0x00000764     0x1962 CMakeFiles/CLionSTM32Demo.elf.dir/FreeRTOS/queue.c.obj
 .debug_loc     0x000020c6     0x2fe3 CMakeFiles/CLionSTM32Demo.elf.dir/FreeRTOS/tasks.c.obj
 .debug_loc     0x000050a9      0xf1e CMakeFiles/CLionSTM32Demo.elf.dir/FreeRTOS/timers.c.obj
 .debug_loc     0x00005fc7      0x16b CMakeFiles/CLionSTM32Demo.elf.dir/STM32F10x_FWLib/src/misc.c.obj
 .debug_loc     0x00006132      0x62c CMakeFiles/CLionSTM32Demo.elf.dir/STM32F10x_FWLib/src/stm32f10x_gpio.c.obj
 .debug_loc     0x0000675e      0x654 CMakeFiles/CLionSTM32Demo.elf.dir/STM32F10x_FWLib/src/stm32f10x_rcc.c.obj
 .debug_loc     0x00006db2       0xfb CMakeFiles/CLionSTM32Demo.elf.dir/user/src/main.c.obj
 .debug_loc     0x00006ead       0xff CMakeFiles/CLionSTM32Demo.elf.dir/user/src/system_stm32f10x.c.obj

.debug_aranges  0x00000000      0x870
 .debug_aranges
                0x00000000       0x40 CMakeFiles/CLionSTM32Demo.elf.dir/FreeRTOS/list.c.obj
 .debug_aranges
                0x00000040       0x78 CMakeFiles/CLionSTM32Demo.elf.dir/FreeRTOS/portable/GCC/ARM_CM3/port.c.obj
 .debug_aranges
                0x000000b8       0x70 CMakeFiles/CLionSTM32Demo.elf.dir/FreeRTOS/portable/MemMang/heap_4.c.obj
 .debug_aranges
                0x00000128      0x140 CMakeFiles/CLionSTM32Demo.elf.dir/FreeRTOS/queue.c.obj
 .debug_aranges
                0x00000268      0x228 CMakeFiles/CLionSTM32Demo.elf.dir/FreeRTOS/tasks.c.obj
 .debug_aranges
                0x00000490       0xf8 CMakeFiles/CLionSTM32Demo.elf.dir/FreeRTOS/timers.c.obj
 .debug_aranges
                0x00000588       0x40 CMakeFiles/CLionSTM32Demo.elf.dir/STM32F10x_FWLib/src/misc.c.obj
 .debug_aranges
                0x000005c8       0xa8 CMakeFiles/CLionSTM32Demo.elf.dir/STM32F10x_FWLib/src/stm32f10x_gpio.c.obj
 .debug_aranges
                0x00000670      0x118 CMakeFiles/CLionSTM32Demo.elf.dir/STM32F10x_FWLib/src/stm32f10x_rcc.c.obj
 .debug_aranges
                0x00000788       0x28 CMakeFiles/CLionSTM32Demo.elf.dir/startup/startup_stm32f103xb.s.obj
 .debug_aranges
                0x000007b0       0x38 CMakeFiles/CLionSTM32Demo.elf.dir/user/src/main.c.obj
 .debug_aranges
                0x000007e8       0x50 CMakeFiles/CLionSTM32Demo.elf.dir/user/src/stm32f10x_it.c.obj
 .debug_aranges
                0x00000838       0x38 CMakeFiles/CLionSTM32Demo.elf.dir/user/src/system_stm32f10x.c.obj

.debug_ranges   0x00000000      0xb58
 .debug_ranges  0x00000000       0x30 CMakeFiles/CLionSTM32Demo.elf.dir/FreeRTOS/list.c.obj
 .debug_ranges  0x00000030       0x80 CMakeFiles/CLionSTM32Demo.elf.dir/FreeRTOS/portable/GCC/ARM_CM3/port.c.obj
 .debug_ranges  0x000000b0       0x60 CMakeFiles/CLionSTM32Demo.elf.dir/FreeRTOS/portable/MemMang/heap_4.c.obj
 .debug_ranges  0x00000110      0x230 CMakeFiles/CLionSTM32Demo.elf.dir/FreeRTOS/queue.c.obj
 .debug_ranges  0x00000340      0x480 CMakeFiles/CLionSTM32Demo.elf.dir/FreeRTOS/tasks.c.obj
 .debug_ranges  0x000007c0       0xe8 CMakeFiles/CLionSTM32Demo.elf.dir/FreeRTOS/timers.c.obj
 .debug_ranges  0x000008a8       0x30 CMakeFiles/CLionSTM32Demo.elf.dir/STM32F10x_FWLib/src/misc.c.obj
 .debug_ranges  0x000008d8       0x98 CMakeFiles/CLionSTM32Demo.elf.dir/STM32F10x_FWLib/src/stm32f10x_gpio.c.obj
 .debug_ranges  0x00000970      0x108 CMakeFiles/CLionSTM32Demo.elf.dir/STM32F10x_FWLib/src/stm32f10x_rcc.c.obj
 .debug_ranges  0x00000a78       0x20 CMakeFiles/CLionSTM32Demo.elf.dir/startup/startup_stm32f103xb.s.obj
 .debug_ranges  0x00000a98       0x58 CMakeFiles/CLionSTM32Demo.elf.dir/user/src/main.c.obj
 .debug_ranges  0x00000af0       0x40 CMakeFiles/CLionSTM32Demo.elf.dir/user/src/stm32f10x_it.c.obj
 .debug_ranges  0x00000b30       0x28 CMakeFiles/CLionSTM32Demo.elf.dir/user/src/system_stm32f10x.c.obj

.debug_line     0x00000000     0x9521
 .debug_line    0x00000000      0x36f CMakeFiles/CLionSTM32Demo.elf.dir/FreeRTOS/list.c.obj
 .debug_line    0x0000036f      0x6de CMakeFiles/CLionSTM32Demo.elf.dir/FreeRTOS/portable/GCC/ARM_CM3/port.c.obj
 .debug_line    0x00000a4d      0x968 CMakeFiles/CLionSTM32Demo.elf.dir/FreeRTOS/portable/MemMang/heap_4.c.obj
 .debug_line    0x000013b5     0x1e13 CMakeFiles/CLionSTM32Demo.elf.dir/FreeRTOS/queue.c.obj
 .debug_line    0x000031c8     0x39ae CMakeFiles/CLionSTM32Demo.elf.dir/FreeRTOS/tasks.c.obj
 .debug_line    0x00006b76      0xd94 CMakeFiles/CLionSTM32Demo.elf.dir/FreeRTOS/timers.c.obj
 .debug_line    0x0000790a      0x2b8 CMakeFiles/CLionSTM32Demo.elf.dir/STM32F10x_FWLib/src/misc.c.obj
 .debug_line    0x00007bc2      0x6d6 CMakeFiles/CLionSTM32Demo.elf.dir/STM32F10x_FWLib/src/stm32f10x_gpio.c.obj
 .debug_line    0x00008298      0x884 CMakeFiles/CLionSTM32Demo.elf.dir/STM32F10x_FWLib/src/stm32f10x_rcc.c.obj
 .debug_line    0x00008b1c       0x9f CMakeFiles/CLionSTM32Demo.elf.dir/startup/startup_stm32f103xb.s.obj
 .debug_line    0x00008bbb      0x418 CMakeFiles/CLionSTM32Demo.elf.dir/user/src/main.c.obj
 .debug_line    0x00008fd3      0x188 CMakeFiles/CLionSTM32Demo.elf.dir/user/src/stm32f10x_it.c.obj
 .debug_line    0x0000915b      0x3c6 CMakeFiles/CLionSTM32Demo.elf.dir/user/src/system_stm32f10x.c.obj

.debug_str      0x00000000     0x3045
 .debug_str     0x00000000      0x2c5 CMakeFiles/CLionSTM32Demo.elf.dir/FreeRTOS/list.c.obj
                                0x312 (size before relaxing)
 .debug_str     0x000002c5      0x2e5 CMakeFiles/CLionSTM32Demo.elf.dir/FreeRTOS/portable/GCC/ARM_CM3/port.c.obj
                                0x4b0 (size before relaxing)
 .debug_str     0x000005aa      0x381 CMakeFiles/CLionSTM32Demo.elf.dir/FreeRTOS/portable/MemMang/heap_4.c.obj
                                0x59b (size before relaxing)
 .debug_str     0x0000092b      0x86e CMakeFiles/CLionSTM32Demo.elf.dir/FreeRTOS/queue.c.obj
                                0xbff (size before relaxing)
 .debug_str     0x00001199      0xc9d CMakeFiles/CLionSTM32Demo.elf.dir/FreeRTOS/tasks.c.obj
                               0x1338 (size before relaxing)
 .debug_str     0x00001e36      0x491 CMakeFiles/CLionSTM32Demo.elf.dir/FreeRTOS/timers.c.obj
                                0x970 (size before relaxing)
 .debug_str     0x000022c7      0x277 CMakeFiles/CLionSTM32Demo.elf.dir/STM32F10x_FWLib/src/misc.c.obj
                                0x419 (size before relaxing)
 .debug_str     0x0000253e      0x3b4 CMakeFiles/CLionSTM32Demo.elf.dir/STM32F10x_FWLib/src/stm32f10x_gpio.c.obj
                                0x591 (size before relaxing)
 .debug_str     0x000028f2      0x440 CMakeFiles/CLionSTM32Demo.elf.dir/STM32F10x_FWLib/src/stm32f10x_rcc.c.obj
                                0x67b (size before relaxing)
 .debug_str     0x00002d32       0x4e CMakeFiles/CLionSTM32Demo.elf.dir/startup/startup_stm32f103xb.s.obj
                                 0x82 (size before relaxing)
 .debug_str     0x00002d80      0x177 CMakeFiles/CLionSTM32Demo.elf.dir/user/src/main.c.obj
                                0x59c (size before relaxing)
 .debug_str     0x00002ef7       0xaf CMakeFiles/CLionSTM32Demo.elf.dir/user/src/stm32f10x_it.c.obj
                                0x26d (size before relaxing)
 .debug_str     0x00002fa6       0x9f CMakeFiles/CLionSTM32Demo.elf.dir/user/src/system_stm32f10x.c.obj
                                0x336 (size before relaxing)

.comment        0x00000000       0x49
 .comment       0x00000000       0x49 CMakeFiles/CLionSTM32Demo.elf.dir/FreeRTOS/list.c.obj
                                 0x4a (size before relaxing)
 .comment       0x00000049       0x4a CMakeFiles/CLionSTM32Demo.elf.dir/FreeRTOS/portable/GCC/ARM_CM3/port.c.obj
 .comment       0x00000049       0x4a CMakeFiles/CLionSTM32Demo.elf.dir/FreeRTOS/portable/MemMang/heap_4.c.obj
 .comment       0x00000049       0x4a CMakeFiles/CLionSTM32Demo.elf.dir/FreeRTOS/queue.c.obj
 .comment       0x00000049       0x4a CMakeFiles/CLionSTM32Demo.elf.dir/FreeRTOS/tasks.c.obj
 .comment       0x00000049       0x4a CMakeFiles/CLionSTM32Demo.elf.dir/FreeRTOS/timers.c.obj
 .comment       0x00000049       0x4a CMakeFiles/CLionSTM32Demo.elf.dir/STM32F10x_FWLib/src/misc.c.obj
 .comment       0x00000049       0x4a CMakeFiles/CLionSTM32Demo.elf.dir/STM32F10x_FWLib/src/stm32f10x_gpio.c.obj
 .comment       0x00000049       0x4a CMakeFiles/CLionSTM32Demo.elf.dir/STM32F10x_FWLib/src/stm32f10x_rcc.c.obj
 .comment       0x00000049       0x4a CMakeFiles/CLionSTM32Demo.elf.dir/user/src/main.c.obj
 .comment       0x00000049       0x4a CMakeFiles/CLionSTM32Demo.elf.dir/user/src/stm32f10x_it.c.obj
 .comment       0x00000049       0x4a CMakeFiles/CLionSTM32Demo.elf.dir/user/src/system_stm32f10x.c.obj

.debug_frame    0x00000000     0x2754
 .debug_frame   0x00000000       0x70 CMakeFiles/CLionSTM32Demo.elf.dir/FreeRTOS/list.c.obj
 .debug_frame   0x00000070       0xf0 CMakeFiles/CLionSTM32Demo.elf.dir/FreeRTOS/portable/GCC/ARM_CM3/port.c.obj
 .debug_frame   0x00000160      0x10c CMakeFiles/CLionSTM32Demo.elf.dir/FreeRTOS/portable/MemMang/heap_4.c.obj
 .debug_frame   0x0000026c      0x3ec CMakeFiles/CLionSTM32Demo.elf.dir/FreeRTOS/queue.c.obj
 .debug_frame   0x00000658      0x700 CMakeFiles/CLionSTM32Demo.elf.dir/FreeRTOS/tasks.c.obj
 .debug_frame   0x00000d58      0x2e8 CMakeFiles/CLionSTM32Demo.elf.dir/FreeRTOS/timers.c.obj
 .debug_frame   0x00001040       0x60 CMakeFiles/CLionSTM32Demo.elf.dir/STM32F10x_FWLib/src/misc.c.obj
 .debug_frame   0x000010a0      0x160 CMakeFiles/CLionSTM32Demo.elf.dir/STM32F10x_FWLib/src/stm32f10x_gpio.c.obj
 .debug_frame   0x00001200      0x228 CMakeFiles/CLionSTM32Demo.elf.dir/STM32F10x_FWLib/src/stm32f10x_rcc.c.obj
 .debug_frame   0x00001428       0x80 CMakeFiles/CLionSTM32Demo.elf.dir/user/src/main.c.obj
 .debug_frame   0x000014a8       0x88 CMakeFiles/CLionSTM32Demo.elf.dir/user/src/stm32f10x_it.c.obj
 .debug_frame   0x00001530       0x6c CMakeFiles/CLionSTM32Demo.elf.dir/user/src/system_stm32f10x.c.obj
 .debug_frame   0x0000159c       0x2c d:/arm-none-eabi-gcc/10 2021.10/bin/../lib/gcc/arm-none-eabi/10.3.1/../../../../arm-none-eabi/lib/thumb/v7-m/nofp\libg_nano.a(lib_a-init.o)
 .debug_frame   0x000015c8       0x28 d:/arm-none-eabi-gcc/10 2021.10/bin/../lib/gcc/arm-none-eabi/10.3.1/../../../../arm-none-eabi/lib/thumb/v7-m/nofp\libg_nano.a(lib_a-memcpy-stub.o)
 .debug_frame   0x000015f0       0x20 d:/arm-none-eabi-gcc/10 2021.10/bin/../lib/gcc/arm-none-eabi/10.3.1/../../../../arm-none-eabi/lib/thumb/v7-m/nofp\libg_nano.a(lib_a-memset.o)
 .debug_frame   0x00001610       0x94 d:/arm-none-eabi-gcc/10 2021.10/bin/../lib/gcc/arm-none-eabi/10.3.1/../../../../arm-none-eabi/lib/thumb/v7-m/nofp\libg_nano.a(lib_a-nano-vfprintf_float.o)
 .debug_frame   0x000016a4       0x60 d:/arm-none-eabi-gcc/10 2021.10/bin/../lib/gcc/arm-none-eabi/10.3.1/../../../../arm-none-eabi/lib/thumb/v7-m/nofp\libg_nano.a(lib_a-nano-vfprintf_i.o)
 .debug_frame   0x00001704       0x6c d:/arm-none-eabi-gcc/10 2021.10/bin/../lib/gcc/arm-none-eabi/10.3.1/../../../../arm-none-eabi/lib/thumb/v7-m/nofp\libg_nano.a(lib_a-dtoa.o)
 .debug_frame   0x00001770       0x40 d:/arm-none-eabi-gcc/10 2021.10/bin/../lib/gcc/arm-none-eabi/10.3.1/../../../../arm-none-eabi/lib/thumb/v7-m/nofp\libg_nano.a(lib_a-localeconv.o)
 .debug_frame   0x000017b0       0x30 d:/arm-none-eabi-gcc/10 2021.10/bin/../lib/gcc/arm-none-eabi/10.3.1/../../../../arm-none-eabi/lib/thumb/v7-m/nofp\libg_nano.a(lib_a-malloc.o)
 .debug_frame   0x000017e0       0x28 d:/arm-none-eabi-gcc/10 2021.10/bin/../lib/gcc/arm-none-eabi/10.3.1/../../../../arm-none-eabi/lib/thumb/v7-m/nofp\libg_nano.a(lib_a-memchr-stub.o)
 .debug_frame   0x00001808      0x254 d:/arm-none-eabi-gcc/10 2021.10/bin/../lib/gcc/arm-none-eabi/10.3.1/../../../../arm-none-eabi/lib/thumb/v7-m/nofp\libg_nano.a(lib_a-mprec.o)
 .debug_frame   0x00001a5c       0x2c d:/arm-none-eabi-gcc/10 2021.10/bin/../lib/gcc/arm-none-eabi/10.3.1/../../../../arm-none-eabi/lib/thumb/v7-m/nofp\libg_nano.a(lib_a-nano-callocr.o)
 .debug_frame   0x00001a88       0x38 d:/arm-none-eabi-gcc/10 2021.10/bin/../lib/gcc/arm-none-eabi/10.3.1/../../../../arm-none-eabi/lib/thumb/v7-m/nofp\libg_nano.a(lib_a-nano-freer.o)
 .debug_frame   0x00001ac0       0x4c d:/arm-none-eabi-gcc/10 2021.10/bin/../lib/gcc/arm-none-eabi/10.3.1/../../../../arm-none-eabi/lib/thumb/v7-m/nofp\libg_nano.a(lib_a-nano-mallocr.o)
 .debug_frame   0x00001b0c       0x2c d:/arm-none-eabi-gcc/10 2021.10/bin/../lib/gcc/arm-none-eabi/10.3.1/../../../../arm-none-eabi/lib/thumb/v7-m/nofp\libg_nano.a(lib_a-sbrkr.o)
 .debug_frame   0x00001b38       0x40 d:/arm-none-eabi-gcc/10 2021.10/bin/../lib/gcc/arm-none-eabi/10.3.1/../../../../arm-none-eabi/lib/thumb/v7-m/nofp\libg_nano.a(lib_a-assert.o)
 .debug_frame   0x00001b78       0x64 d:/arm-none-eabi-gcc/10 2021.10/bin/../lib/gcc/arm-none-eabi/10.3.1/../../../../arm-none-eabi/lib/thumb/v7-m/nofp\libg_nano.a(lib_a-fprintf.o)