Archive member included to satisfy reference by file (symbol)

c:/apps/dependence_4_stm32/gcc-arm-none-eabi-10.3-2021.10-win32/gcc-arm-none-eabi-10.3-2021.10/bin/../lib/gcc/arm-none-eabi/10.3.1/../../../../arm-none-eabi/lib/thumb/v7-m/nofp\libg_nano.a(lib_a-exit.o)
                              c:/apps/dependence_4_stm32/gcc-arm-none-eabi-10.3-2021.10-win32/gcc-arm-none-eabi-10.3-2021.10/bin/../lib/gcc/arm-none-eabi/10.3.1/../../../../arm-none-eabi/lib/thumb/v7-m/nofp/crt0.o (exit)
c:/apps/dependence_4_stm32/gcc-arm-none-eabi-10.3-2021.10-win32/gcc-arm-none-eabi-10.3-2021.10/bin/../lib/gcc/arm-none-eabi/10.3.1/../../../../arm-none-eabi/lib/thumb/v7-m/nofp\libg_nano.a(lib_a-impure.o)
                              c:/apps/dependence_4_stm32/gcc-arm-none-eabi-10.3-2021.10-win32/gcc-arm-none-eabi-10.3-2021.10/bin/../lib/gcc/arm-none-eabi/10.3.1/../../../../arm-none-eabi/lib/thumb/v7-m/nofp\libg_nano.a(lib_a-exit.o) (_global_impure_ptr)
c:/apps/dependence_4_stm32/gcc-arm-none-eabi-10.3-2021.10-win32/gcc-arm-none-eabi-10.3-2021.10/bin/../lib/gcc/arm-none-eabi/10.3.1/../../../../arm-none-eabi/lib/thumb/v7-m/nofp\libg_nano.a(lib_a-init.o)
                              c:/apps/dependence_4_stm32/gcc-arm-none-eabi-10.3-2021.10-win32/gcc-arm-none-eabi-10.3-2021.10/bin/../lib/gcc/arm-none-eabi/10.3.1/../../../../arm-none-eabi/lib/thumb/v7-m/nofp/crt0.o (__libc_init_array)
c:/apps/dependence_4_stm32/gcc-arm-none-eabi-10.3-2021.10-win32/gcc-arm-none-eabi-10.3-2021.10/bin/../lib/gcc/arm-none-eabi/10.3.1/../../../../arm-none-eabi/lib/thumb/v7-m/nofp\libg_nano.a(lib_a-memcpy-stub.o)
                              CMakeFiles/CLionSTM32Demo.elf.dir/FreeRTOS/src/queue.c.obj (memcpy)
c:/apps/dependence_4_stm32/gcc-arm-none-eabi-10.3-2021.10-win32/gcc-arm-none-eabi-10.3-2021.10/bin/../lib/gcc/arm-none-eabi/10.3.1/../../../../arm-none-eabi/lib/thumb/v7-m/nofp\libg_nano.a(lib_a-memset.o)
                              c:/apps/dependence_4_stm32/gcc-arm-none-eabi-10.3-2021.10-win32/gcc-arm-none-eabi-10.3-2021.10/bin/../lib/gcc/arm-none-eabi/10.3.1/../../../../arm-none-eabi/lib/thumb/v7-m/nofp/crt0.o (memset)
c:/apps/dependence_4_stm32/gcc-arm-none-eabi-10.3-2021.10-win32/gcc-arm-none-eabi-10.3-2021.10/bin/../lib/gcc/arm-none-eabi/10.3.1/../../../../arm-none-eabi/lib/thumb/v7-m/nofp\libg_nano.a(lib_a-nano-vfprintf_float.o)
                              (_printf_float)
c:/apps/dependence_4_stm32/gcc-arm-none-eabi-10.3-2021.10-win32/gcc-arm-none-eabi-10.3-2021.10/bin/../lib/gcc/arm-none-eabi/10.3.1/../../../../arm-none-eabi/lib/thumb/v7-m/nofp\libg_nano.a(lib_a-nano-vfprintf_i.o)
                              c:/apps/dependence_4_stm32/gcc-arm-none-eabi-10.3-2021.10-win32/gcc-arm-none-eabi-10.3-2021.10/bin/../lib/gcc/arm-none-eabi/10.3.1/../../../../arm-none-eabi/lib/thumb/v7-m/nofp\libg_nano.a(lib_a-nano-vfprintf_float.o) (_printf_common)
c:/apps/dependence_4_stm32/gcc-arm-none-eabi-10.3-2021.10-win32/gcc-arm-none-eabi-10.3-2021.10/bin/../lib/gcc/arm-none-eabi/10.3.1/../../../../arm-none-eabi/lib/thumb/v7-m/nofp\libg_nano.a(lib_a-strlen.o)
                              c:/apps/dependence_4_stm32/gcc-arm-none-eabi-10.3-2021.10-win32/gcc-arm-none-eabi-10.3-2021.10/bin/../lib/gcc/arm-none-eabi/10.3.1/../../../../arm-none-eabi/lib/thumb/v7-m/nofp\libg_nano.a(lib_a-nano-vfprintf_float.o) (strlen)
c:/apps/dependence_4_stm32/gcc-arm-none-eabi-10.3-2021.10-win32/gcc-arm-none-eabi-10.3-2021.10/bin/../lib/gcc/arm-none-eabi/10.3.1/../../../../arm-none-eabi/lib/thumb/v7-m/nofp\libg_nano.a(lib_a-dtoa.o)
                              c:/apps/dependence_4_stm32/gcc-arm-none-eabi-10.3-2021.10-win32/gcc-arm-none-eabi-10.3-2021.10/bin/../lib/gcc/arm-none-eabi/10.3.1/../../../../arm-none-eabi/lib/thumb/v7-m/nofp\libg_nano.a(lib_a-nano-vfprintf_float.o) (_dtoa_r)
c:/apps/dependence_4_stm32/gcc-arm-none-eabi-10.3-2021.10-win32/gcc-arm-none-eabi-10.3-2021.10/bin/../lib/gcc/arm-none-eabi/10.3.1/../../../../arm-none-eabi/lib/thumb/v7-m/nofp\libg_nano.a(lib_a-localeconv.o)
                              c:/apps/dependence_4_stm32/gcc-arm-none-eabi-10.3-2021.10-win32/gcc-arm-none-eabi-10.3-2021.10/bin/../lib/gcc/arm-none-eabi/10.3.1/../../../../arm-none-eabi/lib/thumb/v7-m/nofp\libg_nano.a(lib_a-nano-vfprintf_float.o) (_localeconv_r)
c:/apps/dependence_4_stm32/gcc-arm-none-eabi-10.3-2021.10-win32/gcc-arm-none-eabi-10.3-2021.10/bin/../lib/gcc/arm-none-eabi/10.3.1/../../../../arm-none-eabi/lib/thumb/v7-m/nofp\libg_nano.a(lib_a-malloc.o)
                              c:/apps/dependence_4_stm32/gcc-arm-none-eabi-10.3-2021.10-win32/gcc-arm-none-eabi-10.3-2021.10/bin/../lib/gcc/arm-none-eabi/10.3.1/../../../../arm-none-eabi/lib/thumb/v7-m/nofp\libg_nano.a(lib_a-dtoa.o) (malloc)
c:/apps/dependence_4_stm32/gcc-arm-none-eabi-10.3-2021.10-win32/gcc-arm-none-eabi-10.3-2021.10/bin/../lib/gcc/arm-none-eabi/10.3.1/../../../../arm-none-eabi/lib/thumb/v7-m/nofp\libg_nano.a(lib_a-memchr-stub.o)
[...]
Memory Configuration

Name             Origin             Length             Attributes
RAM              0x20000000         0x00005000         xrw
FLASH            0x08000000         0x00010000         xr
*default*        0x00000000         0xffffffff

Linker script and memory map

LOAD c:/apps/dependence_4_stm32/gcc-arm-none-eabi-10.3-2021.10-win32/gcc-arm-none-eabi-10.3-2021.10/bin/../lib/gcc/arm-none-eabi/10.3.1/thumb/v7-m/nofp/crti.o
LOAD c:/apps/dependence_4_stm32/gcc-arm-none-eabi-10.3-2021.10-win32/gcc-arm-none-eabi-10.3-2021.10/bin/../lib/gcc/arm-none-eabi/10.3.1/thumb/v7-m/nofp/crtbegin.o
LOAD c:/apps/dependence_4_stm32/gcc-arm-none-eabi-10.3-2021.10-win32/gcc-arm-none-eabi-10.3-2021.10/bin/../lib/gcc/arm-none-eabi/10.3.1/../../../../arm-none-eabi/lib/thumb/v7-m/nofp/crt0.o
LOAD CMakeFiles/CLionSTM32Demo.elf.dir/FreeRTOS/port/GCC/ARM_CM3/port.c.obj
LOAD CMakeFiles/CLionSTM32Demo.elf.dir/FreeRTOS/port/MemMang/heap_4.c.obj
LOAD CMakeFiles/CLionSTM32Demo.elf.dir/FreeRTOS/src/croutine.c.obj
LOAD CMakeFiles/CLionSTM32Demo.elf.dir/FreeRTOS/src/event_groups.c.obj
LOAD CMakeFiles/CLionSTM32Demo.elf.dir/FreeRTOS/src/list.c.obj
LOAD CMakeFiles/CLionSTM32Demo.elf.dir/FreeRTOS/src/queue.c.obj
LOAD CMakeFiles/CLionSTM32Demo.elf.dir/FreeRTOS/src/tasks.c.obj
LOAD CMakeFiles/CLionSTM32Demo.elf.dir/FreeRTOS/src/timers.c.obj
LOAD CMakeFiles/CLionSTM32Demo.elf.dir/STM32F10x_FWLib/src/misc.c.obj
LOAD CMakeFiles/CLionSTM32Demo.elf.dir/STM32F10x_FWLib/src/stm32f10x_adc.c.obj
LOAD CMakeFiles/CLionSTM32Demo.elf.dir/STM32F10x_FWLib/src/stm32f10x_bkp.c.obj
LOAD CMakeFiles/CLionSTM32Demo.elf.dir/STM32F10x_FWLib/src/stm32f10x_can.c.obj
LOAD CMakeFiles/CLionSTM32Demo.elf.dir/STM32F10x_FWLib/src/stm32f10x_cec.c.obj
LOAD CMakeFiles/CLionSTM32Demo.elf.dir/STM32F10x_FWLib/src/stm32f10x_crc.c.obj
LOAD CMakeFiles/CLionSTM32Demo.elf.dir/STM32F10x_FWLib/src/stm32f10x_dac.c.obj
LOAD CMakeFiles/CLionSTM32Demo.elf.dir/STM32F10x_FWLib/src/stm32f10x_dbgmcu.c.obj
LOAD CMakeFiles/CLionSTM32Demo.elf.dir/STM32F10x_FWLib/src/stm32f10x_dma.c.obj
LOAD CMakeFiles/CLionSTM32Demo.elf.dir/STM32F10x_FWLib/src/stm32f10x_exti.c.obj
LOAD CMakeFiles/CLionSTM32Demo.elf.dir/STM32F10x_FWLib/src/stm32f10x_flash.c.obj
LOAD CMakeFiles/CLionSTM32Demo.elf.dir/STM32F10x_FWLib/src/stm32f10x_fsmc.c.obj
LOAD CMakeFiles/CLionSTM32Demo.elf.dir/STM32F10x_FWLib/src/stm32f10x_gpio.c.obj
LOAD CMakeFiles/CLionSTM32Demo.elf.dir/STM32F10x_FWLib/src/stm32f10x_i2c.c.obj
LOAD CMakeFiles/CLionSTM32Demo.elf.dir/STM32F10x_FWLib/src/stm32f10x_iwdg.c.obj
LOAD CMakeFiles/CLionSTM32Demo.elf.dir/STM32F10x_FWLib/src/stm32f10x_pwr.c.obj
LOAD CMakeFiles/CLionSTM32Demo.elf.dir/STM32F10x_FWLib/src/stm32f10x_rcc.c.obj
LOAD CMakeFiles/CLionSTM32Demo.elf.dir/STM32F10x_FWLib/src/stm32f10x_rtc.c.obj
LOAD CMakeFiles/CLionSTM32Demo.elf.dir/STM32F10x_FWLib/src/stm32f10x_sdio.c.obj
LOAD CMakeFiles/CLionSTM32Demo.elf.dir/STM32F10x_FWLib/src/stm32f10x_spi.c.obj
LOAD CMakeFiles/CLionSTM32Demo.elf.dir/STM32F10x_FWLib/src/stm32f10x_tim.c.obj
LOAD CMakeFiles/CLionSTM32Demo.elf.dir/STM32F10x_FWLib/src/stm32f10x_usart.c.obj
LOAD CMakeFiles/CLionSTM32Demo.elf.dir/STM32F10x_FWLib/src/stm32f10x_wwdg.c.obj
LOAD CMakeFiles/CLionSTM32Demo.elf.dir/startup/core_cm3.c.obj
LOAD CMakeFiles/CLionSTM32Demo.elf.dir/startup/startup_stm32f103xb.s.obj
LOAD CMakeFiles/CLionSTM32Demo.elf.dir/user/src/delay.c.obj
LOAD CMakeFiles/CLionSTM32Demo.elf.dir/user/src/main.c.obj
LOAD CMakeFiles/CLionSTM32Demo.elf.dir/user/src/stm32f10x_it.c.obj
LOAD CMakeFiles/CLionSTM32Demo.elf.dir/user/src/system_stm32f10x.c.obj
LOAD c:/apps/dependence_4_stm32/gcc-arm-none-eabi-10.3-2021.10-win32/gcc-arm-none-eabi-10.3-2021.10/bin/../lib/gcc/arm-none-eabi/10.3.1/../../../../arm-none-eabi/lib/thumb/v7-m/nofp\libm.a
START GROUP
LOAD c:/apps/dependence_4_stm32/gcc-arm-none-eabi-10.3-2021.10-win32/gcc-arm-none-eabi-10.3-2021.10/bin/../lib/gcc/arm-none-eabi/10.3.1/thumb/v7-m/nofp\libgcc.a
LOAD c:/apps/dependence_4_stm32/gcc-arm-none-eabi-10.3-2021.10-win32/gcc-arm-none-eabi-10.3-2021.10/bin/../lib/gcc/arm-none-eabi/10.3.1/../../../../arm-none-eabi/lib/thumb/v7-m/nofp\libg_nano.a
LOAD c:/apps/dependence_4_stm32/gcc-arm-none-eabi-10.3-2021.10-win32/gcc-arm-none-eabi-10.3-2021.10/bin/../lib/gcc/arm-none-eabi/10.3.1/../../../../arm-none-eabi/lib/thumb/v7-m/nofp\libc_nano.a
END GROUP
START GROUP
LOAD c:/apps/dependence_4_stm32/gcc-arm-none-eabi-10.3-2021.10-win32/gcc-arm-none-eabi-10.3-2021.10/bin/../lib/gcc/arm-none-eabi/10.3.1/thumb/v7-m/nofp\libgcc.a
LOAD c:/apps/dependence_4_stm32/gcc-arm-none-eabi-10.3-2021.10-win32/gcc-arm-none-eabi-10.3-2021.10/bin/../lib/gcc/arm-none-eabi/10.3.1/../../../../arm-none-eabi/lib/thumb/v7-m/nofp\libc_nano.a
LOAD c:/apps/dependence_4_stm32/gcc-arm-none-eabi-10.3-2021.10-win32/gcc-arm-none-eabi-10.3-2021.10/bin/../lib/gcc/arm-none-eabi/10.3.1/../../../../arm-none-eabi/lib/thumb/v7-m/nofp\libnosys.a
END GROUP
START GROUP
LOAD c:/apps/dependence_4_stm32/gcc-arm-none-eabi-10.3-2021.10-win32/gcc-arm-none-eabi-10.3-2021.10/bin/../lib/gcc/arm-none-eabi/10.3.1/thumb/v7-m/nofp\libgcc.a
LOAD c:/apps/dependence_4_stm32/gcc-arm-none-eabi-10.3-2021.10-win32/gcc-arm-none-eabi-10.3-2021.10/bin/../lib/gcc/arm-none-eabi/10.3.1/../../../../arm-none-eabi/lib/thumb/v7-m/nofp\libc_nano.a
LOAD c:/apps/dependence_4_stm32/gcc-arm-none-eabi-10.3-2021.10-win32/gcc-arm-none-eabi-10.3-2021.10/bin/../lib/gcc/arm-none-eabi/10.3.1/../../../../arm-none-eabi/lib/thumb/v7-m/nofp\libnosys.a
END GROUP
LOAD c:/apps/dependence_4_stm32/gcc-arm-none-eabi-10.3-2021.10-win32/gcc-arm-none-eabi-10.3-2021.10/bin/../lib/gcc/arm-none-eabi/10.3.1/thumb/v7-m/nofp/crtend.o
LOAD c:/apps/dependence_4_stm32/gcc-arm-none-eabi-10.3-2021.10-win32/gcc-arm-none-eabi-10.3-2021.10/bin/../lib/gcc/arm-none-eabi/10.3.1/thumb/v7-m/nofp/crtn.o
                0x20005000                _estack = 0x20005000
                0x00000200                _Min_Heap_Size = 0x200
                0x00000400                _Min_Stack_Size = 0x400

.isr_vector     0x08000000      0x10c
                0x08000000                . = ALIGN (0x4)
 *(.isr_vector)
 .isr_vector    0x08000000      0x10c CMakeFiles/CLionSTM32Demo.elf.dir/startup/startup_stm32f103xb.s.obj
                0x08000000                g_pfnVectors
                0x0800010c                . = ALIGN (0x4)

.text           0x08000110     0x524c
                0x08000110                . = ALIGN (0x4)
 *(.text)
 .text          0x08000110       0x40 c:/apps/dependence_4_stm32/gcc-arm-none-eabi-10.3-2021.10-win32/gcc-arm-none-eabi-10.3-2021.10/bin/../lib/gcc/arm-none-eabi/10.3.1/thumb/v7-m/nofp/crtbegin.o
 .text          0x08000150       0x10 c:/apps/dependence_4_stm32/gcc-arm-none-eabi-10.3-2021.10-win32/gcc-arm-none-eabi-10.3-2021.10/bin/../lib/gcc/arm-none-eabi/10.3.1/../../../../arm-none-eabi/lib/thumb/v7-m/nofp\libg_nano.a(lib_a-strlen.o)
                0x08000150                strlen
 .text          0x08000160      0x378 c:/apps/dependence_4_stm32/gcc-arm-none-eabi-10.3-2021.10-win32/gcc-arm-none-eabi-10.3-2021.10/bin/../lib/gcc/arm-none-eabi/10.3.1/thumb/v7-m/nofp\libgcc.a(_arm_addsubdf3.o)
                0x08000160                __aeabi_drsub
                0x08000168                __aeabi_dsub
                0x08000168                __subdf3
                0x0800016c                __aeabi_dadd
                0x0800016c                __adddf3
                0x080003e4                __floatunsidf
                0x080003e4                __aeabi_ui2d
                0x08000404                __floatsidf
                0x08000404                __aeabi_i2d
                0x08000428                __aeabi_f2d
                0x08000428                __extendsfdf2
                0x0800046c                __floatundidf
                0x0800046c                __aeabi_ul2d
                0x0800047c                __floatdidf
                0x0800047c                __aeabi_l2d
 .text          0x080004d8      0x424 c:/apps/dependence_4_stm32/gcc-arm-none-eabi-10.3-2021.10-win32/gcc-arm-none-eabi-10.3-2021.10/bin/../lib/gcc/arm-none-eabi/10.3.1/thumb/v7-m/nofp\libgcc.a(_arm_muldivdf3.o)
                0x080004d8                __aeabi_dmul
                0x080004d8                __muldf3
                0x0800072c                __divdf3
                0x0800072c                __aeabi_ddiv
 .text          0x080008fc      0x110 c:/apps/dependence_4_stm32/gcc-arm-none-eabi-10.3-2021.10-win32/gcc-arm-none-eabi-10.3-2021.10/bin/../lib/gcc/arm-none-eabi/10.3.1/thumb/v7-m/nofp\libgcc.a(_arm_cmpdf2.o)
                0x080008fc                __gtdf2
                0x080008fc                __gedf2
                0x08000904                __ltdf2
                0x08000904                __ledf2
                0x0800090c                __nedf2
                0x0800090c                __eqdf2
                0x0800090c                __cmpdf2
                0x08000988                __aeabi_cdrcmple
                0x08000998                __aeabi_cdcmpeq
                0x08000998                __aeabi_cdcmple
                0x080009a8                __aeabi_dcmpeq
                0x080009bc                __aeabi_dcmplt
                0x080009d0                __aeabi_dcmple
                0x080009e4                __aeabi_dcmpge
                0x080009f8                __aeabi_dcmpgt
 .text          0x08000a0c       0x2c c:/apps/dependence_4_stm32/gcc-arm-none-eabi-10.3-2021.10-win32/gcc-arm-none-eabi-10.3-2021.10/bin/../lib/gcc/arm-none-eabi/10.3.1/thumb/v7-m/nofp\libgcc.a(_arm_unorddf2.o)
                0x08000a0c                __unorddf2
                0x08000a0c                __aeabi_dcmpun
 .text          0x08000a38       0x50 c:/apps/dependence_4_stm32/gcc-arm-none-eabi-10.3-2021.10-win32/gcc-arm-none-eabi-10.3-2021.10/bin/../lib/gcc/arm-none-eabi/10.3.1/thumb/v7-m/nofp\libgcc.a(_arm_fixdfsi.o)
                0x08000a38                __aeabi_d2iz
                0x08000a38                __fixdfsi
 *(.text*)
 .text.prvTaskExitError
                0x08000a88       0x40 CMakeFiles/CLionSTM32Demo.elf.dir/FreeRTOS/port/GCC/ARM_CM3/port.c.obj
 .text.prvPortStartFirstTask
                0x08000ac8       0x20 CMakeFiles/CLionSTM32Demo.elf.dir/FreeRTOS/port/GCC/ARM_CM3/port.c.obj
 .text.pxPortInitialiseStack
                0x08000ae8       0x24 CMakeFiles/CLionSTM32Demo.elf.dir/FreeRTOS/port/GCC/ARM_CM3/port.c.obj
                0x08000ae8                pxPortInitialiseStack
 *fill*         0x08000b0c        0x4 
 .text.SVC_Handler
                0x08000b10       0x24 CMakeFiles/CLionSTM32Demo.elf.dir/FreeRTOS/port/GCC/ARM_CM3/port.c.obj
                0x08000b10                SVC_Handler
 .text.vPortEnterCritical
                0x08000b34       0x44 CMakeFiles/CLionSTM32Demo.elf.dir/FreeRTOS/port/GCC/ARM_CM3/port.c.obj
                0x08000b34                vPortEnterCritical
 .text.vPortExitCritical
                0x08000b78       0x2c CMakeFiles/CLionSTM32Demo.elf.dir/FreeRTOS/port/GCC/ARM_CM3/port.c.obj
                0x08000b78                vPortExitCritical
 *fill*         0x08000ba4        0xc 
 .text.PendSV_Handler
                0x08000bb0       0x44 CMakeFiles/CLionSTM32Demo.elf.dir/FreeRTOS/port/GCC/ARM_CM3/port.c.obj
                0x08000bb0                PendSV_Handler
 .text.vPortSetupTimerInterrupt
                0x08000bf4       0x28 CMakeFiles/CLionSTM32Demo.elf.dir/FreeRTOS/port/GCC/ARM_CM3/port.c.obj
                0x08000bf4                vPortSetupTimerInterrupt
 .text.xPortStartScheduler
                0x08000c1c       0xf0 CMakeFiles/CLionSTM32Demo.elf.dir/FreeRTOS/port/GCC/ARM_CM3/port.c.obj
                0x08000c1c                xPortStartScheduler
 .text.vPortValidateInterruptPriority
                0x08000d0c       0x5c CMakeFiles/CLionSTM32Demo.elf.dir/FreeRTOS/port/GCC/ARM_CM3/port.c.obj
                0x08000d0c                vPortValidateInterruptPriority
 .text.prvHeapInit
                0x08000d68       0x64 CMakeFiles/CLionSTM32Demo.elf.dir/FreeRTOS/port/MemMang/heap_4.c.obj
 .text.prvInsertBlockIntoFreeList
                0x08000dcc       0x60 CMakeFiles/CLionSTM32Demo.elf.dir/FreeRTOS/port/MemMang/heap_4.c.obj
 .text.pvPortMalloc
                0x08000e2c       0xf0 CMakeFiles/CLionSTM32Demo.elf.dir/FreeRTOS/port/MemMang/heap_4.c.obj
                0x08000e2c                pvPortMalloc
 .text.vPortFree
                0x08000f1c       0x70 CMakeFiles/CLionSTM32Demo.elf.dir/FreeRTOS/port/MemMang/heap_4.c.obj
                0x08000f1c                vPortFree
 .text.vListInitialise
                0x08000f8c       0x16 CMakeFiles/CLionSTM32Demo.elf.dir/FreeRTOS/src/list.c.obj
                0x08000f8c                vListInitialise
 .text.vListInitialiseItem
                0x08000fa2        0x6 CMakeFiles/CLionSTM32Demo.elf.dir/FreeRTOS/src/list.c.obj
                0x08000fa2                vListInitialiseItem
 .text.vListInsertEnd
                0x08000fa8       0x16 CMakeFiles/CLionSTM32Demo.elf.dir/FreeRTOS/src/list.c.obj
                0x08000fa8                vListInsertEnd
 .text.vListInsert
                0x08000fbe       0x36 CMakeFiles/CLionSTM32Demo.elf.dir/FreeRTOS/src/list.c.obj
                0x08000fbe                vListInsert
 .text.uxListRemove
                0x08000ff4       0x24 CMakeFiles/CLionSTM32Demo.elf.dir/FreeRTOS/src/list.c.obj
                0x08000ff4                uxListRemove
 .text.prvIsQueueFull
                0x08001018       0x1e CMakeFiles/CLionSTM32Demo.elf.dir/FreeRTOS/src/queue.c.obj
 .text.prvIsQueueEmpty
                0x08001036       0x1a CMakeFiles/CLionSTM32Demo.elf.dir/FreeRTOS/src/queue.c.obj
 .text.prvCopyDataToQueue
                0x08001050       0x76 CMakeFiles/CLionSTM32Demo.elf.dir/FreeRTOS/src/queue.c.obj
 .text.prvCopyDataFromQueue
                0x080010c6       0x24 CMakeFiles/CLionSTM32Demo.elf.dir/FreeRTOS/src/queue.c.obj
 .text.prvUnlockQueue
                0x080010ea       0x6e CMakeFiles/CLionSTM32Demo.elf.dir/FreeRTOS/src/queue.c.obj
 .text.xQueueGenericReset
                0x08001158       0x84 CMakeFiles/CLionSTM32Demo.elf.dir/FreeRTOS/src/queue.c.obj
                0x08001158                xQueueGenericReset
 .text.prvInitialiseNewQueue
                0x080011dc       0x22 CMakeFiles/CLionSTM32Demo.elf.dir/FreeRTOS/src/queue.c.obj
 .text.xQueueGenericCreate
                0x080011fe       0x48 CMakeFiles/CLionSTM32Demo.elf.dir/FreeRTOS/src/queue.c.obj
                0x080011fe                xQueueGenericCreate
 .text.xQueueGenericSend
                0x08001246      0x192 CMakeFiles/CLionSTM32Demo.elf.dir/FreeRTOS/src/queue.c.obj
                0x08001246                xQueueGenericSend
 .text.xQueueGenericSendFromISR
                0x080013d8       0xcc CMakeFiles/CLionSTM32Demo.elf.dir/FreeRTOS/src/queue.c.obj
                0x080013d8                xQueueGenericSendFromISR
 .text.xQueueGenericReceive
                0x080014a4      0x1c4 CMakeFiles/CLionSTM32Demo.elf.dir/FreeRTOS/src/queue.c.obj
                0x080014a4                xQueueGenericReceive
 .text.vQueueAddToRegistry
                0x08001668       0x28 CMakeFiles/CLionSTM32Demo.elf.dir/FreeRTOS/src/queue.c.obj
                0x08001668                vQueueAddToRegistry
 .text.vQueueWaitForMessageRestricted
                0x08001690       0x52 CMakeFiles/CLionSTM32Demo.elf.dir/FreeRTOS/src/queue.c.obj
                0x08001690                vQueueWaitForMessageRestricted
 *fill*         0x080016e2        0x2 
 .text.prvResetNextTaskUnblockTime
                0x080016e4       0x2c CMakeFiles/CLionSTM32Demo.elf.dir/FreeRTOS/src/tasks.c.obj
 .text.prvDeleteTCB
                0x08001710       0x12 CMakeFiles/CLionSTM32Demo.elf.dir/FreeRTOS/src/tasks.c.obj
 .text.prvInitialiseNewTask
                0x08001722       0x98 CMakeFiles/CLionSTM32Demo.elf.dir/FreeRTOS/src/tasks.c.obj
 *fill*         0x080017ba        0x2 
 .text.prvInitialiseTaskLists
                0x080017bc       0x68 CMakeFiles/CLionSTM32Demo.elf.dir/FreeRTOS/src/tasks.c.obj
 .text.prvAddNewTaskToReadyList
                0x08001824       0xac CMakeFiles/CLionSTM32Demo.elf.dir/FreeRTOS/src/tasks.c.obj
 .text.prvAddCurrentTaskToDelayedList
                0x080018d0       0xa0 CMakeFiles/CLionSTM32Demo.elf.dir/FreeRTOS/src/tasks.c.obj
 .text.xTaskCreate
                0x08001970       0x64 CMakeFiles/CLionSTM32Demo.elf.dir/FreeRTOS/src/tasks.c.obj
                0x08001970                xTaskCreate
 .text.vTaskStartScheduler
                0x080019d4       0x84 CMakeFiles/CLionSTM32Demo.elf.dir/FreeRTOS/src/tasks.c.obj
                0x080019d4                vTaskStartScheduler
 .text.vTaskSuspendAll
                0x08001a58       0x10 CMakeFiles/CLionSTM32Demo.elf.dir/FreeRTOS/src/tasks.c.obj
                0x08001a58                vTaskSuspendAll
 .text.xTaskGetTickCount
                0x08001a68       0x18 CMakeFiles/CLionSTM32Demo.elf.dir/FreeRTOS/src/tasks.c.obj
                0x08001a68                xTaskGetTickCount
 .text.xTaskIncrementTick
                0x08001a80      0x11c CMakeFiles/CLionSTM32Demo.elf.dir/FreeRTOS/src/tasks.c.obj
                0x08001a80                xTaskIncrementTick
 .text.xTaskResumeAll
                0x08001b9c       0xf8 CMakeFiles/CLionSTM32Demo.elf.dir/FreeRTOS/src/tasks.c.obj
                0x08001b9c                xTaskResumeAll
 .text.prvCheckTasksWaitingTermination
                0x08001c94       0x5c CMakeFiles/CLionSTM32Demo.elf.dir/FreeRTOS/src/tasks.c.obj
 .text.prvIdleTask
                0x08001cf0       0x28 CMakeFiles/CLionSTM32Demo.elf.dir/FreeRTOS/src/tasks.c.obj
 .text.vTaskSwitchContext
                0x08001d18       0x98 CMakeFiles/CLionSTM32Demo.elf.dir/FreeRTOS/src/tasks.c.obj
                0x08001d18                vTaskSwitchContext
 .text.vTaskPlaceOnEventList
                0x08001db0       0x30 CMakeFiles/CLionSTM32Demo.elf.dir/FreeRTOS/src/tasks.c.obj
                0x08001db0                vTaskPlaceOnEventList
 .text.vTaskPlaceOnEventListRestricted
                0x08001de0       0x38 CMakeFiles/CLionSTM32Demo.elf.dir/FreeRTOS/src/tasks.c.obj
                0x08001de0                vTaskPlaceOnEventListRestricted
 .text.xTaskRemoveFromEventList
                0x08001e18       0x8c CMakeFiles/CLionSTM32Demo.elf.dir/FreeRTOS/src/tasks.c.obj
                0x08001e18                xTaskRemoveFromEventList
 .text.vTaskSetTimeOutState
                0x08001ea4       0x2c CMakeFiles/CLionSTM32Demo.elf.dir/FreeRTOS/src/tasks.c.obj
                0x08001ea4                vTaskSetTimeOutState
 .text.xTaskCheckForTimeOut
                0x08001ed0       0x88 CMakeFiles/CLionSTM32Demo.elf.dir/FreeRTOS/src/tasks.c.obj
                0x08001ed0                xTaskCheckForTimeOut
 .text.vTaskMissedYield
                0x08001f58        0xc CMakeFiles/CLionSTM32Demo.elf.dir/FreeRTOS/src/tasks.c.obj
                0x08001f58                vTaskMissedYield
 .text.xTaskGetSchedulerState
                0x08001f64       0x20 CMakeFiles/CLionSTM32Demo.elf.dir/FreeRTOS/src/tasks.c.obj
                0x08001f64                xTaskGetSchedulerState
 .text.vTaskPriorityInherit
                0x08001f84       0x98 CMakeFiles/CLionSTM32Demo.elf.dir/FreeRTOS/src/tasks.c.obj
                0x08001f84                vTaskPriorityInherit
 .text.xTaskPriorityDisinherit
                0x0800201c       0xb4 CMakeFiles/CLionSTM32Demo.elf.dir/FreeRTOS/src/tasks.c.obj
                0x0800201c                xTaskPriorityDisinherit
 .text.pvTaskIncrementMutexHeldCount
                0x080020d0       0x1c CMakeFiles/CLionSTM32Demo.elf.dir/FreeRTOS/src/tasks.c.obj
                0x080020d0                pvTaskIncrementMutexHeldCount
 .text.prvGetNextExpireTime
                0x080020ec       0x20 CMakeFiles/CLionSTM32Demo.elf.dir/FreeRTOS/src/timers.c.obj
 .text.prvInsertTimerInActiveList
                0x0800210c       0x48 CMakeFiles/CLionSTM32Demo.elf.dir/FreeRTOS/src/timers.c.obj
 .text.prvCheckForValidListAndQueue
                0x08002154       0x5c CMakeFiles/CLionSTM32Demo.elf.dir/FreeRTOS/src/timers.c.obj
 .text.xTimerCreateTimerTask
                0x080021b0       0x50 CMakeFiles/CLionSTM32Demo.elf.dir/FreeRTOS/src/timers.c.obj
                0x080021b0                xTimerCreateTimerTask
 .text.xTimerGenericCommand
                0x08002200       0x70 CMakeFiles/CLionSTM32Demo.elf.dir/FreeRTOS/src/timers.c.obj
                0x08002200                xTimerGenericCommand
 .text.prvSwitchTimerLists
                0x08002270       0x7c CMakeFiles/CLionSTM32Demo.elf.dir/FreeRTOS/src/timers.c.obj
 .text.prvSampleTimeNow
                0x080022ec       0x2c CMakeFiles/CLionSTM32Demo.elf.dir/FreeRTOS/src/timers.c.obj
 .text.prvProcessExpiredTimer
                0x08002318       0x64 CMakeFiles/CLionSTM32Demo.elf.dir/FreeRTOS/src/timers.c.obj
 .text.prvProcessTimerOrBlockTask
                0x0800237c       0x74 CMakeFiles/CLionSTM32Demo.elf.dir/FreeRTOS/src/timers.c.obj
 .text.prvProcessReceivedCommands
                0x080023f0       0xec CMakeFiles/CLionSTM32Demo.elf.dir/FreeRTOS/src/timers.c.obj
 .text.prvTimerTask
                0x080024dc       0x16 CMakeFiles/CLionSTM32Demo.elf.dir/FreeRTOS/src/timers.c.obj
 .text.GPIO_Init
                0x080024f2       0xb2 CMakeFiles/CLionSTM32Demo.elf.dir/STM32F10x_FWLib/src/stm32f10x_gpio.c.obj
                0x080024f2                GPIO_Init
 .text.GPIO_SetBits
                0x080025a4        0x4 CMakeFiles/CLionSTM32Demo.elf.dir/STM32F10x_FWLib/src/stm32f10x_gpio.c.obj
                0x080025a4                GPIO_SetBits
 .text.GPIO_ResetBits
                0x080025a8        0x4 CMakeFiles/CLionSTM32Demo.elf.dir/STM32F10x_FWLib/src/stm32f10x_gpio.c.obj
                0x080025a8                GPIO_ResetBits
 .text.RCC_APB2PeriphClockCmd
                0x080025ac       0x1c CMakeFiles/CLionSTM32Demo.elf.dir/STM32F10x_FWLib/src/stm32f10x_rcc.c.obj
                0x080025ac                RCC_APB2PeriphClockCmd
 .text.Reset_Handler
                0x080025c8       0x48 CMakeFiles/CLionSTM32Demo.elf.dir/startup/startup_stm32f103xb.s.obj
                0x080025c8                Reset_Handler
 .text.Default_Handler
                0x08002610        0x2 CMakeFiles/CLionSTM32Demo.elf.dir/startup/startup_stm32f103xb.s.obj
                0x08002610                RTC_Alarm_IRQHandler
                0x08002610                EXTI2_IRQHandler
                0x08002610                TIM1_CC_IRQHandler
                0x08002610                PVD_IRQHandler
                0x08002610                EXTI3_IRQHandler
                0x08002610                EXTI0_IRQHandler
                0x08002610                I2C2_EV_IRQHandler
                0x08002610                ADC1_2_IRQHandler
                0x08002610                SPI1_IRQHandler
                0x08002610                TAMPER_IRQHandler
                0x08002610                DMA1_Channel4_IRQHandler
                0x08002610                USART3_IRQHandler
                0x08002610                RTC_IRQHandler
                0x08002610                DMA1_Channel7_IRQHandler
                0x08002610                CAN1_RX1_IRQHandler
                0x08002610                TIM4_IRQHandler
                0x08002610                I2C1_EV_IRQHandler
                0x08002610                DMA1_Channel6_IRQHandler
                0x08002610                TIM3_IRQHandler
                0x08002610                RCC_IRQHandler
                0x08002610                TIM1_TRG_COM_IRQHandler
                0x08002610                DMA1_Channel1_IRQHandler
                0x08002610                Default_Handler
                0x08002610                EXTI15_10_IRQHandler
                0x08002610                EXTI9_5_IRQHandler
                0x08002610                SPI2_IRQHandler
                0x08002610                DMA1_Channel5_IRQHandler
                0x08002610                EXTI4_IRQHandler
                0x08002610                USB_LP_CAN1_RX0_IRQHandler
                0x08002610                USB_HP_CAN1_TX_IRQHandler
                0x08002610                DMA1_Channel3_IRQHandler
                0x08002610                TIM1_UP_IRQHandler
                0x08002610                WWDG_IRQHandler
                0x08002610                TIM2_IRQHandler
                0x08002610                TIM1_BRK_IRQHandler
                0x08002610                EXTI1_IRQHandler
                0x08002610                USART2_IRQHandler
                0x08002610                I2C2_ER_IRQHandler
                0x08002610                DMA1_Channel2_IRQHandler
                0x08002610                CAN1_SCE_IRQHandler
                0x08002610                FLASH_IRQHandler
                0x08002610                USART1_IRQHandler
                0x08002610                I2C1_ER_IRQHandler
                0x08002610                USBWakeUp_IRQHandler
 .text.Delay_us
                0x08002612       0x2e CMakeFiles/CLionSTM32Demo.elf.dir/user/src/delay.c.obj
                0x08002612                Delay_us
 .text.Delay_ms
                0x08002640       0x18 CMakeFiles/CLionSTM32Demo.elf.dir/user/src/delay.c.obj
                0x08002640                Delay_ms
 .text.Delay_s  0x08002658       0x18 CMakeFiles/CLionSTM32Demo.elf.dir/user/src/delay.c.obj
                0x08002658                Delay_s
 .text.vTask_led
                0x08002670       0x34 CMakeFiles/CLionSTM32Demo.elf.dir/user/src/main.c.obj
                0x08002670                vTask_led
 .text.main     0x080026a4       0x64 CMakeFiles/CLionSTM32Demo.elf.dir/user/src/main.c.obj
                0x080026a4                main
 .text.NMI_Handler
                0x08002708        0x2 CMakeFiles/CLionSTM32Demo.elf.dir/user/src/stm32f10x_it.c.obj
                0x08002708                NMI_Handler
 .text.HardFault_Handler
                0x0800270a        0x2 CMakeFiles/CLionSTM32Demo.elf.dir/user/src/stm32f10x_it.c.obj
                0x0800270a                HardFault_Handler
 .text.MemManage_Handler
                0x0800270c        0x2 CMakeFiles/CLionSTM32Demo.elf.dir/user/src/stm32f10x_it.c.obj
                0x0800270c                MemManage_Handler
 .text.BusFault_Handler
                0x0800270e        0x2 CMakeFiles/CLionSTM32Demo.elf.dir/user/src/stm32f10x_it.c.obj
                0x0800270e                BusFault_Handler
 .text.UsageFault_Handler
                0x08002710        0x2 CMakeFiles/CLionSTM32Demo.elf.dir/user/src/stm32f10x_it.c.obj
                0x08002710                UsageFault_Handler
 .text.DebugMon_Handler
                0x08002712        0x2 CMakeFiles/CLionSTM32Demo.elf.dir/user/src/stm32f10x_it.c.obj
                0x08002712                DebugMon_Handler
 .text.SysTick_Handler
                0x08002714        0x2 CMakeFiles/CLionSTM32Demo.elf.dir/user/src/stm32f10x_it.c.obj
                0x08002714                SysTick_Handler
 *fill*         0x08002716        0x2 
 .text.SetSysClockTo72
                0x08002718       0xc4 CMakeFiles/CLionSTM32Demo.elf.dir/user/src/system_stm32f10x.c.obj
 .text.SetSysClock
                0x080027dc        0x8 CMakeFiles/CLionSTM32Demo.elf.dir/user/src/system_stm32f10x.c.obj
 .text.SystemInit
                0x080027e4       0x50 CMakeFiles/CLionSTM32Demo.elf.dir/user/src/system_stm32f10x.c.obj
                0x080027e4                SystemInit
 .text.__libc_init_array
                0x08002834       0x48 c:/apps/dependence_4_stm32/gcc-arm-none-eabi-10.3-2021.10-win32/gcc-arm-none-eabi-10.3-2021.10/bin/../lib/gcc/arm-none-eabi/10.3.1/../../../../arm-none-eabi/lib/thumb/v7-m/nofp\libg_nano.a(lib_a-init.o)
                0x08002834                __libc_init_array
 .text.memcpy   0x0800287c       0x1c c:/apps/dependence_4_stm32/gcc-arm-none-eabi-10.3-2021.10-win32/gcc-arm-none-eabi-10.3-2021.10/bin/../lib/gcc/arm-none-eabi/10.3.1/../../../../arm-none-eabi/lib/thumb/v7-m/nofp\libg_nano.a(lib_a-memcpy-stub.o)
                0x0800287c                memcpy
 .text.memset   0x08002898       0x10 c:/apps/dependence_4_stm32/gcc-arm-none-eabi-10.3-2021.10-win32/gcc-arm-none-eabi-10.3-2021.10/bin/../lib/gcc/arm-none-eabi/10.3.1/../../../../arm-none-eabi/lib/thumb/v7-m/nofp\libg_nano.a(lib_a-memset.o)
                0x08002898                memset
 .text.__cvt    0x080028a8       0xbe c:/apps/dependence_4_stm32/gcc-arm-none-eabi-10.3-2021.10-win32/gcc-arm-none-eabi-10.3-2021.10/bin/../lib/gcc/arm-none-eabi/10.3.1/../../../../arm-none-eabi/lib/thumb/v7-m/nofp\libg_nano.a(lib_a-nano-vfprintf_float.o)
                0x080028a8                __cvt
 .text.__exponent
                0x08002966       0x7c c:/apps/dependence_4_stm32/gcc-arm-none-eabi-10.3-2021.10-win32/gcc-arm-none-eabi-10.3-2021.10/bin/../lib/gcc/arm-none-eabi/10.3.1/../../../../arm-none-eabi/lib/thumb/v7-m/nofp\libg_nano.a(lib_a-nano-vfprintf_float.o)
                0x08002966                __exponent
 *fill*         0x080029e2        0x2 
 .text._printf_float
                0x080029e4      0x458 c:/apps/dependence_4_stm32/gcc-arm-none-eabi-10.3-2021.10-win32/gcc-arm-none-eabi-10.3-2021.10/bin/../lib/gcc/arm-none-eabi/10.3.1/../../../../arm-none-eabi/lib/thumb/v7-m/nofp\libg_nano.a(lib_a-nano-vfprintf_float.o)
                0x080029e4                _printf_float
 .text._printf_common
                0x08002e3c       0xde c:/apps/dependence_4_stm32/gcc-arm-none-eabi-10.3-2021.10-win32/gcc-arm-none-eabi-10.3-2021.10/bin/../lib/gcc/arm-none-eabi/10.3.1/../../../../arm-none-eabi/lib/thumb/v7-m/nofp\libg_nano.a(lib_a-nano-vfprintf_i.o)
                0x08002e3c                _printf_common
 *fill*         0x08002f1a        0x2 
 .text._printf_i
                0x08002f1c      0x24c c:/apps/dependence_4_stm32/gcc-arm-none-eabi-10.3-2021.10-win32/gcc-arm-none-eabi-10.3-2021.10/bin/../lib/gcc/arm-none-eabi/10.3.1/../../../../arm-none-eabi/lib/thumb/v7-m/nofp\libg_nano.a(lib_a-nano-vfprintf_i.o)
                0x08002f1c                _printf_i
 .text.quorem   0x08003168      0x118 c:/apps/dependence_4_stm32/gcc-arm-none-eabi-10.3-2021.10-win32/gcc-arm-none-eabi-10.3-2021.10/bin/../lib/gcc/arm-none-eabi/10.3.1/../../../../arm-none-eabi/lib/thumb/v7-m/nofp\libg_nano.a(lib_a-dtoa.o)
 .text._dtoa_r  0x08003280      0xbdc c:/apps/dependence_4_stm32/gcc-arm-none-eabi-10.3-2021.10-win32/gcc-arm-none-eabi-10.3-2021.10/bin/../lib/gcc/arm-none-eabi/10.3.1/../../../../arm-none-eabi/lib/thumb/v7-m/nofp\libg_nano.a(lib_a-dtoa.o)
                0x08003280                _dtoa_r
 .text._localeconv_r
                0x08003e5c        0x8 c:/apps/dependence_4_stm32/gcc-arm-none-eabi-10.3-2021.10-win32/gcc-arm-none-eabi-10.3-2021.10/bin/../lib/gcc/arm-none-eabi/10.3.1/../../../../arm-none-eabi/lib/thumb/v7-m/nofp\libg_nano.a(lib_a-localeconv.o)
                0x08003e5c                _localeconv_r
 .text.malloc   0x08003e64       0x10 c:/apps/dependence_4_stm32/gcc-arm-none-eabi-10.3-2021.10-win32/gcc-arm-none-eabi-10.3-2021.10/bin/../lib/gcc/arm-none-eabi/10.3.1/../../../../arm-none-eabi/lib/thumb/v7-m/nofp\libg_nano.a(lib_a-malloc.o)
                0x08003e64                malloc
 .text.memchr   0x08003e74       0x1c c:/apps/dependence_4_stm32/gcc-arm-none-eabi-10.3-2021.10-win32/gcc-arm-none-eabi-10.3-2021.10/bin/../lib/gcc/arm-none-eabi/10.3.1/../../../../arm-none-eabi/lib/thumb/v7-m/nofp\libg_nano.a(lib_a-memchr-stub.o)
                0x08003e74                memchr
 .text._Balloc  0x08003e90       0x80 c:/apps/dependence_4_stm32/gcc-arm-none-eabi-10.3-2021.10-win32/gcc-arm-none-eabi-10.3-2021.10/bin/../lib/gcc/arm-none-eabi/10.3.1/../../../../arm-none-eabi/lib/thumb/v7-m/nofp\libg_nano.a(lib_a-mprec.o)
                0x08003e90                _Balloc
 .text._Bfree   0x08003f10       0x44 c:/apps/dependence_4_stm32/gcc-arm-none-eabi-10.3-2021.10-win32/gcc-arm-none-eabi-10.3-2021.10/bin/../lib/gcc/arm-none-eabi/10.3.1/../../../../arm-none-eabi/lib/thumb/v7-m/nofp\libg_nano.a(lib_a-mprec.o)
                0x08003f10                _Bfree
 .text.__multadd
                0x08003f54       0x8c c:/apps/dependence_4_stm32/gcc-arm-none-eabi-10.3-2021.10-win32/gcc-arm-none-eabi-10.3-2021.10/bin/../lib/gcc/arm-none-eabi/10.3.1/../../../../arm-none-eabi/lib/thumb/v7-m/nofp\libg_nano.a(lib_a-mprec.o)
                0x08003f54                __multadd
 .text.__hi0bits
                0x08003fe0       0x40 c:/apps/dependence_4_stm32/gcc-arm-none-eabi-10.3-2021.10-win32/gcc-arm-none-eabi-10.3-2021.10/bin/../lib/gcc/arm-none-eabi/10.3.1/../../../../arm-none-eabi/lib/thumb/v7-m/nofp\libg_nano.a(lib_a-mprec.o)
                0x08003fe0                __hi0bits
 .text.__lo0bits
                0x08004020       0x5a c:/apps/dependence_4_stm32/gcc-arm-none-eabi-10.3-2021.10-win32/gcc-arm-none-eabi-10.3-2021.10/bin/../lib/gcc/arm-none-eabi/10.3.1/../../../../arm-none-eabi/lib/thumb/v7-m/nofp\libg_nano.a(lib_a-mprec.o)
                0x08004020                __lo0bits
 *fill*         0x0800407a        0x2 
 .text.__i2b    0x0800407c       0x2c c:/apps/dependence_4_stm32/gcc-arm-none-eabi-10.3-2021.10-win32/gcc-arm-none-eabi-10.3-2021.10/bin/../lib/gcc/arm-none-eabi/10.3.1/../../../../arm-none-eabi/lib/thumb/v7-m/nofp\libg_nano.a(lib_a-mprec.o)
                0x0800407c                __i2b
 .text.__multiply
                0x080040a8      0x150 c:/apps/dependence_4_stm32/gcc-arm-none-eabi-10.3-2021.10-win32/gcc-arm-none-eabi-10.3-2021.10/bin/../lib/gcc/arm-none-eabi/10.3.1/../../../../arm-none-eabi/lib/thumb/v7-m/nofp\libg_nano.a(lib_a-mprec.o)
                0x080040a8                __multiply
 .text.__pow5mult
                0x080041f8       0xb4 c:/apps/dependence_4_stm32/gcc-arm-none-eabi-10.3-2021.10-win32/gcc-arm-none-eabi-10.3-2021.10/bin/../lib/gcc/arm-none-eabi/10.3.1/../../../../arm-none-eabi/lib/thumb/v7-m/nofp\libg_nano.a(lib_a-mprec.o)
                0x080041f8                __pow5mult
 .text.__lshift
                0x080042ac       0xe0 c:/apps/dependence_4_stm32/gcc-arm-none-eabi-10.3-2021.10-win32/gcc-arm-none-eabi-10.3-2021.10/bin/../lib/gcc/arm-none-eabi/10.3.1/../../../../arm-none-eabi/lib/thumb/v7-m/nofp\libg_nano.a(lib_a-mprec.o)
                0x080042ac                __lshift
 .text.__mcmp   0x0800438c       0x36 c:/apps/dependence_4_stm32/gcc-arm-none-eabi-10.3-2021.10-win32/gcc-arm-none-eabi-10.3-2021.10/bin/../lib/gcc/arm-none-eabi/10.3.1/../../../../arm-none-eabi/lib/thumb/v7-m/nofp\libg_nano.a(lib_a-mprec.o)
                0x0800438c                __mcmp
 *fill*         0x080043c2        0x2 
 .text.__mdiff  0x080043c4      0x118 c:/apps/dependence_4_stm32/gcc-arm-none-eabi-10.3-2021.10-win32/gcc-arm-none-eabi-10.3-2021.10/bin/../lib/gcc/arm-none-eabi/10.3.1/../../../../arm-none-eabi/lib/thumb/v7-m/nofp\libg_nano.a(lib_a-mprec.o)
                0x080043c4                __mdiff
 .text.__d2b    0x080044dc       0xb8 c:/apps/dependence_4_stm32/gcc-arm-none-eabi-10.3-2021.10-win32/gcc-arm-none-eabi-10.3-2021.10/bin/../lib/gcc/arm-none-eabi/10.3.1/../../../../arm-none-eabi/lib/thumb/v7-m/nofp\libg_nano.a(lib_a-mprec.o)
                0x080044dc                __d2b
 .text._calloc_r
                0x08004594       0x28 c:/apps/dependence_4_stm32/gcc-arm-none-eabi-10.3-2021.10-win32/gcc-arm-none-eabi-10.3-2021.10/bin/../lib/gcc/arm-none-eabi/10.3.1/../../../../arm-none-eabi/lib/thumb/v7-m/nofp\libg_nano.a(lib_a-nano-callocr.o)
                0x08004594                _calloc_r
 .text._free_r  0x080045bc       0x90 c:/apps/dependence_4_stm32/gcc-arm-none-eabi-10.3-2021.10-win32/gcc-arm-none-eabi-10.3-2021.10/bin/../lib/gcc/arm-none-eabi/10.3.1/../../../../arm-none-eabi/lib/thumb/v7-m/nofp\libg_nano.a(lib_a-nano-freer.o)
                0x080045bc                _free_r
 .text.sbrk_aligned
                0x0800464c       0x40 c:/apps/dependence_4_stm32/gcc-arm-none-eabi-10.3-2021.10-win32/gcc-arm-none-eabi-10.3-2021.10/bin/../lib/gcc/arm-none-eabi/10.3.1/../../../../arm-none-eabi/lib/thumb/v7-m/nofp\libg_nano.a(lib_a-nano-mallocr.o)
 .text._malloc_r
                0x0800468c       0xe8 c:/apps/dependence_4_stm32/gcc-arm-none-eabi-10.3-2021.10-win32/gcc-arm-none-eabi-10.3-2021.10/bin/../lib/gcc/arm-none-eabi/10.3.1/../../../../arm-none-eabi/lib/thumb/v7-m/nofp\libg_nano.a(lib_a-nano-mallocr.o)
                0x0800468c                _malloc_r
 .text._sbrk_r  0x08004774       0x20 c:/apps/dependence_4_stm32/gcc-arm-none-eabi-10.3-2021.10-win32/gcc-arm-none-eabi-10.3-2021.10/bin/../lib/gcc/arm-none-eabi/10.3.1/../../../../arm-none-eabi/lib/thumb/v7-m/nofp\libg_nano.a(lib_a-sbrkr.o)
                0x08004774                _sbrk_r
 .text.__assert_func
                0x08004794       0x3c c:/apps/dependence_4_stm32/gcc-arm-none-eabi-10.3-2021.10-win32/gcc-arm-none-eabi-10.3-2021.10/bin/../lib/gcc/arm-none-eabi/10.3.1/../../../../arm-none-eabi/lib/thumb/v7-m/nofp\libg_nano.a(lib_a-assert.o)
                0x08004794                __assert_func
 .text.fprintf  0x080047d0       0x24 c:/apps/dependence_4_stm32/gcc-arm-none-eabi-10.3-2021.10-win32/gcc-arm-none-eabi-10.3-2021.10/bin/../lib/gcc/arm-none-eabi/10.3.1/../../../../arm-none-eabi/lib/thumb/v7-m/nofp\libg_nano.a(lib_a-fprintf.o)
                0x080047d0                fiprintf
                0x080047d0                fprintf
 .text.__ascii_mbtowc
                0x080047f4       0x24 c:/apps/dependence_4_stm32/gcc-arm-none-eabi-10.3-2021.10-win32/gcc-arm-none-eabi-10.3-2021.10/bin/../lib/gcc/arm-none-eabi/10.3.1/../../../../arm-none-eabi/lib/thumb/v7-m/nofp\libg_nano.a(lib_a-mbtowc_r.o)
                0x080047f4                __ascii_mbtowc
 .text.__malloc_lock
                0x08004818        0xc c:/apps/dependence_4_stm32/gcc-arm-none-eabi-10.3-2021.10-win32/gcc-arm-none-eabi-10.3-2021.10/bin/../lib/gcc/arm-none-eabi/10.3.1/../../../../arm-none-eabi/lib/thumb/v7-m/nofp\libg_nano.a(lib_a-mlock.o)
                0x08004818                __malloc_lock
 .text.__malloc_unlock
                0x08004824        0xc c:/apps/dependence_4_stm32/gcc-arm-none-eabi-10.3-2021.10-win32/gcc-arm-none-eabi-10.3-2021.10/bin/../lib/gcc/arm-none-eabi/10.3.1/../../../../arm-none-eabi/lib/thumb/v7-m/nofp\libg_nano.a(lib_a-mlock.o)
                0x08004824                __malloc_unlock
 .text.__sfputc_r
                0x08004830       0x2a c:/apps/dependence_4_stm32/gcc-arm-none-eabi-10.3-2021.10-win32/gcc-arm-none-eabi-10.3-2021.10/bin/../lib/gcc/arm-none-eabi/10.3.1/../../../../arm-none-eabi/lib/thumb/v7-m/nofp\libg_nano.a(lib_a-nano-vfprintf.o)
 .text.__sfputs_r
                0x0800485a       0x24 c:/apps/dependence_4_stm32/gcc-arm-none-eabi-10.3-2021.10-win32/gcc-arm-none-eabi-10.3-2021.10/bin/../lib/gcc/arm-none-eabi/10.3.1/../../../../arm-none-eabi/lib/thumb/v7-m/nofp\libg_nano.a(lib_a-nano-vfprintf.o)
                0x0800485a                __sfputs_r
 *fill*         0x0800487e        0x2 
 .text._vfprintf_r
                0x08004880      0x260 c:/apps/dependence_4_stm32/gcc-arm-none-eabi-10.3-2021.10-win32/gcc-arm-none-eabi-10.3-2021.10/bin/../lib/gcc/arm-none-eabi/10.3.1/../../../../arm-none-eabi/lib/thumb/v7-m/nofp\libg_nano.a(lib_a-nano-vfprintf.o)
                0x08004880                _vfprintf_r
                0x08004880                _vfiprintf_r
 .text.__swbuf_r
                0x08004ae0       0xa4 c:/apps/dependence_4_stm32/gcc-arm-none-eabi-10.3-2021.10-win32/gcc-arm-none-eabi-10.3-2021.10/bin/../lib/gcc/arm-none-eabi/10.3.1/../../../../arm-none-eabi/lib/thumb/v7-m/nofp\libg_nano.a(lib_a-wbuf.o)
                0x08004ae0                __swbuf_r
 .text.__ascii_wctomb
                0x08004b84       0x1a c:/apps/dependence_4_stm32/gcc-arm-none-eabi-10.3-2021.10-win32/gcc-arm-none-eabi-10.3-2021.10/bin/../lib/gcc/arm-none-eabi/10.3.1/../../../../arm-none-eabi/lib/thumb/v7-m/nofp\libg_nano.a(lib_a-wctomb_r.o)
                0x08004b84                __ascii_wctomb
 *fill*         0x08004b9e        0x2 
 .text.__swsetup_r
                0x08004ba0       0xdc c:/apps/dependence_4_stm32/gcc-arm-none-eabi-10.3-2021.10-win32/gcc-arm-none-eabi-10.3-2021.10/bin/../lib/gcc/arm-none-eabi/10.3.1/../../../../arm-none-eabi/lib/thumb/v7-m/nofp\libg_nano.a(lib_a-wsetup.o)
                0x08004ba0                __swsetup_r
 .text.abort    0x08004c7c        0xe c:/apps/dependence_4_stm32/gcc-arm-none-eabi-10.3-2021.10-win32/gcc-arm-none-eabi-10.3-2021.10/bin/../lib/gcc/arm-none-eabi/10.3.1/../../../../arm-none-eabi/lib/thumb/v7-m/nofp\libg_nano.a(lib_a-abort.o)
                0x08004c7c                abort
 *fill*         0x08004c8a        0x2 
 .text.__sflush_r
                0x08004c8c      0x104 c:/apps/dependence_4_stm32/gcc-arm-none-eabi-10.3-2021.10-win32/gcc-arm-none-eabi-10.3-2021.10/bin/../lib/gcc/arm-none-eabi/10.3.1/../../../../arm-none-eabi/lib/thumb/v7-m/nofp\libg_nano.a(lib_a-fflush.o)
                0x08004c8c                __sflush_r
 .text._fflush_r
                0x08004d90       0x78 c:/apps/dependence_4_stm32/gcc-arm-none-eabi-10.3-2021.10-win32/gcc-arm-none-eabi-10.3-2021.10/bin/../lib/gcc/arm-none-eabi/10.3.1/../../../../arm-none-eabi/lib/thumb/v7-m/nofp\libg_nano.a(lib_a-fflush.o)
                0x08004d90                _fflush_r
 .text.std      0x08004e08       0x48 c:/apps/dependence_4_stm32/gcc-arm-none-eabi-10.3-2021.10-win32/gcc-arm-none-eabi-10.3-2021.10/bin/../lib/gcc/arm-none-eabi/10.3.1/../../../../arm-none-eabi/lib/thumb/v7-m/nofp\libg_nano.a(lib_a-findfp.o)
 .text._cleanup_r
                0x08004e50        0xc c:/apps/dependence_4_stm32/gcc-arm-none-eabi-10.3-2021.10-win32/gcc-arm-none-eabi-10.3-2021.10/bin/../lib/gcc/arm-none-eabi/10.3.1/../../../../arm-none-eabi/lib/thumb/v7-m/nofp\libg_nano.a(lib_a-findfp.o)
                0x08004e50                _cleanup_r
 .text.__sfmoreglue
                0x08004e5c       0x2c c:/apps/dependence_4_stm32/gcc-arm-none-eabi-10.3-2021.10-win32/gcc-arm-none-eabi-10.3-2021.10/bin/../lib/gcc/arm-none-eabi/10.3.1/../../../../arm-none-eabi/lib/thumb/v7-m/nofp\libg_nano.a(lib_a-findfp.o)
                0x08004e5c                __sfmoreglue
 .text.__sfp_lock_acquire
                0x08004e88        0xc c:/apps/dependence_4_stm32/gcc-arm-none-eabi-10.3-2021.10-win32/gcc-arm-none-eabi-10.3-2021.10/bin/../lib/gcc/arm-none-eabi/10.3.1/../../../../arm-none-eabi/lib/thumb/v7-m/nofp\libg_nano.a(lib_a-findfp.o)
                0x08004e88                __sfp_lock_acquire
 .text.__sfp_lock_release
                0x08004e94        0xc c:/apps/dependence_4_stm32/gcc-arm-none-eabi-10.3-2021.10-win32/gcc-arm-none-eabi-10.3-2021.10/bin/../lib/gcc/arm-none-eabi/10.3.1/../../../../arm-none-eabi/lib/thumb/v7-m/nofp\libg_nano.a(lib_a-findfp.o)
                0x08004e94                __sfp_lock_release
 .text.__sinit_lock_acquire
                0x08004ea0        0xc c:/apps/dependence_4_stm32/gcc-arm-none-eabi-10.3-2021.10-win32/gcc-arm-none-eabi-10.3-2021.10/bin/../lib/gcc/arm-none-eabi/10.3.1/../../../../arm-none-eabi/lib/thumb/v7-m/nofp\libg_nano.a(lib_a-findfp.o)
                0x08004ea0                __sinit_lock_acquire
 .text.__sinit_lock_release
                0x08004eac        0xc c:/apps/dependence_4_stm32/gcc-arm-none-eabi-10.3-2021.10-win32/gcc-arm-none-eabi-10.3-2021.10/bin/../lib/gcc/arm-none-eabi/10.3.1/../../../../arm-none-eabi/lib/thumb/v7-m/nofp\libg_nano.a(lib_a-findfp.o)
                0x08004eac                __sinit_lock_release
 .text.__sinit  0x08004eb8       0x70 c:/apps/dependence_4_stm32/gcc-arm-none-eabi-10.3-2021.10-win32/gcc-arm-none-eabi-10.3-2021.10/bin/../lib/gcc/arm-none-eabi/10.3.1/../../../../arm-none-eabi/lib/thumb/v7-m/nofp\libg_nano.a(lib_a-findfp.o)
                0x08004eb8                __sinit
 .text.__sfp    0x08004f28       0x8c c:/apps/dependence_4_stm32/gcc-arm-none-eabi-10.3-2021.10-win32/gcc-arm-none-eabi-10.3-2021.10/bin/../lib/gcc/arm-none-eabi/10.3.1/../../../../arm-none-eabi/lib/thumb/v7-m/nofp\libg_nano.a(lib_a-findfp.o)
                0x08004f28                __sfp
 .text._fwalk_reent
                0x08004fb4       0x3e c:/apps/dependence_4_stm32/gcc-arm-none-eabi-10.3-2021.10-win32/gcc-arm-none-eabi-10.3-2021.10/bin/../lib/gcc/arm-none-eabi/10.3.1/../../../../arm-none-eabi/lib/thumb/v7-m/nofp\libg_nano.a(lib_a-fwalk.o)
                0x08004fb4                _fwalk_reent
 .text.__retarget_lock_init_recursive
                0x08004ff2        0x2 c:/apps/dependence_4_stm32/gcc-arm-none-eabi-10.3-2021.10-win32/gcc-arm-none-eabi-10.3-2021.10/bin/../lib/gcc/arm-none-eabi/10.3.1/../../../../arm-none-eabi/lib/thumb/v7-m/nofp\libg_nano.a(lib_a-lock.o)
                0x08004ff2                __retarget_lock_init_recursive
 .text.__retarget_lock_acquire_recursive
                0x08004ff4        0x2 c:/apps/dependence_4_stm32/gcc-arm-none-eabi-10.3-2021.10-win32/gcc-arm-none-eabi-10.3-2021.10/bin/../lib/gcc/arm-none-eabi/10.3.1/../../../../arm-none-eabi/lib/thumb/v7-m/nofp\libg_nano.a(lib_a-lock.o)
                0x08004ff4                __retarget_lock_acquire_recursive
 .text.__retarget_lock_release_recursive
                0x08004ff6        0x2 c:/apps/dependence_4_stm32/gcc-arm-none-eabi-10.3-2021.10-win32/gcc-arm-none-eabi-10.3-2021.10/bin/../lib/gcc/arm-none-eabi/10.3.1/../../../../arm-none-eabi/lib/thumb/v7-m/nofp\libg_nano.a(lib_a-lock.o)
                0x08004ff6                __retarget_lock_release_recursive
 .text.__swhatbuf_r
                0x08004ff8       0x4a c:/apps/dependence_4_stm32/gcc-arm-none-eabi-10.3-2021.10-win32/gcc-arm-none-eabi-10.3-2021.10/bin/../lib/gcc/arm-none-eabi/10.3.1/../../../../arm-none-eabi/lib/thumb/v7-m/nofp\libg_nano.a(lib_a-makebuf.o)
                0x08004ff8                __swhatbuf_r
 *fill*         0x08005042        0x2 
 .text.__smakebuf_r
                0x08005044       0x80 c:/apps/dependence_4_stm32/gcc-arm-none-eabi-10.3-2021.10-win32/gcc-arm-none-eabi-10.3-2021.10/bin/../lib/gcc/arm-none-eabi/10.3.1/../../../../arm-none-eabi/lib/thumb/v7-m/nofp\libg_nano.a(lib_a-makebuf.o)
                0x08005044                __smakebuf_r
 .text._raise_r
                0x080050c4       0x50 c:/apps/dependence_4_stm32/gcc-arm-none-eabi-10.3-2021.10-win32/gcc-arm-none-eabi-10.3-2021.10/bin/../lib/gcc/arm-none-eabi/10.3.1/../../../../arm-none-eabi/lib/thumb/v7-m/nofp\libg_nano.a(lib_a-signal.o)
                0x080050c4                _raise_r
 .text.raise    0x08005114       0x10 c:/apps/dependence_4_stm32/gcc-arm-none-eabi-10.3-2021.10-win32/gcc-arm-none-eabi-10.3-2021.10/bin/../lib/gcc/arm-none-eabi/10.3.1/../../../../arm-none-eabi/lib/thumb/v7-m/nofp\libg_nano.a(lib_a-signal.o)
                0x08005114                raise
 .text._kill_r  0x08005124       0x24 c:/apps/dependence_4_stm32/gcc-arm-none-eabi-10.3-2021.10-win32/gcc-arm-none-eabi-10.3-2021.10/bin/../lib/gcc/arm-none-eabi/10.3.1/../../../../arm-none-eabi/lib/thumb/v7-m/nofp\libg_nano.a(lib_a-signalr.o)
                0x08005124                _kill_r
 .text._getpid_r
                0x08005148        0x4 c:/apps/dependence_4_stm32/gcc-arm-none-eabi-10.3-2021.10-win32/gcc-arm-none-eabi-10.3-2021.10/bin/../lib/gcc/arm-none-eabi/10.3.1/../../../../arm-none-eabi/lib/thumb/v7-m/nofp\libg_nano.a(lib_a-signalr.o)
                0x08005148                _getpid_r
 .text.__sread  0x0800514c       0x22 c:/apps/dependence_4_stm32/gcc-arm-none-eabi-10.3-2021.10-win32/gcc-arm-none-eabi-10.3-2021.10/bin/../lib/gcc/arm-none-eabi/10.3.1/../../../../arm-none-eabi/lib/thumb/v7-m/nofp\libg_nano.a(lib_a-stdio.o)
                0x0800514c                __sread
 .text.__swrite
                0x0800516e       0x38 c:/apps/dependence_4_stm32/gcc-arm-none-eabi-10.3-2021.10-win32/gcc-arm-none-eabi-10.3-2021.10/bin/../lib/gcc/arm-none-eabi/10.3.1/../../../../arm-none-eabi/lib/thumb/v7-m/nofp\libg_nano.a(lib_a-stdio.o)
                0x0800516e                __swrite
 .text.__sseek  0x080051a6       0x24 c:/apps/dependence_4_stm32/gcc-arm-none-eabi-10.3-2021.10-win32/gcc-arm-none-eabi-10.3-2021.10/bin/../lib/gcc/arm-none-eabi/10.3.1/../../../../arm-none-eabi/lib/thumb/v7-m/nofp\libg_nano.a(lib_a-stdio.o)
                0x080051a6                __sseek
 .text.__sclose
                0x080051ca        0x8 c:/apps/dependence_4_stm32/gcc-arm-none-eabi-10.3-2021.10-win32/gcc-arm-none-eabi-10.3-2021.10/bin/../lib/gcc/arm-none-eabi/10.3.1/../../../../arm-none-eabi/lib/thumb/v7-m/nofp\libg_nano.a(lib_a-stdio.o)
                0x080051ca                __sclose
 *fill*         0x080051d2        0x2 
 .text._write_r
                0x080051d4       0x24 c:/apps/dependence_4_stm32/gcc-arm-none-eabi-10.3-2021.10-win32/gcc-arm-none-eabi-10.3-2021.10/bin/../lib/gcc/arm-none-eabi/10.3.1/../../../../arm-none-eabi/lib/thumb/v7-m/nofp\libg_nano.a(lib_a-writer.o)
                0x080051d4                _write_r
 .text._close_r
                0x080051f8       0x20 c:/apps/dependence_4_stm32/gcc-arm-none-eabi-10.3-2021.10-win32/gcc-arm-none-eabi-10.3-2021.10/bin/../lib/gcc/arm-none-eabi/10.3.1/../../../../arm-none-eabi/lib/thumb/v7-m/nofp\libg_nano.a(lib_a-closer.o)
                0x080051f8                _close_r
 .text._fstat_r
                0x08005218       0x24 c:/apps/dependence_4_stm32/gcc-arm-none-eabi-10.3-2021.10-win32/gcc-arm-none-eabi-10.3-2021.10/bin/../lib/gcc/arm-none-eabi/10.3.1/../../../../arm-none-eabi/lib/thumb/v7-m/nofp\libg_nano.a(lib_a-fstatr.o)
                0x08005218                _fstat_r
 .text._isatty_r
                0x0800523c       0x20 c:/apps/dependence_4_stm32/gcc-arm-none-eabi-10.3-2021.10-win32/gcc-arm-none-eabi-10.3-2021.10/bin/../lib/gcc/arm-none-eabi/10.3.1/../../../../arm-none-eabi/lib/thumb/v7-m/nofp\libg_nano.a(lib_a-isattyr.o)
                0x0800523c                _isatty_r
 .text._lseek_r
                0x0800525c       0x24 c:/apps/dependence_4_stm32/gcc-arm-none-eabi-10.3-2021.10-win32/gcc-arm-none-eabi-10.3-2021.10/bin/../lib/gcc/arm-none-eabi/10.3.1/../../../../arm-none-eabi/lib/thumb/v7-m/nofp\libg_nano.a(lib_a-lseekr.o)
                0x0800525c                _lseek_r
 .text._read_r  0x08005280       0x24 c:/apps/dependence_4_stm32/gcc-arm-none-eabi-10.3-2021.10-win32/gcc-arm-none-eabi-10.3-2021.10/bin/../lib/gcc/arm-none-eabi/10.3.1/../../../../arm-none-eabi/lib/thumb/v7-m/nofp\libg_nano.a(lib_a-readr.o)
                0x08005280                _read_r
 .text._close   0x080052a4       0x10 c:/apps/dependence_4_stm32/gcc-arm-none-eabi-10.3-2021.10-win32/gcc-arm-none-eabi-10.3-2021.10/bin/../lib/gcc/arm-none-eabi/10.3.1/../../../../arm-none-eabi/lib/thumb/v7-m/nofp\libnosys.a(close.o)
                0x080052a4                _close
 .text._fstat   0x080052b4       0x10 c:/apps/dependence_4_stm32/gcc-arm-none-eabi-10.3-2021.10-win32/gcc-arm-none-eabi-10.3-2021.10/bin/../lib/gcc/arm-none-eabi/10.3.1/../../../../arm-none-eabi/lib/thumb/v7-m/nofp\libnosys.a(fstat.o)
                0x080052b4                _fstat
 .text._getpid  0x080052c4       0x10 c:/apps/dependence_4_stm32/gcc-arm-none-eabi-10.3-2021.10-win32/gcc-arm-none-eabi-10.3-2021.10/bin/../lib/gcc/arm-none-eabi/10.3.1/../../../../arm-none-eabi/lib/thumb/v7-m/nofp\libnosys.a(getpid.o)
                0x080052c4                _getpid
 .text._isatty  0x080052d4       0x10 c:/apps/dependence_4_stm32/gcc-arm-none-eabi-10.3-2021.10-win32/gcc-arm-none-eabi-10.3-2021.10/bin/../lib/gcc/arm-none-eabi/10.3.1/../../../../arm-none-eabi/lib/thumb/v7-m/nofp\libnosys.a(isatty.o)
                0x080052d4                _isatty
 .text._kill    0x080052e4       0x10 c:/apps/dependence_4_stm32/gcc-arm-none-eabi-10.3-2021.10-win32/gcc-arm-none-eabi-10.3-2021.10/bin/../lib/gcc/arm-none-eabi/10.3.1/../../../../arm-none-eabi/lib/thumb/v7-m/nofp\libnosys.a(kill.o)
                0x080052e4                _kill
 .text._lseek   0x080052f4       0x10 c:/apps/dependence_4_stm32/gcc-arm-none-eabi-10.3-2021.10-win32/gcc-arm-none-eabi-10.3-2021.10/bin/../lib/gcc/arm-none-eabi/10.3.1/../../../../arm-none-eabi/lib/thumb/v7-m/nofp\libnosys.a(lseek.o)
                0x080052f4                _lseek
 .text._read    0x08005304       0x10 c:/apps/dependence_4_stm32/gcc-arm-none-eabi-10.3-2021.10-win32/gcc-arm-none-eabi-10.3-2021.10/bin/../lib/gcc/arm-none-eabi/10.3.1/../../../../arm-none-eabi/lib/thumb/v7-m/nofp\libnosys.a(read.o)
                0x08005304                _read
 .text._sbrk    0x08005314       0x1c c:/apps/dependence_4_stm32/gcc-arm-none-eabi-10.3-2021.10-win32/gcc-arm-none-eabi-10.3-2021.10/bin/../lib/gcc/arm-none-eabi/10.3.1/../../../../arm-none-eabi/lib/thumb/v7-m/nofp\libnosys.a(sbrk.o)
                0x08005314                _sbrk
 .text._write   0x08005330       0x10 c:/apps/dependence_4_stm32/gcc-arm-none-eabi-10.3-2021.10-win32/gcc-arm-none-eabi-10.3-2021.10/bin/../lib/gcc/arm-none-eabi/10.3.1/../../../../arm-none-eabi/lib/thumb/v7-m/nofp\libnosys.a(write.o)
                0x08005330                _write
 .text._exit    0x08005340        0x4 c:/apps/dependence_4_stm32/gcc-arm-none-eabi-10.3-2021.10-win32/gcc-arm-none-eabi-10.3-2021.10/bin/../lib/gcc/arm-none-eabi/10.3.1/../../../../arm-none-eabi/lib/thumb/v7-m/nofp\libnosys.a(_exit.o)
                0x08005340                _exit
 *(.glue_7)
 .glue_7        0x08005344        0x0 linker stubs
 *(.glue_7t)
 .glue_7t       0x08005344        0x0 linker stubs
 *(.eh_frame)
 .eh_frame      0x08005344        0x0 c:/apps/dependence_4_stm32/gcc-arm-none-eabi-10.3-2021.10-win32/gcc-arm-none-eabi-10.3-2021.10/bin/../lib/gcc/arm-none-eabi/10.3.1/thumb/v7-m/nofp/crtbegin.o
 *(.init)
 .init          0x08005344        0x4 c:/apps/dependence_4_stm32/gcc-arm-none-eabi-10.3-2021.10-win32/gcc-arm-none-eabi-10.3-2021.10/bin/../lib/gcc/arm-none-eabi/10.3.1/thumb/v7-m/nofp/crti.o
                0x08005344                _init
 .init          0x08005348        0x8 c:/apps/dependence_4_stm32/gcc-arm-none-eabi-10.3-2021.10-win32/gcc-arm-none-eabi-10.3-2021.10/bin/../lib/gcc/arm-none-eabi/10.3.1/thumb/v7-m/nofp/crtn.o
 *(.fini)
 .fini          0x08005350        0x4 c:/apps/dependence_4_stm32/gcc-arm-none-eabi-10.3-2021.10-win32/gcc-arm-none-eabi-10.3-2021.10/bin/../lib/gcc/arm-none-eabi/10.3.1/thumb/v7-m/nofp/crti.o
                0x08005350                _fini
 .fini          0x08005354        0x8 c:/apps/dependence_4_stm32/gcc-arm-none-eabi-10.3-2021.10-win32/gcc-arm-none-eabi-10.3-2021.10/bin/../lib/gcc/arm-none-eabi/10.3.1/thumb/v7-m/nofp/crtn.o
                0x0800535c                . = ALIGN (0x4)
                0x0800535c                _etext = .

.vfp11_veneer   0x0800535c        0x0
 .vfp11_veneer  0x0800535c        0x0 linker stubs

.v4_bx          0x0800535c        0x0
 .v4_bx         0x0800535c        0x0 linker stubs

.iplt           0x0800535c        0x0
 .iplt          0x0800535c        0x0 c:/apps/dependence_4_stm32/gcc-arm-none-eabi-10.3-2021.10-win32/gcc-arm-none-eabi-10.3-2021.10/bin/../lib/gcc/arm-none-eabi/10.3.1/thumb/v7-m/nofp/crtbegin.o

.rodata         0x08005360      0x444
                0x08005360                . = ALIGN (0x4)
 *(.rodata)
 *(.rodata*)
 .rodata.vTaskStartScheduler.str1.4
                0x08005360        0x5 CMakeFiles/CLionSTM32Demo.elf.dir/FreeRTOS/src/tasks.c.obj
 *fill*         0x08005365        0x3 
 .rodata.prvCheckForValidListAndQueue.str1.4
                0x08005368        0x5 CMakeFiles/CLionSTM32Demo.elf.dir/FreeRTOS/src/timers.c.obj
 *fill*         0x0800536d        0x3 
 .rodata.xTimerCreateTimerTask.str1.4
                0x08005370        0x8 CMakeFiles/CLionSTM32Demo.elf.dir/FreeRTOS/src/timers.c.obj
 .rodata.main.str1.4
                0x08005378        0x9 CMakeFiles/CLionSTM32Demo.elf.dir/user/src/main.c.obj
 *fill*         0x08005381        0x3 
 .rodata._global_impure_ptr
                0x08005384        0x4 c:/apps/dependence_4_stm32/gcc-arm-none-eabi-10.3-2021.10-win32/gcc-arm-none-eabi-10.3-2021.10/bin/../lib/gcc/arm-none-eabi/10.3.1/../../../../arm-none-eabi/lib/thumb/v7-m/nofp\libg_nano.a(lib_a-impure.o)
                0x08005384                _global_impure_ptr
 .rodata._printf_float.str1.1
                0x08005388       0x12 c:/apps/dependence_4_stm32/gcc-arm-none-eabi-10.3-2021.10-win32/gcc-arm-none-eabi-10.3-2021.10/bin/../lib/gcc/arm-none-eabi/10.3.1/../../../../arm-none-eabi/lib/thumb/v7-m/nofp\libg_nano.a(lib_a-nano-vfprintf_float.o)
 .rodata._printf_i.str1.1
                0x0800539a       0x22 c:/apps/dependence_4_stm32/gcc-arm-none-eabi-10.3-2021.10-win32/gcc-arm-none-eabi-10.3-2021.10/bin/../lib/gcc/arm-none-eabi/10.3.1/../../../../arm-none-eabi/lib/thumb/v7-m/nofp\libg_nano.a(lib_a-nano-vfprintf_i.o)
 .rodata._dtoa_r.str1.1
                0x080053bc       0xb3 c:/apps/dependence_4_stm32/gcc-arm-none-eabi-10.3-2021.10-win32/gcc-arm-none-eabi-10.3-2021.10/bin/../lib/gcc/arm-none-eabi/10.3.1/../../../../arm-none-eabi/lib/thumb/v7-m/nofp\libg_nano.a(lib_a-dtoa.o)
                                 0xb5 (size before relaxing)
 .rodata._Balloc.str1.1
                0x0800546f       0x7f c:/apps/dependence_4_stm32/gcc-arm-none-eabi-10.3-2021.10-win32/gcc-arm-none-eabi-10.3-2021.10/bin/../lib/gcc/arm-none-eabi/10.3.1/../../../../arm-none-eabi/lib/thumb/v7-m/nofp\libg_nano.a(lib_a-mprec.o)
                                 0x96 (size before relaxing)
 .rodata.__multadd.str1.1
                0x080054ee       0x11 c:/apps/dependence_4_stm32/gcc-arm-none-eabi-10.3-2021.10-win32/gcc-arm-none-eabi-10.3-2021.10/bin/../lib/gcc/arm-none-eabi/10.3.1/../../../../arm-none-eabi/lib/thumb/v7-m/nofp\libg_nano.a(lib_a-mprec.o)
 *fill*         0x080054ee        0x2 
 .rodata.__mprec_bigtens
                0x080054f0       0x28 c:/apps/dependence_4_stm32/gcc-arm-none-eabi-10.3-2021.10-win32/gcc-arm-none-eabi-10.3-2021.10/bin/../lib/gcc/arm-none-eabi/10.3.1/../../../../arm-none-eabi/lib/thumb/v7-m/nofp\libg_nano.a(lib_a-mprec.o)
                0x080054f0                __mprec_bigtens
 .rodata.__mprec_tens
                0x08005518       0xc8 c:/apps/dependence_4_stm32/gcc-arm-none-eabi-10.3-2021.10-win32/gcc-arm-none-eabi-10.3-2021.10/bin/../lib/gcc/arm-none-eabi/10.3.1/../../../../arm-none-eabi/lib/thumb/v7-m/nofp\libg_nano.a(lib_a-mprec.o)
                0x08005518                __mprec_tens
 .rodata.p05.0  0x080055e0        0xc c:/apps/dependence_4_stm32/gcc-arm-none-eabi-10.3-2021.10-win32/gcc-arm-none-eabi-10.3-2021.10/bin/../lib/gcc/arm-none-eabi/10.3.1/../../../../arm-none-eabi/lib/thumb/v7-m/nofp\libg_nano.a(lib_a-mprec.o)
 .rodata.__assert_func.str1.1
                0x080055ec       0x3c c:/apps/dependence_4_stm32/gcc-arm-none-eabi-10.3-2021.10-win32/gcc-arm-none-eabi-10.3-2021.10/bin/../lib/gcc/arm-none-eabi/10.3.1/../../../../arm-none-eabi/lib/thumb/v7-m/nofp\libg_nano.a(lib_a-assert.o)
                                 0x3d (size before relaxing)
 .rodata._setlocale_r.str1.1
                0x08005628        0x8 c:/apps/dependence_4_stm32/gcc-arm-none-eabi-10.3-2021.10-win32/gcc-arm-none-eabi-10.3-2021.10/bin/../lib/gcc/arm-none-eabi/10.3.1/../../../../arm-none-eabi/lib/thumb/v7-m/nofp\libg_nano.a(lib_a-locale.o)
                                  0x9 (size before relaxing)
 .rodata.str1.1
                0x08005630        0x2 c:/apps/dependence_4_stm32/gcc-arm-none-eabi-10.3-2021.10-win32/gcc-arm-none-eabi-10.3-2021.10/bin/../lib/gcc/arm-none-eabi/10.3.1/../../../../arm-none-eabi/lib/thumb/v7-m/nofp\libg_nano.a(lib_a-locale.o)
 .rodata._vfprintf_r.str1.1
                0x08005632       0x11 c:/apps/dependence_4_stm32/gcc-arm-none-eabi-10.3-2021.10-win32/gcc-arm-none-eabi-10.3-2021.10/bin/../lib/gcc/arm-none-eabi/10.3.1/../../../../arm-none-eabi/lib/thumb/v7-m/nofp\libg_nano.a(lib_a-nano-vfprintf.o)
 .rodata._ctype_
                0x08005643      0x101 c:/apps/dependence_4_stm32/gcc-arm-none-eabi-10.3-2021.10-win32/gcc-arm-none-eabi-10.3-2021.10/bin/../lib/gcc/arm-none-eabi/10.3.1/../../../../arm-none-eabi/lib/thumb/v7-m/nofp\libg_nano.a(lib_a-ctype_.o)
                0x08005643                _ctype_
 .rodata.__sf_fake_stderr
                0x08005744       0x20 c:/apps/dependence_4_stm32/gcc-arm-none-eabi-10.3-2021.10-win32/gcc-arm-none-eabi-10.3-2021.10/bin/../lib/gcc/arm-none-eabi/10.3.1/../../../../arm-none-eabi/lib/thumb/v7-m/nofp\libg_nano.a(lib_a-findfp.o)
                0x08005744                __sf_fake_stderr
 .rodata.__sf_fake_stdin
                0x08005764       0x20 c:/apps/dependence_4_stm32/gcc-arm-none-eabi-10.3-2021.10-win32/gcc-arm-none-eabi-10.3-2021.10/bin/../lib/gcc/arm-none-eabi/10.3.1/../../../../arm-none-eabi/lib/thumb/v7-m/nofp\libg_nano.a(lib_a-findfp.o)
                0x08005764                __sf_fake_stdin
 .rodata.__sf_fake_stdout
                0x08005784       0x20 c:/apps/dependence_4_stm32/gcc-arm-none-eabi-10.3-2021.10-win32/gcc-arm-none-eabi-10.3-2021.10/bin/../lib/gcc/arm-none-eabi/10.3.1/../../../../arm-none-eabi/lib/thumb/v7-m/nofp\libg_nano.a(lib_a-findfp.o)
                0x08005784                __sf_fake_stdout
                0x080057a4                . = ALIGN (0x4)

.rel.dyn        0x080057a4        0x0
 .rel.iplt      0x080057a4        0x0 c:/apps/dependence_4_stm32/gcc-arm-none-eabi-10.3-2021.10-win32/gcc-arm-none-eabi-10.3-2021.10/bin/../lib/gcc/arm-none-eabi/10.3.1/thumb/v7-m/nofp/crtbegin.o

.ARM.extab
 *(.ARM.extab* .gnu.linkonce.armextab.*)

.ARM            0x080057a4        0x0
                0x080057a4                __exidx_start = .
 *(.ARM.exidx*)
                0x080057a4                __exidx_end = .

.preinit_array  0x080057a4        0x0
                0x080057a4                PROVIDE (__preinit_array_start = .)
 *(.preinit_array*)
                0x080057a4                PROVIDE (__preinit_array_end = .)

.init_array     0x080057a4        0x4
                0x080057a4                PROVIDE (__init_array_start = .)
 *(SORT_BY_NAME(.init_array.*))
 *(.init_array*)
 .init_array    0x080057a4        0x4 c:/apps/dependence_4_stm32/gcc-arm-none-eabi-10.3-2021.10-win32/gcc-arm-none-eabi-10.3-2021.10/bin/../lib/gcc/arm-none-eabi/10.3.1/thumb/v7-m/nofp/crtbegin.o
                0x080057a8                PROVIDE (__init_array_end = .)

.fini_array     0x080057a8        0x4
                [!provide]                PROVIDE (__fini_array_start = .)
 *(SORT_BY_NAME(.fini_array.*))
 *(.fini_array*)
 .fini_array    0x080057a8        0x4 c:/apps/dependence_4_stm32/gcc-arm-none-eabi-10.3-2021.10-win32/gcc-arm-none-eabi-10.3-2021.10/bin/../lib/gcc/arm-none-eabi/10.3.1/thumb/v7-m/nofp/crtbegin.o
                [!provide]                PROVIDE (__fini_array_end = .)
                0x080057ac                _sidata = LOADADDR (.data)

.data           0x20000000      0x1d8 load address 0x080057ac
                0x20000000                . = ALIGN (0x4)
                0x20000000                _sdata = .
 *(.data)
 *(.data*)
 .data.uxCriticalNesting
                0x20000000        0x4 CMakeFiles/CLionSTM32Demo.elf.dir/FreeRTOS/port/GCC/ARM_CM3/port.c.obj
 .data.SystemCoreClock
                0x20000004        0x4 CMakeFiles/CLionSTM32Demo.elf.dir/user/src/system_stm32f10x.c.obj
                0x20000004                SystemCoreClock
 .data._impure_ptr
                0x20000008        0x4 c:/apps/dependence_4_stm32/gcc-arm-none-eabi-10.3-2021.10-win32/gcc-arm-none-eabi-10.3-2021.10/bin/../lib/gcc/arm-none-eabi/10.3.1/../../../../arm-none-eabi/lib/thumb/v7-m/nofp\libg_nano.a(lib_a-impure.o)
                0x20000008                _impure_ptr
 .data.impure_data
                0x2000000c       0x60 c:/apps/dependence_4_stm32/gcc-arm-none-eabi-10.3-2021.10-win32/gcc-arm-none-eabi-10.3-2021.10/bin/../lib/gcc/arm-none-eabi/10.3.1/../../../../arm-none-eabi/lib/thumb/v7-m/nofp\libg_nano.a(lib_a-impure.o)
 .data.__global_locale
                0x2000006c      0x16c c:/apps/dependence_4_stm32/gcc-arm-none-eabi-10.3-2021.10-win32/gcc-arm-none-eabi-10.3-2021.10/bin/../lib/gcc/arm-none-eabi/10.3.1/../../../../arm-none-eabi/lib/thumb/v7-m/nofp\libg_nano.a(lib_a-locale.o)
                0x2000006c                __global_locale
                0x200001d8                . = ALIGN (0x4)
                0x200001d8                _edata = .

.igot.plt       0x200001d8        0x0 load address 0x08005984
 .igot.plt      0x200001d8        0x0 c:/apps/dependence_4_stm32/gcc-arm-none-eabi-10.3-2021.10-win32/gcc-arm-none-eabi-10.3-2021.10/bin/../lib/gcc/arm-none-eabi/10.3.1/thumb/v7-m/nofp/crtbegin.o
                0x200001d8                . = ALIGN (0x4)

.bss            0x200001d8     0x3dd0 load address 0x08005984
                0x200001d8                _sbss = .
                0x200001d8                __bss_start__ = _sbss
 *(.bss)
 .bss           0x200001d8       0x1c c:/apps/dependence_4_stm32/gcc-arm-none-eabi-10.3-2021.10-win32/gcc-arm-none-eabi-10.3-2021.10/bin/../lib/gcc/arm-none-eabi/10.3.1/thumb/v7-m/nofp/crtbegin.o
 *(.bss*)
 .bss.ucMaxSysCallPriority
                0x200001f4        0x1 CMakeFiles/CLionSTM32Demo.elf.dir/FreeRTOS/port/GCC/ARM_CM3/port.c.obj
 *fill*         0x200001f5        0x3 
 .bss.ulMaxPRIGROUPValue
                0x200001f8        0x4 CMakeFiles/CLionSTM32Demo.elf.dir/FreeRTOS/port/GCC/ARM_CM3/port.c.obj
 .bss.pxEnd     0x200001fc        0x4 CMakeFiles/CLionSTM32Demo.elf.dir/FreeRTOS/port/MemMang/heap_4.c.obj
 .bss.ucHeap    0x20000200     0x3c00 CMakeFiles/CLionSTM32Demo.elf.dir/FreeRTOS/port/MemMang/heap_4.c.obj
 .bss.xBlockAllocatedBit
                0x20003e00        0x4 CMakeFiles/CLionSTM32Demo.elf.dir/FreeRTOS/port/MemMang/heap_4.c.obj
 .bss.xFreeBytesRemaining
                0x20003e04        0x4 CMakeFiles/CLionSTM32Demo.elf.dir/FreeRTOS/port/MemMang/heap_4.c.obj
 .bss.xMinimumEverFreeBytesRemaining
                0x20003e08        0x4 CMakeFiles/CLionSTM32Demo.elf.dir/FreeRTOS/port/MemMang/heap_4.c.obj
 .bss.xStart    0x20003e0c        0x8 CMakeFiles/CLionSTM32Demo.elf.dir/FreeRTOS/port/MemMang/heap_4.c.obj
 .bss.xQueueRegistry
                0x20003e14       0x40 CMakeFiles/CLionSTM32Demo.elf.dir/FreeRTOS/src/queue.c.obj
                0x20003e14                xQueueRegistry
 .bss.pxCurrentTCB
                0x20003e54        0x4 CMakeFiles/CLionSTM32Demo.elf.dir/FreeRTOS/src/tasks.c.obj
                0x20003e54                pxCurrentTCB
 .bss.pxDelayedTaskList
                0x20003e58        0x4 CMakeFiles/CLionSTM32Demo.elf.dir/FreeRTOS/src/tasks.c.obj
 .bss.pxOverflowDelayedTaskList
                0x20003e5c        0x4 CMakeFiles/CLionSTM32Demo.elf.dir/FreeRTOS/src/tasks.c.obj
 .bss.pxReadyTasksLists
                0x20003e60       0x64 CMakeFiles/CLionSTM32Demo.elf.dir/FreeRTOS/src/tasks.c.obj
 .bss.uxCurrentNumberOfTasks
                0x20003ec4        0x4 CMakeFiles/CLionSTM32Demo.elf.dir/FreeRTOS/src/tasks.c.obj
 .bss.uxDeletedTasksWaitingCleanUp
                0x20003ec8        0x4 CMakeFiles/CLionSTM32Demo.elf.dir/FreeRTOS/src/tasks.c.obj
 .bss.uxPendedTicks
                0x20003ecc        0x4 CMakeFiles/CLionSTM32Demo.elf.dir/FreeRTOS/src/tasks.c.obj
 .bss.uxSchedulerSuspended
                0x20003ed0        0x4 CMakeFiles/CLionSTM32Demo.elf.dir/FreeRTOS/src/tasks.c.obj
 .bss.uxTaskNumber
                0x20003ed4        0x4 CMakeFiles/CLionSTM32Demo.elf.dir/FreeRTOS/src/tasks.c.obj
 .bss.uxTopReadyPriority
                0x20003ed8        0x4 CMakeFiles/CLionSTM32Demo.elf.dir/FreeRTOS/src/tasks.c.obj
 .bss.xDelayedTaskList1
                0x20003edc       0x14 CMakeFiles/CLionSTM32Demo.elf.dir/FreeRTOS/src/tasks.c.obj
 .bss.xDelayedTaskList2
                0x20003ef0       0x14 CMakeFiles/CLionSTM32Demo.elf.dir/FreeRTOS/src/tasks.c.obj
 .bss.xIdleTaskHandle
                0x20003f04        0x4 CMakeFiles/CLionSTM32Demo.elf.dir/FreeRTOS/src/tasks.c.obj
 .bss.xNextTaskUnblockTime
                0x20003f08        0x2 CMakeFiles/CLionSTM32Demo.elf.dir/FreeRTOS/src/tasks.c.obj
 *fill*         0x20003f0a        0x2 
 .bss.xNumOfOverflows
                0x20003f0c        0x4 CMakeFiles/CLionSTM32Demo.elf.dir/FreeRTOS/src/tasks.c.obj
 .bss.xPendingReadyList
                0x20003f10       0x14 CMakeFiles/CLionSTM32Demo.elf.dir/FreeRTOS/src/tasks.c.obj
 .bss.xSchedulerRunning
                0x20003f24        0x4 CMakeFiles/CLionSTM32Demo.elf.dir/FreeRTOS/src/tasks.c.obj
 .bss.xSuspendedTaskList
                0x20003f28       0x14 CMakeFiles/CLionSTM32Demo.elf.dir/FreeRTOS/src/tasks.c.obj
 .bss.xTasksWaitingTermination
                0x20003f3c       0x14 CMakeFiles/CLionSTM32Demo.elf.dir/FreeRTOS/src/tasks.c.obj
 .bss.xTickCount
                0x20003f50        0x2 CMakeFiles/CLionSTM32Demo.elf.dir/FreeRTOS/src/tasks.c.obj
 *fill*         0x20003f52        0x2 
 .bss.xYieldPending
                0x20003f54        0x4 CMakeFiles/CLionSTM32Demo.elf.dir/FreeRTOS/src/tasks.c.obj
 .bss.pxCurrentTimerList
                0x20003f58        0x4 CMakeFiles/CLionSTM32Demo.elf.dir/FreeRTOS/src/timers.c.obj
 .bss.pxOverflowTimerList
                0x20003f5c        0x4 CMakeFiles/CLionSTM32Demo.elf.dir/FreeRTOS/src/timers.c.obj
 .bss.xActiveTimerList1
                0x20003f60       0x14 CMakeFiles/CLionSTM32Demo.elf.dir/FreeRTOS/src/timers.c.obj
 .bss.xActiveTimerList2
                0x20003f74       0x14 CMakeFiles/CLionSTM32Demo.elf.dir/FreeRTOS/src/timers.c.obj
 .bss.xLastTime.0
                0x20003f88        0x2 CMakeFiles/CLionSTM32Demo.elf.dir/FreeRTOS/src/timers.c.obj
 *fill*         0x20003f8a        0x2 
 .bss.xTimerQueue
                0x20003f8c        0x4 CMakeFiles/CLionSTM32Demo.elf.dir/FreeRTOS/src/timers.c.obj
 .bss.xTimerTaskHandle
                0x20003f90        0x4 CMakeFiles/CLionSTM32Demo.elf.dir/FreeRTOS/src/timers.c.obj
 .bss.__malloc_free_list
                0x20003f94        0x4 c:/apps/dependence_4_stm32/gcc-arm-none-eabi-10.3-2021.10-win32/gcc-arm-none-eabi-10.3-2021.10/bin/../lib/gcc/arm-none-eabi/10.3.1/../../../../arm-none-eabi/lib/thumb/v7-m/nofp\libg_nano.a(lib_a-nano-mallocr.o)
                0x20003f94                __malloc_free_list
 .bss.__malloc_sbrk_start
                0x20003f98        0x4 c:/apps/dependence_4_stm32/gcc-arm-none-eabi-10.3-2021.10-win32/gcc-arm-none-eabi-10.3-2021.10/bin/../lib/gcc/arm-none-eabi/10.3.1/../../../../arm-none-eabi/lib/thumb/v7-m/nofp\libg_nano.a(lib_a-nano-mallocr.o)
                0x20003f98                __malloc_sbrk_start
 .bss.errno     0x20003f9c        0x4 c:/apps/dependence_4_stm32/gcc-arm-none-eabi-10.3-2021.10-win32/gcc-arm-none-eabi-10.3-2021.10/bin/../lib/gcc/arm-none-eabi/10.3.1/../../../../arm-none-eabi/lib/thumb/v7-m/nofp\libg_nano.a(lib_a-reent.o)
                0x20003f9c                errno
 .bss.__lock___malloc_recursive_mutex
                0x20003fa0        0x1 c:/apps/dependence_4_stm32/gcc-arm-none-eabi-10.3-2021.10-win32/gcc-arm-none-eabi-10.3-2021.10/bin/../lib/gcc/arm-none-eabi/10.3.1/../../../../arm-none-eabi/lib/thumb/v7-m/nofp\libg_nano.a(lib_a-lock.o)
                0x20003fa0                __lock___malloc_recursive_mutex
 .bss.__lock___sfp_recursive_mutex
                0x20003fa1        0x1 c:/apps/dependence_4_stm32/gcc-arm-none-eabi-10.3-2021.10-win32/gcc-arm-none-eabi-10.3-2021.10/bin/../lib/gcc/arm-none-eabi/10.3.1/../../../../arm-none-eabi/lib/thumb/v7-m/nofp\libg_nano.a(lib_a-lock.o)
                0x20003fa1                __lock___sfp_recursive_mutex
 .bss.__lock___sinit_recursive_mutex
                0x20003fa2        0x1 c:/apps/dependence_4_stm32/gcc-arm-none-eabi-10.3-2021.10-win32/gcc-arm-none-eabi-10.3-2021.10/bin/../lib/gcc/arm-none-eabi/10.3.1/../../../../arm-none-eabi/lib/thumb/v7-m/nofp\libg_nano.a(lib_a-lock.o)
                0x20003fa2                __lock___sinit_recursive_mutex
 *fill*         0x20003fa3        0x1 
 .bss.heap_end.0
                0x20003fa4        0x4 c:/apps/dependence_4_stm32/gcc-arm-none-eabi-10.3-2021.10-win32/gcc-arm-none-eabi-10.3-2021.10/bin/../lib/gcc/arm-none-eabi/10.3.1/../../../../arm-none-eabi/lib/thumb/v7-m/nofp\libnosys.a(sbrk.o)
 *(COMMON)
                0x20003fa8                . = ALIGN (0x4)
                0x20003fa8                _ebss = .
                0x20003fa8                __bss_end__ = _ebss

._user_heap_stack
                0x20003fa8      0x600 load address 0x08005984
                0x20003fa8                . = ALIGN (0x8)
                0x20003fa8                PROVIDE (end = .)
                [!provide]                PROVIDE (_end = .)
                0x200041a8                . = (. + _Min_Heap_Size)
 *fill*         0x20003fa8      0x200 
                0x200045a8                . = (. + _Min_Stack_Size)
 *fill*         0x200041a8      0x400 
                0x200045a8                . = ALIGN (0x8)

/DISCARD/
 libc.a(*)
 libm.a(*)
 libgcc.a(*)

.ARM.attributes
                0x00000000       0x29
 *(.ARM.attributes)
 .ARM.attributes
                0x00000000       0x1d c:/apps/dependence_4_stm32/gcc-arm-none-eabi-10.3-2021.10-win32/gcc-arm-none-eabi-10.3-2021.10/bin/../lib/gcc/arm-none-eabi/10.3.1/thumb/v7-m/nofp/crti.o
 .ARM.attributes
                0x0000001d       0x2d c:/apps/dependence_4_stm32/gcc-arm-none-eabi-10.3-2021.10-win32/gcc-arm-none-eabi-10.3-2021.10/bin/../lib/gcc/arm-none-eabi/10.3.1/thumb/v7-m/nofp/crtbegin.o
 .ARM.attributes
                0x0000004a       0x2d CMakeFiles/CLionSTM32Demo.elf.dir/FreeRTOS/port/GCC/ARM_CM3/port.c.obj
 .ARM.attributes
                0x00000077       0x2d CMakeFiles/CLionSTM32Demo.elf.dir/FreeRTOS/port/MemMang/heap_4.c.obj
 .ARM.attributes
                0x000000a4       0x2d CMakeFiles/CLionSTM32Demo.elf.dir/FreeRTOS/src/list.c.obj
 .ARM.attributes
                0x000000d1       0x2d CMakeFiles/CLionSTM32Demo.elf.dir/FreeRTOS/src/queue.c.obj
 .ARM.attributes
                0x000000fe       0x2d CMakeFiles/CLionSTM32Demo.elf.dir/FreeRTOS/src/tasks.c.obj
 .ARM.attributes
                0x0000012b       0x2d CMakeFiles/CLionSTM32Demo.elf.dir/FreeRTOS/src/timers.c.obj
 .ARM.attributes
                0x00000158       0x2d CMakeFiles/CLionSTM32Demo.elf.dir/STM32F10x_FWLib/src/stm32f10x_gpio.c.obj
 .ARM.attributes
                0x00000185       0x2d CMakeFiles/CLionSTM32Demo.elf.dir/STM32F10x_FWLib/src/stm32f10x_rcc.c.obj
 .ARM.attributes
                0x000001b2       0x21 CMakeFiles/CLionSTM32Demo.elf.dir/startup/startup_stm32f103xb.s.obj
 .ARM.attributes
                0x000001d3       0x2d CMakeFiles/CLionSTM32Demo.elf.dir/user/src/delay.c.obj
 .ARM.attributes
                0x00000200       0x2d CMakeFiles/CLionSTM32Demo.elf.dir/user/src/main.c.obj
 .ARM.attributes
                0x0000022d       0x2d CMakeFiles/CLionSTM32Demo.elf.dir/user/src/stm32f10x_it.c.obj
 .ARM.attributes
                0x0000025a       0x2d CMakeFiles/CLionSTM32Demo.elf.dir/user/src/system_stm32f10x.c.obj
 .ARM.attributes
                0x00000287       0x2d c:/apps/dependence_4_stm32/gcc-arm-none-eabi-10.3-2021.10-win32/gcc-arm-none-eabi-10.3-2021.10/bin/../lib/gcc/arm-none-eabi/10.3.1/../../../../arm-none-eabi/lib/thumb/v7-m/nofp\libg_nano.a(lib_a-impure.o)
 .ARM.attributes
                0x000002b4       0x2d c:/apps/dependence_4_stm32/gcc-arm-none-eabi-10.3-2021.10-win32/gcc-arm-none-eabi-10.3-2021.10/bin/../lib/gcc/arm-none-eabi/10.3.1/../../../../arm-none-eabi/lib/thumb/v7-m/nofp\libg_nano.a(lib_a-init.o)
 .ARM.attributes
                0x000002e1       0x2d c:/apps/dependence_4_stm32/gcc-arm-none-eabi-10.3-2021.10-win32/gcc-arm-none-eabi-10.3-2021.10/bin/../lib/gcc/arm-none-eabi/10.3.1/../../../../arm-none-eabi/lib/thumb/v7-m/nofp\libg_nano.a(lib_a-memcpy-stub.o)
 .ARM.attributes
                0x0000030e       0x2d c:/apps/dependence_4_stm32/gcc-arm-none-eabi-10.3-2021.10-win32/gcc-arm-none-eabi-10.3-2021.10/bin/../lib/gcc/arm-none-eabi/10.3.1/../../../../arm-none-eabi/lib/thumb/v7-m/nofp\libg_nano.a(lib_a-memset.o)
 .ARM.attributes
                0x0000033b       0x2d c:/apps/dependence_4_stm32/gcc-arm-none-eabi-10.3-2021.10-win32/gcc-arm-none-eabi-10.3-2021.10/bin/../lib/gcc/arm-none-eabi/10.3.1/../../../../arm-none-eabi/lib/thumb/v7-m/nofp\libg_nano.a(lib_a-nano-vfprintf_float.o)
 .ARM.attributes
                0x00000368       0x2d c:/apps/dependence_4_stm32/gcc-arm-none-eabi-10.3-2021.10-win32/gcc-arm-none-eabi-10.3-2021.10/bin/../lib/gcc/arm-none-eabi/10.3.1/../../../../arm-none-eabi/lib/thumb/v7-m/nofp\libg_nano.a(lib_a-nano-vfprintf_i.o)
 .ARM.attributes
                0x00000395       0x17 c:/apps/dependence_4_stm32/gcc-arm-none-eabi-10.3-2021.10-win32/gcc-arm-none-eabi-10.3-2021.10/bin/../lib/gcc/arm-none-eabi/10.3.1/../../../../arm-none-eabi/lib/thumb/v7-m/nofp\libg_nano.a(lib_a-strlen.o)
 .ARM.attributes
                0x000003ac       0x2d c:/apps/dependence_4_stm32/gcc-arm-none-eabi-10.3-2021.10-win32/gcc-arm-none-eabi-10.3-2021.10/bin/../lib/gcc/arm-none-eabi/10.3.1/../../../../arm-none-eabi/lib/thumb/v7-m/nofp\libg_nano.a(lib_a-dtoa.o)
 .ARM.attributes
                0x000003d9       0x2d c:/apps/dependence_4_stm32/gcc-arm-none-eabi-10.3-2021.10-win32/gcc-arm-none-eabi-10.3-2021.10/bin/../lib/gcc/arm-none-eabi/10.3.1/../../../../arm-none-eabi/lib/thumb/v7-m/nofp\libg_nano.a(lib_a-localeconv.o)
 .ARM.attributes
                0x00000406       0x2d c:/apps/dependence_4_stm32/gcc-arm-none-eabi-10.3-2021.10-win32/gcc-arm-none-eabi-10.3-2021.10/bin/../lib/gcc/arm-none-eabi/10.3.1/../../../../arm-none-eabi/lib/thumb/v7-m/nofp\libg_nano.a(lib_a-malloc.o)
 .ARM.attributes
                0x00000433       0x2d c:/apps/dependence_4_stm32/gcc-arm-none-eabi-10.3-2021.10-win32/gcc-arm-none-eabi-10.3-2021.10/bin/../lib/gcc/arm-none-eabi/10.3.1/../../../../arm-none-eabi/lib/thumb/v7-m/nofp\libg_nano.a(lib_a-memchr-stub.o)
 .ARM.attributes
                0x00000460       0x2d c:/apps/dependence_4_stm32/gcc-arm-none-eabi-10.3-2021.10-win32/gcc-arm-none-eabi-10.3-2021.10/bin/../lib/gcc/arm-none-eabi/10.3.1/../../../../arm-none-eabi/lib/thumb/v7-m/nofp\libg_nano.a(lib_a-mprec.o)
 .ARM.attributes
                0x0000048d       0x2d c:/apps/dependence_4_stm32/gcc-arm-none-eabi-10.3-2021.10-win32/gcc-arm-none-eabi-10.3-2021.10/bin/../lib/gcc/arm-none-eabi/10.3.1/../../../../arm-none-eabi/lib/thumb/v7-m/nofp\libg_nano.a(lib_a-nano-callocr.o)
 .ARM.attributes
                0x000004ba       0x2d c:/apps/dependence_4_stm32/gcc-arm-none-eabi-10.3-2021.10-win32/gcc-arm-none-eabi-10.3-2021.10/bin/../lib/gcc/arm-none-eabi/10.3.1/../../../../arm-none-eabi/lib/thumb/v7-m/nofp\libg_nano.a(lib_a-nano-freer.o)
 .ARM.attributes
                0x000004e7       0x2d c:/apps/dependence_4_stm32/gcc-arm-none-eabi-10.3-2021.10-win32/gcc-arm-none-eabi-10.3-2021.10/bin/../lib/gcc/arm-none-eabi/10.3.1/../../../../arm-none-eabi/lib/thumb/v7-m/nofp\libg_nano.a(lib_a-nano-mallocr.o)
 .ARM.attributes
                0x00000514       0x2d c:/apps/dependence_4_stm32/gcc-arm-none-eabi-10.3-2021.10-win32/gcc-arm-none-eabi-10.3-2021.10/bin/../lib/gcc/arm-none-eabi/10.3.1/../../../../arm-none-eabi/lib/thumb/v7-m/nofp\libg_nano.a(lib_a-sbrkr.o)
 .ARM.attributes
                0x00000541       0x2d c:/apps/dependence_4_stm32/gcc-arm-none-eabi-10.3-2021.10-win32/gcc-arm-none-eabi-10.3-2021.10/bin/../lib/gcc/arm-none-eabi/10.3.1/../../../../arm-none-eabi/lib/thumb/v7-m/nofp\libg_nano.a(lib_a-assert.o)
 .ARM.attributes
                0x0000056e       0x2d c:/apps/dependence_4_stm32/gcc-arm-none-eabi-10.3-2021.10-win32/gcc-arm-none-eabi-10.3-2021.10/bin/../lib/gcc/arm-none-eabi/10.3.1/../../../../arm-none-eabi/lib/thumb/v7-m/nofp\libg_nano.a(lib_a-fprintf.o)
 .ARM.attributes
                0x0000059b       0x2d c:/apps/dependence_4_stm32/gcc-arm-none-eabi-10.3-2021.10-win32/gcc-arm-none-eabi-10.3-2021.10/bin/../lib/gcc/arm-none-eabi/10.3.1/../../../../arm-none-eabi/lib/thumb/v7-m/nofp\libg_nano.a(lib_a-locale.o)
 .ARM.attributes
                0x000005c8       0x2d c:/apps/dependence_4_stm32/gcc-arm-none-eabi-10.3-2021.10-win32/gcc-arm-none-eabi-10.3-2021.10/bin/../lib/gcc/arm-none-eabi/10.3.1/../../../../arm-none-eabi/lib/thumb/v7-m/nofp\libg_nano.a(lib_a-mbtowc_r.o)
 .ARM.attributes
                0x000005f5       0x2d c:/apps/dependence_4_stm32/gcc-arm-none-eabi-10.3-2021.10-win32/gcc-arm-none-eabi-10.3-2021.10/bin/../lib/gcc/arm-none-eabi/10.3.1/../../../../arm-none-eabi/lib/thumb/v7-m/nofp\libg_nano.a(lib_a-mlock.o)
 .ARM.attributes
                0x00000622       0x2d c:/apps/dependence_4_stm32/gcc-arm-none-eabi-10.3-2021.10-win32/gcc-arm-none-eabi-10.3-2021.10/bin/../lib/gcc/arm-none-eabi/10.3.1/../../../../arm-none-eabi/lib/thumb/v7-m/nofp\libg_nano.a(lib_a-nano-vfprintf.o)
 .ARM.attributes
                0x0000064f       0x2d c:/apps/dependence_4_stm32/gcc-arm-none-eabi-10.3-2021.10-win32/gcc-arm-none-eabi-10.3-2021.10/bin/../lib/gcc/arm-none-eabi/10.3.1/../../../../arm-none-eabi/lib/thumb/v7-m/nofp\libg_nano.a(lib_a-reent.o)
 .ARM.attributes
                0x0000067c       0x2d c:/apps/dependence_4_stm32/gcc-arm-none-eabi-10.3-2021.10-win32/gcc-arm-none-eabi-10.3-2021.10/bin/../lib/gcc/arm-none-eabi/10.3.1/../../../../arm-none-eabi/lib/thumb/v7-m/nofp\libg_nano.a(lib_a-wbuf.o)
 .ARM.attributes
                0x000006a9       0x2d c:/apps/dependence_4_stm32/gcc-arm-none-eabi-10.3-2021.10-win32/gcc-arm-none-eabi-10.3-2021.10/bin/../lib/gcc/arm-none-eabi/10.3.1/../../../../arm-none-eabi/lib/thumb/v7-m/nofp\libg_nano.a(lib_a-wctomb_r.o)
 .ARM.attributes
                0x000006d6       0x2d c:/apps/dependence_4_stm32/gcc-arm-none-eabi-10.3-2021.10-win32/gcc-arm-none-eabi-10.3-2021.10/bin/../lib/gcc/arm-none-eabi/10.3.1/../../../../arm-none-eabi/lib/thumb/v7-m/nofp\libg_nano.a(lib_a-wsetup.o)
 .ARM.attributes
                0x00000703       0x2d c:/apps/dependence_4_stm32/gcc-arm-none-eabi-10.3-2021.10-win32/gcc-arm-none-eabi-10.3-2021.10/bin/../lib/gcc/arm-none-eabi/10.3.1/../../../../arm-none-eabi/lib/thumb/v7-m/nofp\libg_nano.a(lib_a-abort.o)
 .ARM.attributes
                0x00000730       0x2d c:/apps/dependence_4_stm32/gcc-arm-none-eabi-10.3-2021.10-win32/gcc-arm-none-eabi-10.3-2021.10/bin/../lib/gcc/arm-none-eabi/10.3.1/../../../../arm-none-eabi/lib/thumb/v7-m/nofp\libg_nano.a(lib_a-ctype_.o)
 .ARM.attributes
                0x0000075d       0x2d c:/apps/dependence_4_stm32/gcc-arm-none-eabi-10.3-2021.10-win32/gcc-arm-none-eabi-10.3-2021.10/bin/../lib/gcc/arm-none-eabi/10.3.1/../../../../arm-none-eabi/lib/thumb/v7-m/nofp\libg_nano.a(lib_a-fflush.o)
 .ARM.attributes
                0x0000078a       0x2d c:/apps/dependence_4_stm32/gcc-arm-none-eabi-10.3-2021.10-win32/gcc-arm-none-eabi-10.3-2021.10/bin/../lib/gcc/arm-none-eabi/10.3.1/../../../../arm-none-eabi/lib/thumb/v7-m/nofp\libg_nano.a(lib_a-findfp.o)
 .ARM.attributes
                0x000007b7       0x2d c:/apps/dependence_4_stm32/gcc-arm-none-eabi-10.3-2021.10-win32/gcc-arm-none-eabi-10.3-2021.10/bin/../lib/gcc/arm-none-eabi/10.3.1/../../../../arm-none-eabi/lib/thumb/v7-m/nofp\libg_nano.a(lib_a-fwalk.o)
 .ARM.attributes
                0x000007e4       0x2d c:/apps/dependence_4_stm32/gcc-arm-none-eabi-10.3-2021.10-win32/gcc-arm-none-eabi-10.3-2021.10/bin/../lib/gcc/arm-none-eabi/10.3.1/../../../../arm-none-eabi/lib/thumb/v7-m/nofp\libg_nano.a(lib_a-lock.o)
 .ARM.attributes
                0x00000811       0x2d c:/apps/dependence_4_stm32/gcc-arm-none-eabi-10.3-2021.10-win32/gcc-arm-none-eabi-10.3-2021.10/bin/../lib/gcc/arm-none-eabi/10.3.1/../../../../arm-none-eabi/lib/thumb/v7-m/nofp\libg_nano.a(lib_a-makebuf.o)
 .ARM.attributes
                0x0000083e       0x2d c:/apps/dependence_4_stm32/gcc-arm-none-eabi-10.3-2021.10-win32/gcc-arm-none-eabi-10.3-2021.10/bin/../lib/gcc/arm-none-eabi/10.3.1/../../../../arm-none-eabi/lib/thumb/v7-m/nofp\libg_nano.a(lib_a-signal.o)
 .ARM.attributes
                0x0000086b       0x2d c:/apps/dependence_4_stm32/gcc-arm-none-eabi-10.3-2021.10-win32/gcc-arm-none-eabi-10.3-2021.10/bin/../lib/gcc/arm-none-eabi/10.3.1/../../../../arm-none-eabi/lib/thumb/v7-m/nofp\libg_nano.a(lib_a-signalr.o)
 .ARM.attributes
                0x00000898       0x2d c:/apps/dependence_4_stm32/gcc-arm-none-eabi-10.3-2021.10-win32/gcc-arm-none-eabi-10.3-2021.10/bin/../lib/gcc/arm-none-eabi/10.3.1/../../../../arm-none-eabi/lib/thumb/v7-m/nofp\libg_nano.a(lib_a-stdio.o)
 .ARM.attributes
                0x000008c5       0x2d c:/apps/dependence_4_stm32/gcc-arm-none-eabi-10.3-2021.10-win32/gcc-arm-none-eabi-10.3-2021.10/bin/../lib/gcc/arm-none-eabi/10.3.1/../../../../arm-none-eabi/lib/thumb/v7-m/nofp\libg_nano.a(lib_a-writer.o)
 .ARM.attributes
                0x000008f2       0x2d c:/apps/dependence_4_stm32/gcc-arm-none-eabi-10.3-2021.10-win32/gcc-arm-none-eabi-10.3-2021.10/bin/../lib/gcc/arm-none-eabi/10.3.1/../../../../arm-none-eabi/lib/thumb/v7-m/nofp\libg_nano.a(lib_a-closer.o)
 .ARM.attributes
                0x0000091f       0x2d c:/apps/dependence_4_stm32/gcc-arm-none-eabi-10.3-2021.10-win32/gcc-arm-none-eabi-10.3-2021.10/bin/../lib/gcc/arm-none-eabi/10.3.1/../../../../arm-none-eabi/lib/thumb/v7-m/nofp\libg_nano.a(lib_a-fstatr.o)
 .ARM.attributes
                0x0000094c       0x2d c:/apps/dependence_4_stm32/gcc-arm-none-eabi-10.3-2021.10-win32/gcc-arm-none-eabi-10.3-2021.10/bin/../lib/gcc/arm-none-eabi/10.3.1/../../../../arm-none-eabi/lib/thumb/v7-m/nofp\libg_nano.a(lib_a-isattyr.o)
 .ARM.attributes
                0x00000979       0x2d c:/apps/dependence_4_stm32/gcc-arm-none-eabi-10.3-2021.10-win32/gcc-arm-none-eabi-10.3-2021.10/bin/../lib/gcc/arm-none-eabi/10.3.1/../../../../arm-none-eabi/lib/thumb/v7-m/nofp\libg_nano.a(lib_a-lseekr.o)
 .ARM.attributes
                0x000009a6       0x2d c:/apps/dependence_4_stm32/gcc-arm-none-eabi-10.3-2021.10-win32/gcc-arm-none-eabi-10.3-2021.10/bin/../lib/gcc/arm-none-eabi/10.3.1/../../../../arm-none-eabi/lib/thumb/v7-m/nofp\libg_nano.a(lib_a-readr.o)
 .ARM.attributes
                0x000009d3       0x1d c:/apps/dependence_4_stm32/gcc-arm-none-eabi-10.3-2021.10-win32/gcc-arm-none-eabi-10.3-2021.10/bin/../lib/gcc/arm-none-eabi/10.3.1/thumb/v7-m/nofp\libgcc.a(_arm_addsubdf3.o)
 .ARM.attributes
                0x000009f0       0x1d c:/apps/dependence_4_stm32/gcc-arm-none-eabi-10.3-2021.10-win32/gcc-arm-none-eabi-10.3-2021.10/bin/../lib/gcc/arm-none-eabi/10.3.1/thumb/v7-m/nofp\libgcc.a(_arm_muldivdf3.o)
 .ARM.attributes
                0x00000a0d       0x1d c:/apps/dependence_4_stm32/gcc-arm-none-eabi-10.3-2021.10-win32/gcc-arm-none-eabi-10.3-2021.10/bin/../lib/gcc/arm-none-eabi/10.3.1/thumb/v7-m/nofp\libgcc.a(_arm_cmpdf2.o)
 .ARM.attributes
                0x00000a2a       0x1d c:/apps/dependence_4_stm32/gcc-arm-none-eabi-10.3-2021.10-win32/gcc-arm-none-eabi-10.3-2021.10/bin/../lib/gcc/arm-none-eabi/10.3.1/thumb/v7-m/nofp\libgcc.a(_arm_unorddf2.o)
 .ARM.attributes
                0x00000a47       0x1d c:/apps/dependence_4_stm32/gcc-arm-none-eabi-10.3-2021.10-win32/gcc-arm-none-eabi-10.3-2021.10/bin/../lib/gcc/arm-none-eabi/10.3.1/thumb/v7-m/nofp\libgcc.a(_arm_fixdfsi.o)
 .ARM.attributes
                0x00000a64       0x2d c:/apps/dependence_4_stm32/gcc-arm-none-eabi-10.3-2021.10-win32/gcc-arm-none-eabi-10.3-2021.10/bin/../lib/gcc/arm-none-eabi/10.3.1/../../../../arm-none-eabi/lib/thumb/v7-m/nofp\libnosys.a(close.o)
 .ARM.attributes
                0x00000a91       0x2d c:/apps/dependence_4_stm32/gcc-arm-none-eabi-10.3-2021.10-win32/gcc-arm-none-eabi-10.3-2021.10/bin/../lib/gcc/arm-none-eabi/10.3.1/../../../../arm-none-eabi/lib/thumb/v7-m/nofp\libnosys.a(fstat.o)
 .ARM.attributes
                0x00000abe       0x2d c:/apps/dependence_4_stm32/gcc-arm-none-eabi-10.3-2021.10-win32/gcc-arm-none-eabi-10.3-2021.10/bin/../lib/gcc/arm-none-eabi/10.3.1/../../../../arm-none-eabi/lib/thumb/v7-m/nofp\libnosys.a(getpid.o)
 .ARM.attributes
                0x00000aeb       0x2d c:/apps/dependence_4_stm32/gcc-arm-none-eabi-10.3-2021.10-win32/gcc-arm-none-eabi-10.3-2021.10/bin/../lib/gcc/arm-none-eabi/10.3.1/../../../../arm-none-eabi/lib/thumb/v7-m/nofp\libnosys.a(isatty.o)
 .ARM.attributes
                0x00000b18       0x2d c:/apps/dependence_4_stm32/gcc-arm-none-eabi-10.3-2021.10-win32/gcc-arm-none-eabi-10.3-2021.10/bin/../lib/gcc/arm-none-eabi/10.3.1/../../../../arm-none-eabi/lib/thumb/v7-m/nofp\libnosys.a(kill.o)
 .ARM.attributes
                0x00000b45       0x2d c:/apps/dependence_4_stm32/gcc-arm-none-eabi-10.3-2021.10-win32/gcc-arm-none-eabi-10.3-2021.10/bin/../lib/gcc/arm-none-eabi/10.3.1/../../../../arm-none-eabi/lib/thumb/v7-m/nofp\libnosys.a(lseek.o)
 .ARM.attributes
                0x00000b72       0x2d c:/apps/dependence_4_stm32/gcc-arm-none-eabi-10.3-2021.10-win32/gcc-arm-none-eabi-10.3-2021.10/bin/../lib/gcc/arm-none-eabi/10.3.1/../../../../arm-none-eabi/lib/thumb/v7-m/nofp\libnosys.a(read.o)
 .ARM.attributes
                0x00000b9f       0x2d c:/apps/dependence_4_stm32/gcc-arm-none-eabi-10.3-2021.10-win32/gcc-arm-none-eabi-10.3-2021.10/bin/../lib/gcc/arm-none-eabi/10.3.1/../../../../arm-none-eabi/lib/thumb/v7-m/nofp\libnosys.a(sbrk.o)
 .ARM.attributes
                0x00000bcc       0x2d c:/apps/dependence_4_stm32/gcc-arm-none-eabi-10.3-2021.10-win32/gcc-arm-none-eabi-10.3-2021.10/bin/../lib/gcc/arm-none-eabi/10.3.1/../../../../arm-none-eabi/lib/thumb/v7-m/nofp\libnosys.a(write.o)
 .ARM.attributes
                0x00000bf9       0x2d c:/apps/dependence_4_stm32/gcc-arm-none-eabi-10.3-2021.10-win32/gcc-arm-none-eabi-10.3-2021.10/bin/../lib/gcc/arm-none-eabi/10.3.1/../../../../arm-none-eabi/lib/thumb/v7-m/nofp\libnosys.a(_exit.o)
 .ARM.attributes
                0x00000c26       0x1d c:/apps/dependence_4_stm32/gcc-arm-none-eabi-10.3-2021.10-win32/gcc-arm-none-eabi-10.3-2021.10/bin/../lib/gcc/arm-none-eabi/10.3.1/thumb/v7-m/nofp/crtn.o
OUTPUT(CLionSTM32Demo.elf elf32-littlearm)
LOAD linker stubs
LOAD c:/apps/dependence_4_stm32/gcc-arm-none-eabi-10.3-2021.10-win32/gcc-arm-none-eabi-10.3-2021.10/bin/../lib/gcc/arm-none-eabi/10.3.1/../../../../arm-none-eabi/lib/thumb/v7-m/nofp\libc.a
LOAD c:/apps/dependence_4_stm32/gcc-arm-none-eabi-10.3-2021.10-win32/gcc-arm-none-eabi-10.3-2021.10/bin/../lib/gcc/arm-none-eabi/10.3.1/../../../../arm-none-eabi/lib/thumb/v7-m/nofp\libm.a
LOAD c:/apps/dependence_4_stm32/gcc-arm-none-eabi-10.3-2021.10-win32/gcc-arm-none-eabi-10.3-2021.10/bin/../lib/gcc/arm-none-eabi/10.3.1/thumb/v7-m/nofp\libgcc.a

.debug_info     0x00000000     0x7fe8
 .debug_info    0x00000000      0x570 CMakeFiles/CLionSTM32Demo.elf.dir/FreeRTOS/port/GCC/ARM_CM3/port.c.obj
 .debug_info    0x00000570      0x471 CMakeFiles/CLionSTM32Demo.elf.dir/FreeRTOS/port/MemMang/heap_4.c.obj
 .debug_info    0x000009e1      0x2d5 CMakeFiles/CLionSTM32Demo.elf.dir/FreeRTOS/src/list.c.obj
 .debug_info    0x00000cb6     0x1d0f CMakeFiles/CLionSTM32Demo.elf.dir/FreeRTOS/src/queue.c.obj
 .debug_info    0x000029c5     0x25c1 CMakeFiles/CLionSTM32Demo.elf.dir/FreeRTOS/src/tasks.c.obj
 .debug_info    0x00004f86     0x11d0 CMakeFiles/CLionSTM32Demo.elf.dir/FreeRTOS/src/timers.c.obj
 .debug_info    0x00006156      0x91e CMakeFiles/CLionSTM32Demo.elf.dir/STM32F10x_FWLib/src/stm32f10x_gpio.c.obj
 .debug_info    0x00006a74      0x97f CMakeFiles/CLionSTM32Demo.elf.dir/STM32F10x_FWLib/src/stm32f10x_rcc.c.obj
 .debug_info    0x000073f3       0x22 CMakeFiles/CLionSTM32Demo.elf.dir/startup/startup_stm32f103xb.s.obj
 .debug_info    0x00007415      0x191 CMakeFiles/CLionSTM32Demo.elf.dir/user/src/delay.c.obj
 .debug_info    0x000075a6      0x4bc CMakeFiles/CLionSTM32Demo.elf.dir/user/src/main.c.obj
 .debug_info    0x00007a62       0xea CMakeFiles/CLionSTM32Demo.elf.dir/user/src/stm32f10x_it.c.obj
 .debug_info    0x00007b4c      0x49c CMakeFiles/CLionSTM32Demo.elf.dir/user/src/system_stm32f10x.c.obj

.debug_abbrev   0x00000000     0x16a6
 .debug_abbrev  0x00000000      0x27c CMakeFiles/CLionSTM32Demo.elf.dir/FreeRTOS/port/GCC/ARM_CM3/port.c.obj
 .debug_abbrev  0x0000027c      0x238 CMakeFiles/CLionSTM32Demo.elf.dir/FreeRTOS/port/MemMang/heap_4.c.obj
 .debug_abbrev  0x000004b4       0xff CMakeFiles/CLionSTM32Demo.elf.dir/FreeRTOS/src/list.c.obj
 .debug_abbrev  0x000005b3      0x2ce CMakeFiles/CLionSTM32Demo.elf.dir/FreeRTOS/src/queue.c.obj
 .debug_abbrev  0x00000881      0x302 CMakeFiles/CLionSTM32Demo.elf.dir/FreeRTOS/src/tasks.c.obj
 .debug_abbrev  0x00000b83      0x233 CMakeFiles/CLionSTM32Demo.elf.dir/FreeRTOS/src/timers.c.obj
 .debug_abbrev  0x00000db6      0x220 CMakeFiles/CLionSTM32Demo.elf.dir/STM32F10x_FWLib/src/stm32f10x_gpio.c.obj
 .debug_abbrev  0x00000fd6      0x204 CMakeFiles/CLionSTM32Demo.elf.dir/STM32F10x_FWLib/src/stm32f10x_rcc.c.obj
 .debug_abbrev  0x000011da       0x12 CMakeFiles/CLionSTM32Demo.elf.dir/startup/startup_stm32f103xb.s.obj
 .debug_abbrev  0x000011ec       0xe8 CMakeFiles/CLionSTM32Demo.elf.dir/user/src/delay.c.obj
 .debug_abbrev  0x000012d4      0x1d6 CMakeFiles/CLionSTM32Demo.elf.dir/user/src/main.c.obj
 .debug_abbrev  0x000014aa       0x44 CMakeFiles/CLionSTM32Demo.elf.dir/user/src/stm32f10x_it.c.obj
 .debug_abbrev  0x000014ee      0x1b8 CMakeFiles/CLionSTM32Demo.elf.dir/user/src/system_stm32f10x.c.obj

.debug_loc      0x00000000     0x4c8b
 .debug_loc     0x00000000       0xe8 CMakeFiles/CLionSTM32Demo.elf.dir/FreeRTOS/port/GCC/ARM_CM3/port.c.obj
 .debug_loc     0x000000e8      0x331 CMakeFiles/CLionSTM32Demo.elf.dir/FreeRTOS/port/MemMang/heap_4.c.obj
 .debug_loc     0x00000419       0xa0 CMakeFiles/CLionSTM32Demo.elf.dir/FreeRTOS/src/list.c.obj
 .debug_loc     0x000004b9     0x142b CMakeFiles/CLionSTM32Demo.elf.dir/FreeRTOS/src/queue.c.obj
 .debug_loc     0x000018e4     0x1955 CMakeFiles/CLionSTM32Demo.elf.dir/FreeRTOS/src/tasks.c.obj
 .debug_loc     0x00003239      0xbda CMakeFiles/CLionSTM32Demo.elf.dir/FreeRTOS/src/timers.c.obj
 .debug_loc     0x00003e13      0x62c CMakeFiles/CLionSTM32Demo.elf.dir/STM32F10x_FWLib/src/stm32f10x_gpio.c.obj
 .debug_loc     0x0000443f      0x654 CMakeFiles/CLionSTM32Demo.elf.dir/STM32F10x_FWLib/src/stm32f10x_rcc.c.obj
 .debug_loc     0x00004a93       0x9d CMakeFiles/CLionSTM32Demo.elf.dir/user/src/delay.c.obj
 .debug_loc     0x00004b30       0x5c CMakeFiles/CLionSTM32Demo.elf.dir/user/src/main.c.obj
 .debug_loc     0x00004b8c       0xff CMakeFiles/CLionSTM32Demo.elf.dir/user/src/system_stm32f10x.c.obj

.debug_aranges  0x00000000      0x750
 .debug_aranges
                0x00000000       0x78 CMakeFiles/CLionSTM32Demo.elf.dir/FreeRTOS/port/GCC/ARM_CM3/port.c.obj
 .debug_aranges
                0x00000078       0x50 CMakeFiles/CLionSTM32Demo.elf.dir/FreeRTOS/port/MemMang/heap_4.c.obj
 .debug_aranges
                0x000000c8       0x40 CMakeFiles/CLionSTM32Demo.elf.dir/FreeRTOS/src/list.c.obj
 .debug_aranges
                0x00000108      0x118 CMakeFiles/CLionSTM32Demo.elf.dir/FreeRTOS/src/queue.c.obj
 .debug_aranges
                0x00000220      0x1a8 CMakeFiles/CLionSTM32Demo.elf.dir/FreeRTOS/src/tasks.c.obj
 .debug_aranges